// Vitest Snapshot v1, https://vitest.dev/guide/snapshot.html

exports[`MATERIAL_SHAPES > pins three shapes at the grid the app draws on 1`] = `
{
  "diamond": [
    4,
    6,
    8,
    10,
    10,
    12,
    14,
    16,
    18,
    18,
    20,
    20,
    20,
    20,
    18,
    18,
    16,
    14,
    12,
    10,
    10,
    8,
    6,
    4,
  ],
  "heart": [
    0,
    8,
    14,
    18,
    22,
    22,
    24,
    24,
    24,
    22,
    20,
    20,
    18,
    16,
    14,
    12,
    10,
    10,
    8,
    6,
    4,
    2,
    0,
    0,
  ],
  "puffy": [
    0,
    0,
    4,
    10,
    16,
    20,
    20,
    20,
    20,
    22,
    24,
    24,
    24,
    24,
    22,
    20,
    20,
    20,
    20,
    16,
    10,
    4,
    0,
    0,
  ],
}
`;
