// Vitest Snapshot v1, https://vitest.dev/guide/snapshot.html

exports[`setA generator — top-level > matches snapshot for seed 42 1`] = `
{
  "header": "Translates into logic as:",
  "id": 1,
  "logicType": "Syllogistic",
  "name": "Set A",
  "slugs": [
    "syllogistic",
    "translations",
  ],
  "subSets": [
    {
      "description": "Translate everyday English — all, no, some — into syllogistic logic without losing the structure of the claim.",
      "header": "Translates into logic as:",
      "id": 1,
      "logicType": "Basic Translations",
      "name": "Set A",
      "questions": [
        {
          "answer": "",
          "correctId": [
            0,
          ],
          "id": "gen.A.29.0",
          "options": [
            {
              "id": 0,
              "label": "all C is I",
            },
            {
              "hint": "Why did you switch the letters around?",
              "id": 1,
              "label": "all I is C",
            },
            {
              "hint": "‘A is B’ with two capital letters isn’t a wff — start with ‘all,’ ‘no,’ or ‘some.’",
              "id": 2,
              "label": "C is I",
            },
            {
              "hint": "“customers” could describe many persons, and so translates into a capital letter.",
              "id": 3,
              "label": "all c is I",
            },
          ],
          "prompt": "All customers invest.",
        },
        {
          "answer": "",
          "correctId": [
            0,
          ],
          "id": "gen.A.10.1",
          "options": [
            {
              "id": 0,
              "label": "some B is D",
            },
            {
              "hint": "‘A is B’ with two capital letters isn’t a wff — start with ‘all,’ ‘no,’ or ‘some.’",
              "id": 1,
              "label": "B is D",
            },
            {
              "hint": "“jealous biologists” could describe many persons, and so translates into a capital letter.
“dull” could describe many persons, and so translates into a capital letter.",
              "id": 2,
              "label": "some b is d",
            },
            {
              "hint": "Why did you switch the letters around?",
              "id": 3,
              "label": "some D is B",
            },
          ],
          "prompt": "Some jealous biologists are dull.",
        },
        {
          "answer": "",
          "correctId": [
            0,
          ],
          "id": "gen.A.3.2",
          "options": [
            {
              "id": 0,
              "label": "i is p",
            },
            {
              "hint": "“The most energetic plumber” stands for a single person, and so translates into a small letter.",
              "id": 1,
              "label": "i is P",
            },
            {
              "hint": "“I” stands for a single person, and so translates into a small letter.",
              "id": 2,
              "label": "I is p",
            },
            {
              "hint": "“The most energetic plumber” stands for a single person, and so translates into a small letter.",
              "id": 3,
              "label": "I is P",
            },
          ],
          "prompt": "I'm the most energetic plumber in Metropolis.",
        },
        {
          "answer": "",
          "correctId": [
            0,
          ],
          "id": "gen.A.0.3",
          "options": [
            {
              "id": 0,
              "label": "p is R",
            },
            {
              "hint": "“A remarkable person in Dallas” could describe many persons, and so translates into a capital letter.",
              "id": 1,
              "label": "p is r",
            },
            {
              "hint": "“Priya” stands for a single person, and so translates into a small letter.",
              "id": 2,
              "label": "P is R",
            },
            {
              "hint": "“Priya” stands for a single person, and so translates into a small letter.
“A remarkable person in Dallas” could describe many persons, and so translates into a capital letter.",
              "id": 3,
              "label": "P is r",
            },
          ],
          "prompt": "Priya is a remarkable person in Dallas.",
        },
        {
          "answer": "",
          "correctId": [
            0,
          ],
          "id": "gen.A.4.4",
          "options": [
            {
              "id": 0,
              "label": "c is not Q",
            },
            {
              "hint": "“A quiet person” could describe many persons, and so translates into a capital letter.",
              "id": 1,
              "label": "c is not q",
            },
            {
              "hint": "“This carpenter” stands for a single person, and so translates into a small letter.",
              "id": 2,
              "label": "C is not Q",
            },
            {
              "hint": "“A quiet person” could describe many persons, and so translates into a capital letter.",
              "id": 3,
              "label": "C is not q",
            },
          ],
          "prompt": "This carpenter isn't a quiet person.",
        },
        {
          "answer": "",
          "correctId": [
            0,
          ],
          "id": "gen.A.6.5",
          "options": [
            {
              "id": 0,
              "label": "u is not A",
            },
            {
              "hint": "“A fortunate architect” could describe many persons, and so translates into a capital letter.",
              "id": 1,
              "label": "u is not a",
            },
            {
              "hint": "“You” stands for a single person, and so translates into a small letter.",
              "id": 2,
              "label": "U is not A",
            },
            {
              "hint": "“A fortunate architect” could describe many persons, and so translates into a capital letter.",
              "id": 3,
              "label": "U is not a",
            },
          ],
          "prompt": "You aren't a fortunate architect.",
        },
        {
          "answer": "",
          "correctId": [
            0,
          ],
          "id": "gen.A.11.6",
          "options": [
            {
              "id": 0,
              "label": "no F is V",
            },
            {
              "hint": "Never use ‘all A is not B’ — besides not being a wff, it’s ambiguous: it could mean ‘no A is B’ or ‘some A is not B.’",
              "id": 1,
              "label": "all F is not V",
            },
            {
              "hint": "‘A is B’ with two capital letters isn’t a wff — start with ‘all,’ ‘no,’ or ‘some.’",
              "id": 2,
              "label": "F is not V",
            },
            {
              "hint": "The term “witty founder” could describe many persons, and so translates into a capital letter.",
              "id": 3,
              "label": "f is not V",
            },
          ],
          "prompt": "No witty founder is virtuous.",
        },
        {
          "answer": "",
          "correctId": [
            0,
          ],
          "id": "gen.A.8.7",
          "options": [
            {
              "id": 0,
              "label": "all F is B",
            },
            {
              "hint": "Why did you switch the letters around?",
              "id": 1,
              "label": "all B is F",
            },
            {
              "hint": "“fugitives in Harrenhal” could describe many persons, and so translates into a capital letter.",
              "id": 2,
              "label": "all f is B",
            },
            {
              "hint": "‘A is B’ with two capital letters isn’t a wff — start with ‘all,’ ‘no,’ or ‘some.’",
              "id": 3,
              "label": "F is B",
            },
          ],
          "prompt": "All fugitives in Harrenhal bribe people who are awkward.",
        },
        {
          "answer": "",
          "correctId": [
            0,
          ],
          "id": "gen.A.7.8",
          "options": [
            {
              "id": 0,
              "label": "u is not o",
            },
            {
              "hint": "“The most stressed optician” stands for a single person, and so translates into a small letter.",
              "id": 1,
              "label": "u is not O",
            },
            {
              "hint": "“You” stands for a single person, and so translates into a small letter.",
              "id": 2,
              "label": "U is not o",
            },
            {
              "hint": "“The most stressed optician” stands for a single person, and so translates into a small letter.",
              "id": 3,
              "label": "U is not O",
            },
          ],
          "prompt": "You aren't the most stressed optician.",
        },
        {
          "answer": "",
          "correctId": [
            0,
          ],
          "id": "gen.A.29.9",
          "options": [
            {
              "id": 0,
              "label": "all P is L",
            },
            {
              "hint": "Why did you switch the letters around?",
              "id": 1,
              "label": "all L is P",
            },
            {
              "hint": "‘A is B’ with two capital letters isn’t a wff — start with ‘all,’ ‘no,’ or ‘some.’",
              "id": 2,
              "label": "P is L",
            },
            {
              "hint": "“pickpockets” could describe many persons, and so translates into a capital letter.",
              "id": 3,
              "label": "all p is L",
            },
          ],
          "prompt": "All pickpockets listen.",
        },
      ],
      "shuffleOptions": true,
      "slugs": [
        "syllogistic",
        "translations",
        "basic",
      ],
      "title": "Syllogistic Translations: Easy",
    },
    {
      "description": "Tackle the trickier idioms — only, every, and sentences that reorder subject and predicate.",
      "header": "Translates into logic as:",
      "id": 1,
      "logicType": "Syllogistic",
      "name": "Set A",
      "questions": [
        {
          "answer": "",
          "correctId": [
            0,
          ],
          "id": "gen.A.28.0",
          "options": [
            {
              "id": 0,
              "label": "all C is P",
            },
            {
              "hint": "You only switch the parts around with ‘only’ and ‘none but.’",
              "id": 1,
              "label": "all P is C",
            },
            {
              "hint": "This is an ‘all’-sentence.",
              "id": 2,
              "label": "no C is P",
            },
            {
              "hint": "This is an ‘all’-sentence.",
              "id": 3,
              "label": "C is not P",
            },
          ],
          "prompt": "No one is careful without being poor.",
        },
        {
          "answer": "",
          "correctId": [
            0,
          ],
          "id": "gen.A.27.1",
          "options": [
            {
              "id": 0,
              "label": "no F is M",
            },
            {
              "hint": "Never use ‘all A is not B’ — besides not being a wff, it’s ambiguous: it could mean ‘no A is B’ or ‘some A is not B.’",
              "id": 1,
              "label": "all F is not M",
            },
            {
              "hint": "This is a ‘no’-sentence.",
              "id": 2,
              "label": "some F is not M",
            },
            {
              "hint": "‘A is B’ with two capital letters isn’t a wff — start with ‘all,’ ‘no,’ or ‘some.’",
              "id": 3,
              "label": "F is not M",
            },
          ],
          "prompt": "If you're funny, then you aren't miserable.",
        },
        {
          "answer": "",
          "correctId": [
            0,
          ],
          "id": "gen.A.19.2",
          "options": [
            {
              "id": 0,
              "label": "all D is S",
            },
            {
              "hint": "Why did you switch the letters around?",
              "id": 1,
              "label": "S is D",
            },
            {
              "hint": "Logicians take ‘As are Bs’ to mean ‘all A is B.’",
              "id": 2,
              "label": "D is S",
            },
            {
              "hint": "Logicians take ‘As are Bs’ to mean ‘all A is B.’",
              "id": 3,
              "label": "some D is S",
            },
          ],
          "prompt": "Those who are democrats are stressed.",
        },
        {
          "answer": "",
          "correctId": [
            0,
          ],
          "id": "gen.A.1.3",
          "options": [
            {
              "id": 0,
              "label": "l is e",
            },
            {
              "hint": "“The most easygoing one in Sudbury” stands for a single person, and so translates into a small letter.",
              "id": 1,
              "label": "l is E",
            },
            {
              "hint": "“Logan” stands for a single person, and so translates into a small letter.",
              "id": 2,
              "label": "L is e",
            },
            {
              "hint": "“Logan” stands for a single person, and so translates into a small letter.
“The most easygoing one in Sudbury” stands for a single person, and so translates into a small letter.",
              "id": 3,
              "label": "L is E",
            },
          ],
          "prompt": "Logan is the most easygoing one in Sudbury.",
        },
        {
          "answer": "",
          "correctId": [
            0,
          ],
          "id": "gen.A.20.4",
          "options": [
            {
              "id": 0,
              "label": "no W is L",
            },
            {
              "hint": "Logicians take ‘As are not Bs’ to mean ‘no A is B.’",
              "id": 1,
              "label": "all W is not L",
            },
            {
              "hint": "Logicians take ‘As are not Bs’ to mean ‘no A is B.’",
              "id": 2,
              "label": "W is not L",
            },
            {
              "hint": "Logicians take ‘As are not Bs’ to mean ‘no A is B.’",
              "id": 3,
              "label": "some W is not L",
            },
          ],
          "prompt": "Those who are wrestlers aren't likeable.",
        },
        {
          "answer": "",
          "correctId": [
            0,
          ],
          "id": "gen.A.22.5",
          "options": [
            {
              "id": 0,
              "label": "all P is R",
            },
            {
              "hint": "‘Not a single one isn’t’ is the same as ‘Every one is.’",
              "id": 1,
              "label": "not some P is R",
            },
            {
              "hint": "‘Not a single one isn’t’ is the same as ‘Every one is.’",
              "id": 2,
              "label": "some P is R",
            },
            {
              "hint": "‘Not a single one isn’t’ is the same as ‘Every one is.’",
              "id": 3,
              "label": "P is R",
            },
          ],
          "prompt": "It is false that some pilots aren't reliable.",
        },
        {
          "answer": "",
          "correctId": [
            0,
          ],
          "id": "gen.A.13.6",
          "options": [
            {
              "id": 0,
              "label": "all B is W",
            },
            {
              "hint": "You only switch the parts around with ‘only’ and ‘none but.’",
              "id": 1,
              "label": "all W is B",
            },
            {
              "hint": "‘A is B’ with two capital letters isn’t a wff — start with ‘all,’ ‘no,’ or ‘some.’",
              "id": 2,
              "label": "B is W",
            },
            {
              "hint": "You only switch the parts around with ‘only’ and ‘none but.’",
              "id": 3,
              "label": "W is B",
            },
          ],
          "prompt": "Whoever is bitter is witty.",
        },
        {
          "answer": "",
          "correctId": [
            0,
          ],
          "id": "gen.A.32.7",
          "options": [
            {
              "id": 0,
              "label": "some H is not W",
            },
            {
              "hint": "Denying ‘all A is B’ gives ‘some A is not B’ — one exception is enough to refute an ‘all.’",
              "id": 1,
              "label": "no H is W",
            },
            {
              "hint": "Never use ‘all A is not B’ — besides not being a wff, it’s ambiguous: it could mean ‘no A is B’ or ‘some A is not B.’",
              "id": 2,
              "label": "all H is not W",
            },
            {
              "hint": "‘A is B’ with two capital letters isn’t a wff — start with ‘all,’ ‘no,’ or ‘some.’",
              "id": 3,
              "label": "H is not W",
            },
          ],
          "prompt": "Not all heroes wear capes.",
        },
        {
          "answer": "",
          "correctId": [
            0,
          ],
          "id": "gen.A.23.8",
          "options": [
            {
              "id": 0,
              "label": "all L is V",
            },
            {
              "hint": "You have to switch the parts around with ‘only.’ ‘Only men are NFL football players’ doesn’t mean ‘All men are NFL football players.’ Rather it means ‘All NFL football players are men.’ ‘only A is B’ = ‘all B is A.’",
              "id": 1,
              "label": "all V is L",
            },
            {
              "hint": "You have to switch the parts around with ‘only.’ ‘Only men are NFL football players’ doesn’t mean ‘All men are NFL football players.’ Rather it means ‘All NFL football players are men.’ ‘only A is B’ = ‘all B is A.’",
              "id": 2,
              "label": "V is L",
            },
            {
              "hint": "You have to switch the parts around with ‘only.’ ‘Only men are NFL football players’ doesn’t mean ‘All men are NFL football players.’ Rather it means ‘All NFL football players are men.’ ‘only A is B’ = ‘all B is A.’",
              "id": 3,
              "label": "only V is L",
            },
          ],
          "prompt": "Only vicious people are lawyers.",
        },
        {
          "answer": "",
          "correctId": [
            0,
          ],
          "id": "gen.A.18.9",
          "options": [
            {
              "id": 0,
              "label": "all S is A",
            },
            {
              "hint": "Why did you switch the letters around?",
              "id": 1,
              "label": "all A is S",
            },
            {
              "hint": "This is an ‘all’-sentence.",
              "id": 2,
              "label": "no S is A",
            },
            {
              "hint": "This is an ‘all’-sentence.",
              "id": 3,
              "label": "S is not A",
            },
          ],
          "prompt": "A person isn't slow unless they are awkward.",
        },
      ],
      "shuffleOptions": true,
      "slugs": [
        "syllogistic",
        "translations",
        "hard",
      ],
      "title": "Syllogistic Translations: Hard",
    },
  ],
  "title": "Syllogistic Translations: Easy",
}
`;
