// Vitest Snapshot v1, https://vitest.dev/guide/snapshot.html

exports[`setA generator — top-level > matches snapshot for seed 42 1`] = `
{
  "header": "Translates into logic as:",
  "id": 1,
  "logicType": "Syllogistic",
  "name": "Set A",
  "slugs": [
    "syllogistic",
    "translations",
  ],
  "subSets": [
    {
      "header": "Translates into logic as:",
      "id": 1,
      "logicType": "Basic Translations",
      "name": "Set A",
      "questions": [
        {
          "answer": "",
          "correctId": [
            0,
          ],
          "id": "gen.A.11.0",
          "options": [
            {
              "id": 0,
              "label": "no D is N",
            },
            {
              "id": 1,
              "label": "all D is not N",
            },
            {
              "id": 2,
              "label": "D is not N",
            },
            {
              "hint": "The term “clean druggist” could describe many persons, and so translates into a capital letter.",
              "id": 3,
              "label": "d is not N",
            },
          ],
          "prompt": "No clean druggist is notorious.",
        },
        {
          "answer": "",
          "correctId": [
            0,
          ],
          "id": "gen.A.0.1",
          "options": [
            {
              "id": 0,
              "label": "d is T",
            },
            {
              "hint": "“A tall person in London” could describe many persons, and so translates into a capital letter.",
              "id": 1,
              "label": "d is t",
            },
            {
              "hint": "“Donna” stands for a single person, and so translates into a small letter.",
              "id": 2,
              "label": "D is T",
            },
            {
              "hint": "“Donna” stands for a single person, and so translates into a small letter.
“A tall person in London” could describe many persons, and so translates into a capital letter.",
              "id": 3,
              "label": "D is t",
            },
          ],
          "prompt": "Donna is a tall person in London.",
        },
        {
          "answer": "",
          "correctId": [
            0,
          ],
          "id": "gen.A.10.2",
          "options": [
            {
              "id": 0,
              "label": "some D is C",
            },
            {
              "id": 1,
              "label": "D is C",
            },
            {
              "hint": "“careful” could describe many persons, and so translates into a capital letter.",
              "id": 2,
              "label": "D is c",
            },
            {
              "hint": "“careful” could describe many persons, and so translates into a capital letter.",
              "id": 3,
              "label": "some D is c",
            },
          ],
          "prompt": "Some poetic dentists are careful.",
        },
        {
          "answer": "",
          "correctId": [
            0,
          ],
          "id": "gen.A.11.3",
          "options": [
            {
              "id": 0,
              "label": "no P is R",
            },
            {
              "id": 1,
              "label": "all P is not R",
            },
            {
              "id": 2,
              "label": "P is not R",
            },
            {
              "hint": "The term “talented professor” could describe many persons, and so translates into a capital letter.",
              "id": 3,
              "label": "p is not R",
            },
          ],
          "prompt": "No talented professor is remarkable.",
        },
        {
          "answer": "",
          "correctId": [
            0,
          ],
          "id": "gen.A.4.4",
          "options": [
            {
              "id": 0,
              "label": "p is not F",
            },
            {
              "hint": "“A fortunate person” could describe many persons, and so translates into a capital letter.",
              "id": 1,
              "label": "p is not f",
            },
            {
              "id": 2,
              "label": "P is not F",
            },
            {
              "hint": "“A fortunate person” could describe many persons, and so translates into a capital letter.",
              "id": 3,
              "label": "P is not f",
            },
          ],
          "prompt": "This pessimist isn't a fortunate person.",
        },
        {
          "answer": "",
          "correctId": [
            0,
          ],
          "id": "gen.A.11.5",
          "options": [
            {
              "id": 0,
              "label": "no D is C",
            },
            {
              "id": 1,
              "label": "all D is not C",
            },
            {
              "id": 2,
              "label": "D is not C",
            },
            {
              "hint": "The term “romantic diabetic” could describe many persons, and so translates into a capital letter.",
              "id": 3,
              "label": "d is not C",
            },
          ],
          "prompt": "No romantic diabetic is clean.",
        },
        {
          "answer": "",
          "correctId": [
            0,
          ],
          "id": "gen.A.4.6",
          "options": [
            {
              "id": 0,
              "label": "p is not B",
            },
            {
              "hint": "“A boastful person” could describe many persons, and so translates into a capital letter.",
              "id": 1,
              "label": "p is not b",
            },
            {
              "id": 2,
              "label": "P is not B",
            },
            {
              "hint": "“A boastful person” could describe many persons, and so translates into a capital letter.",
              "id": 3,
              "label": "P is not b",
            },
          ],
          "prompt": "This prisoner isn't a boastful person.",
        },
        {
          "answer": "",
          "correctId": [
            0,
          ],
          "id": "gen.A.9.7",
          "options": [
            {
              "id": 0,
              "label": "some N is not H",
            },
            {
              "hint": "You forgot the ‘not.’",
              "id": 1,
              "label": "some N is H",
            },
            {
              "id": 2,
              "label": "N is not H",
            },
            {
              "id": 3,
              "label": "some n is not H",
            },
          ],
          "prompt": "Some novelists don't help any virtuous people.",
        },
        {
          "answer": "",
          "correctId": [
            0,
          ],
          "id": "gen.A.3.8",
          "options": [
            {
              "id": 0,
              "label": "i is j",
            },
            {
              "hint": "“The most sociable judge” stands for a single person, and so translates into a small letter.",
              "id": 1,
              "label": "i is J",
            },
            {
              "id": 2,
              "label": "I is j",
            },
            {
              "hint": "“The most sociable judge” stands for a single person, and so translates into a small letter.",
              "id": 3,
              "label": "I is J",
            },
          ],
          "prompt": "I'm the most sociable judge in Berlin.",
        },
        {
          "answer": "",
          "correctId": [
            0,
          ],
          "id": "gen.A.9.9",
          "options": [
            {
              "id": 0,
              "label": "some S is not I",
            },
            {
              "hint": "You forgot the ‘not.’",
              "id": 1,
              "label": "some S is I",
            },
            {
              "id": 2,
              "label": "S is not I",
            },
            {
              "id": 3,
              "label": "some s is not I",
            },
          ],
          "prompt": "Some senators don't injure any persistent people.",
        },
      ],
      "shuffleOptions": true,
      "slugs": [
        "syllogistic",
        "translations",
        "basic",
      ],
      "title": "Syllogistic Translations: Easy",
    },
    {
      "header": "Translates into logic as:",
      "id": 1,
      "logicType": "Syllogistic",
      "name": "Set A",
      "questions": [
        {
          "answer": "",
          "correctId": [
            0,
          ],
          "id": "gen.A.21.0",
          "options": [
            {
              "id": 0,
              "label": "some S is M",
            },
            {
              "hint": "Why did you switch the letters around?",
              "id": 1,
              "label": "M is S",
            },
            {
              "id": 2,
              "label": "S is M",
            },
            {
              "hint": "Why did you put in the ‘not’?",
              "id": 3,
              "label": "some S is not M",
            },
          ],
          "prompt": "One or more soldiers are mean.",
        },
        {
          "answer": "",
          "correctId": [
            0,
          ],
          "id": "gen.A.20.1",
          "options": [
            {
              "id": 0,
              "label": "no L is C",
            },
            {
              "hint": "Logicians take ‘As are not Bs’ to mean ‘no A is B.’",
              "id": 1,
              "label": "all L is not C",
            },
            {
              "hint": "Logicians take ‘As are not Bs’ to mean ‘no A is B.’",
              "id": 2,
              "label": "L is not C",
            },
            {
              "hint": "Logicians take ‘As are not Bs’ to mean ‘no A is B.’",
              "id": 3,
              "label": "some L is not C",
            },
          ],
          "prompt": "People who are logicians aren't cowardly.",
        },
        {
          "answer": "",
          "correctId": [
            0,
          ],
          "id": "gen.A.17.2",
          "options": [
            {
              "id": 0,
              "label": "no F is C",
            },
            {
              "hint": "‘Not some’ means ‘none.’",
              "id": 1,
              "label": "all F is C",
            },
            {
              "id": 2,
              "label": "F is not C",
            },
            {
              "hint": "‘Not some’ means ‘none.’",
              "id": 3,
              "label": "some F is not C",
            },
          ],
          "prompt": "It isn't true that some fugitives are confused.",
        },
        {
          "answer": "",
          "correctId": [
            0,
          ],
          "id": "gen.A.20.3",
          "options": [
            {
              "id": 0,
              "label": "no D is S",
            },
            {
              "hint": "Logicians take ‘As are not Bs’ to mean ‘no A is B.’",
              "id": 1,
              "label": "all D is not S",
            },
            {
              "hint": "Logicians take ‘As are not Bs’ to mean ‘no A is B.’",
              "id": 2,
              "label": "D is not S",
            },
            {
              "hint": "Logicians take ‘As are not Bs’ to mean ‘no A is B.’",
              "id": 3,
              "label": "some D is not S",
            },
          ],
          "prompt": "People who are druggists aren't slow.",
        },
        {
          "answer": "",
          "correctId": [
            0,
          ],
          "id": "gen.A.22.4",
          "options": [
            {
              "id": 0,
              "label": "all C is L",
            },
            {
              "hint": "‘Not a single one isn’t’ is the same as ‘Every one is.’",
              "id": 1,
              "label": "not some C is L",
            },
            {
              "hint": "‘Not a single one isn’t’ is the same as ‘Every one is.’",
              "id": 2,
              "label": "some C is L",
            },
            {
              "hint": "‘Not a single one isn’t’ is the same as ‘Every one is.’",
              "id": 3,
              "label": "C is L",
            },
          ],
          "prompt": "It is false that some Canadians aren't logical.",
        },
        {
          "answer": "",
          "correctId": [
            0,
          ],
          "id": "gen.A.12.5",
          "options": [
            {
              "id": 0,
              "label": "all P is G",
            },
            {
              "hint": "You have to switch the parts around with ‘none but.’ ‘None but men are NFL football players’ doesn’t mean ‘all men are NFL football players’ — it means ‘all NFL football players are men.’",
              "id": 1,
              "label": "all G is P",
            },
            {
              "hint": "‘Only’ isn’t part of the wff language — translate it as an ‘all’-sentence with the parts switched around.",
              "id": 2,
              "label": "only G is P",
            },
            {
              "id": 3,
              "label": "G is P",
            },
          ],
          "prompt": "None but greedy people are plumbers.",
        },
        {
          "answer": "",
          "correctId": [
            0,
          ],
          "id": "gen.A.17.6",
          "options": [
            {
              "id": 0,
              "label": "no C is F",
            },
            {
              "hint": "‘Not some’ means ‘none.’",
              "id": 1,
              "label": "all C is F",
            },
            {
              "id": 2,
              "label": "C is not F",
            },
            {
              "hint": "‘Not some’ means ‘none.’",
              "id": 3,
              "label": "some C is not F",
            },
          ],
          "prompt": "It isn't true that some customers are frivolous.",
        },
        {
          "answer": "",
          "correctId": [
            0,
          ],
          "id": "gen.A.22.7",
          "options": [
            {
              "id": 0,
              "label": "all C is G",
            },
            {
              "hint": "‘Not a single one isn’t’ is the same as ‘Every one is.’",
              "id": 1,
              "label": "not some C is G",
            },
            {
              "hint": "‘Not a single one isn’t’ is the same as ‘Every one is.’",
              "id": 2,
              "label": "some C is G",
            },
            {
              "hint": "‘Not a single one isn’t’ is the same as ‘Every one is.’",
              "id": 3,
              "label": "C is G",
            },
          ],
          "prompt": "It is false that some carpenters aren't generous.",
        },
        {
          "answer": "",
          "correctId": [
            0,
          ],
          "id": "gen.A.22.8",
          "options": [
            {
              "id": 0,
              "label": "all P is V",
            },
            {
              "hint": "‘Not a single one isn’t’ is the same as ‘Every one is.’",
              "id": 1,
              "label": "not some P is V",
            },
            {
              "hint": "‘Not a single one isn’t’ is the same as ‘Every one is.’",
              "id": 2,
              "label": "some P is V",
            },
            {
              "hint": "‘Not a single one isn’t’ is the same as ‘Every one is.’",
              "id": 3,
              "label": "P is V",
            },
          ],
          "prompt": "It is false that some plumbers aren't virtuous.",
        },
        {
          "answer": "",
          "correctId": [
            0,
          ],
          "id": "gen.A.16.9",
          "options": [
            {
              "id": 0,
              "label": "some L is not C",
            },
            {
              "hint": "You forgot the ‘not.’",
              "id": 1,
              "label": "some L is C",
            },
            {
              "id": 2,
              "label": "L is not C",
            },
            {
              "hint": "People often get this one wrong.",
              "id": 3,
              "label": "all L is not C",
            },
          ],
          "prompt": "Not all librarians are careful.",
        },
      ],
      "shuffleOptions": true,
      "slugs": [
        "syllogistic",
        "translations",
        "hard",
      ],
      "title": "Syllogistic Translations: Hard",
    },
  ],
  "title": "Syllogistic Translations: Easy",
}
`;
