// Vitest Snapshot v1, https://vitest.dev/guide/snapshot.html

exports[`setA generator — top-level > matches snapshot for seed 42 1`] = `
{
  "header": "Translates into logic as:",
  "id": 1,
  "logicType": "Syllogistic",
  "name": "Set A",
  "slugs": [
    "syllogistic",
    "translations",
  ],
  "subSets": [
    {
      "description": "Translate everyday English — all, no, some — into syllogistic logic without losing the structure of the claim.",
      "header": "Translates into logic as:",
      "id": 1,
      "logicType": "Basic Translations",
      "name": "Set A",
      "questions": [
        {
          "answer": "",
          "correctId": [
            0,
          ],
          "id": "gen.A.29.0",
          "options": [
            {
              "id": 0,
              "label": "all C is I",
            },
            {
              "hint": "Why did you switch the letters around?",
              "id": 1,
              "label": "all I is C",
            },
            {
              "hint": "‘A is B’ with two capital letters isn’t a wff — start with ‘all,’ ‘no,’ or ‘some.’",
              "id": 2,
              "label": "C is I",
            },
            {
              "hint": "“customers” could describe many persons, and so translates into a capital letter.",
              "id": 3,
              "label": "all c is I",
            },
          ],
          "prompt": "All customers invest.",
        },
        {
          "answer": "",
          "correctId": [
            0,
          ],
          "id": "gen.A.10.1",
          "options": [
            {
              "id": 0,
              "label": "some B is D",
            },
            {
              "hint": "‘A is B’ with two capital letters isn’t a wff — start with ‘all,’ ‘no,’ or ‘some.’",
              "id": 1,
              "label": "B is D",
            },
            {
              "hint": "“dull” could describe many persons, and so translates into a capital letter.",
              "id": 2,
              "label": "B is d",
            },
            {
              "hint": "“dull” could describe many persons, and so translates into a capital letter.",
              "id": 3,
              "label": "some B is d",
            },
          ],
          "prompt": "Some jealous biologists are dull.",
        },
        {
          "answer": "",
          "correctId": [
            0,
          ],
          "id": "gen.A.2.2",
          "options": [
            {
              "id": 0,
              "label": "i is P",
            },
            {
              "hint": "“An energetic plumber” could describe many persons, and so translates into a capital letter.",
              "id": 1,
              "label": "i is p",
            },
            {
              "hint": "“I” stands for a single person, and so translates into a small letter.",
              "id": 2,
              "label": "I is P",
            },
            {
              "hint": "“An energetic plumber” could describe many persons, and so translates into a capital letter.",
              "id": 3,
              "label": "I is p",
            },
          ],
          "prompt": "I'm an energetic plumber in Metropolis.",
        },
        {
          "answer": "",
          "correctId": [
            0,
          ],
          "id": "gen.A.0.3",
          "options": [
            {
              "id": 0,
              "label": "p is R",
            },
            {
              "hint": "“A remarkable person in Dallas” could describe many persons, and so translates into a capital letter.",
              "id": 1,
              "label": "p is r",
            },
            {
              "hint": "“Priya” stands for a single person, and so translates into a small letter.",
              "id": 2,
              "label": "P is R",
            },
            {
              "hint": "“Priya” stands for a single person, and so translates into a small letter.
“A remarkable person in Dallas” could describe many persons, and so translates into a capital letter.",
              "id": 3,
              "label": "P is r",
            },
          ],
          "prompt": "Priya is a remarkable person in Dallas.",
        },
        {
          "answer": "",
          "correctId": [
            0,
          ],
          "id": "gen.A.9.4",
          "options": [
            {
              "id": 0,
              "label": "some G is not S",
            },
            {
              "hint": "You forgot the ‘not.’",
              "id": 1,
              "label": "some G is S",
            },
            {
              "hint": "‘A is B’ with two capital letters isn’t a wff — start with ‘all,’ ‘no,’ or ‘some.’",
              "id": 2,
              "label": "G is not S",
            },
            {
              "hint": "“gamers” could describe many persons, and so translates into a capital letter.",
              "id": 3,
              "label": "some g is not S",
            },
          ],
          "prompt": "Some gamers don't support any prosperous people.",
        },
        {
          "answer": "",
          "correctId": [
            0,
          ],
          "id": "gen.A.5.5",
          "options": [
            {
              "id": 0,
              "label": "a is not f",
            },
            {
              "hint": "“The most fortunate person” stands for a single person, and so translates into a small letter.",
              "id": 1,
              "label": "a is not F",
            },
            {
              "hint": "“This architect” stands for a single person, and so translates into a small letter.",
              "id": 2,
              "label": "A is not f",
            },
            {
              "hint": "“The most fortunate person” stands for a single person, and so translates into a small letter.",
              "id": 3,
              "label": "A is not F",
            },
          ],
          "prompt": "This architect isn't the most fortunate person.",
        },
        {
          "answer": "",
          "correctId": [
            0,
          ],
          "id": "gen.A.11.6",
          "options": [
            {
              "id": 0,
              "label": "no F is V",
            },
            {
              "hint": "Never use ‘all A is not B’ — besides not being a wff, it’s ambiguous: it could mean ‘no A is B’ or ‘some A is not B.’",
              "id": 1,
              "label": "all F is not V",
            },
            {
              "hint": "‘A is B’ with two capital letters isn’t a wff — start with ‘all,’ ‘no,’ or ‘some.’",
              "id": 2,
              "label": "F is not V",
            },
            {
              "hint": "The term “witty founder” could describe many persons, and so translates into a capital letter.",
              "id": 3,
              "label": "f is not V",
            },
          ],
          "prompt": "No witty founder is virtuous.",
        },
        {
          "answer": "",
          "correctId": [
            0,
          ],
          "id": "gen.A.3.7",
          "options": [
            {
              "id": 0,
              "label": "i is t",
            },
            {
              "hint": "“The most gentle teacher” stands for a single person, and so translates into a small letter.",
              "id": 1,
              "label": "i is T",
            },
            {
              "hint": "“I” stands for a single person, and so translates into a small letter.",
              "id": 2,
              "label": "I is t",
            },
            {
              "hint": "“The most gentle teacher” stands for a single person, and so translates into a small letter.",
              "id": 3,
              "label": "I is T",
            },
          ],
          "prompt": "I'm the most gentle teacher in Berlin.",
        },
        {
          "answer": "",
          "correctId": [
            0,
          ],
          "id": "gen.A.7.8",
          "options": [
            {
              "id": 0,
              "label": "u is not o",
            },
            {
              "hint": "“The most stressed optician” stands for a single person, and so translates into a small letter.",
              "id": 1,
              "label": "u is not O",
            },
            {
              "hint": "“You” stands for a single person, and so translates into a small letter.",
              "id": 2,
              "label": "U is not o",
            },
            {
              "hint": "“The most stressed optician” stands for a single person, and so translates into a small letter.",
              "id": 3,
              "label": "U is not O",
            },
          ],
          "prompt": "You aren't the most stressed optician.",
        },
        {
          "answer": "",
          "correctId": [
            0,
          ],
          "id": "gen.A.29.9",
          "options": [
            {
              "id": 0,
              "label": "all P is L",
            },
            {
              "hint": "Why did you switch the letters around?",
              "id": 1,
              "label": "all L is P",
            },
            {
              "hint": "‘A is B’ with two capital letters isn’t a wff — start with ‘all,’ ‘no,’ or ‘some.’",
              "id": 2,
              "label": "P is L",
            },
            {
              "hint": "“pickpockets” could describe many persons, and so translates into a capital letter.",
              "id": 3,
              "label": "all p is L",
            },
          ],
          "prompt": "All pickpockets listen.",
        },
      ],
      "shuffleOptions": true,
      "slugs": [
        "syllogistic",
        "translations",
        "basic",
      ],
      "title": "Syllogistic Translations: Easy",
    },
    {
      "description": "Tackle the trickier idioms — only, every, and sentences that reorder subject and predicate.",
      "header": "Translates into logic as:",
      "id": 1,
      "logicType": "Syllogistic",
      "name": "Set A",
      "questions": [
        {
          "answer": "",
          "correctId": [
            0,
          ],
          "id": "gen.A.28.0",
          "options": [
            {
              "id": 0,
              "label": "all C is P",
            },
            {
              "hint": "You only switch the parts around with ‘only’ and ‘none but.’",
              "id": 1,
              "label": "all P is C",
            },
            {
              "hint": "This is an ‘all’-sentence.",
              "id": 2,
              "label": "no C is P",
            },
            {
              "hint": "This is an ‘all’-sentence.",
              "id": 3,
              "label": "C is not P",
            },
          ],
          "prompt": "No one is careful without being poor.",
        },
        {
          "answer": "",
          "correctId": [
            0,
          ],
          "id": "gen.A.24.1",
          "options": [
            {
              "id": 0,
              "label": "some S is not D",
            },
            {
              "hint": "You forgot the ‘It’s false that.’",
              "id": 1,
              "label": "all S is D",
            },
            {
              "hint": "Denying ‘all A is B’ gives ‘some A is not B’ — one exception is enough to refute an ‘all.’",
              "id": 2,
              "label": "no S is D",
            },
            {
              "hint": "‘A is B’ with two capital letters isn’t a wff — start with ‘all,’ ‘no,’ or ‘some.’",
              "id": 3,
              "label": "S is not D",
            },
          ],
          "prompt": "It's false that all scholars are disgusting.",
        },
        {
          "answer": "",
          "correctId": [
            0,
          ],
          "id": "gen.A.20.2",
          "options": [
            {
              "id": 0,
              "label": "no D is S",
            },
            {
              "hint": "Logicians take ‘As are not Bs’ to mean ‘no A is B.’",
              "id": 1,
              "label": "all D is not S",
            },
            {
              "hint": "Logicians take ‘As are not Bs’ to mean ‘no A is B.’",
              "id": 2,
              "label": "D is not S",
            },
            {
              "hint": "Logicians take ‘As are not Bs’ to mean ‘no A is B.’",
              "id": 3,
              "label": "some D is not S",
            },
          ],
          "prompt": "People who are democrats aren't stressed.",
        },
        {
          "answer": "",
          "correctId": [
            0,
          ],
          "id": "gen.A.13.3",
          "options": [
            {
              "id": 0,
              "label": "all S is E",
            },
            {
              "hint": "You only switch the parts around with ‘only’ and ‘none but.’",
              "id": 1,
              "label": "all E is S",
            },
            {
              "hint": "‘A is B’ with two capital letters isn’t a wff — start with ‘all,’ ‘no,’ or ‘some.’",
              "id": 2,
              "label": "S is E",
            },
            {
              "hint": "You only switch the parts around with ‘only’ and ‘none but.’",
              "id": 3,
              "label": "E is S",
            },
          ],
          "prompt": "Whoever is stubborn is easygoing.",
        },
        {
          "answer": "",
          "correctId": [
            0,
          ],
          "id": "gen.A.21.4",
          "options": [
            {
              "id": 0,
              "label": "some W is L",
            },
            {
              "hint": "Why did you switch the letters around?",
              "id": 1,
              "label": "L is W",
            },
            {
              "hint": "‘A is B’ with two capital letters isn’t a wff — start with ‘all,’ ‘no,’ or ‘some.’",
              "id": 2,
              "label": "W is L",
            },
            {
              "hint": "Why did you put in the ‘not’?",
              "id": 3,
              "label": "some W is not L",
            },
          ],
          "prompt": "At least some wrestlers are likeable.",
        },
        {
          "answer": "",
          "correctId": [
            0,
          ],
          "id": "gen.A.22.5",
          "options": [
            {
              "id": 0,
              "label": "all P is R",
            },
            {
              "hint": "‘Not a single one isn’t’ is the same as ‘Every one is.’",
              "id": 1,
              "label": "not some P is R",
            },
            {
              "hint": "‘Not a single one isn’t’ is the same as ‘Every one is.’",
              "id": 2,
              "label": "some P is R",
            },
            {
              "hint": "‘Not a single one isn’t’ is the same as ‘Every one is.’",
              "id": 3,
              "label": "P is R",
            },
          ],
          "prompt": "It is false that some pilots aren't reliable.",
        },
        {
          "answer": "",
          "correctId": [
            0,
          ],
          "id": "gen.A.14.6",
          "options": [
            {
              "id": 0,
              "label": "no B is W",
            },
            {
              "hint": "Never use ‘all A is not B’ — besides not being a wff, it’s ambiguous: it could mean ‘no A is B’ or ‘some A is not B.’",
              "id": 1,
              "label": "all B is not W",
            },
            {
              "hint": "‘A is B’ with two capital letters isn’t a wff — start with ‘all,’ ‘no,’ or ‘some.’",
              "id": 2,
              "label": "B is not W",
            },
            {
              "hint": "You only switch the parts around with ‘only’ and ‘none but.’",
              "id": 3,
              "label": "all W is not B",
            },
          ],
          "prompt": "Whoever is bitter isn't witty.",
        },
        {
          "answer": "",
          "correctId": [
            0,
          ],
          "id": "gen.A.32.7",
          "options": [
            {
              "id": 0,
              "label": "some H is not W",
            },
            {
              "hint": "Denying ‘all A is B’ gives ‘some A is not B’ — one exception is enough to refute an ‘all.’",
              "id": 1,
              "label": "no H is W",
            },
            {
              "hint": "Never use ‘all A is not B’ — besides not being a wff, it’s ambiguous: it could mean ‘no A is B’ or ‘some A is not B.’",
              "id": 2,
              "label": "all H is not W",
            },
            {
              "hint": "‘A is B’ with two capital letters isn’t a wff — start with ‘all,’ ‘no,’ or ‘some.’",
              "id": 3,
              "label": "H is not W",
            },
          ],
          "prompt": "Not all heroes wear capes.",
        },
        {
          "answer": "",
          "correctId": [
            0,
          ],
          "id": "gen.A.18.8",
          "options": [
            {
              "id": 0,
              "label": "all V is B",
            },
            {
              "hint": "Why did you switch the letters around?",
              "id": 1,
              "label": "all B is V",
            },
            {
              "hint": "This is an ‘all’-sentence.",
              "id": 2,
              "label": "no V is B",
            },
            {
              "hint": "This is an ‘all’-sentence.",
              "id": 3,
              "label": "V is not B",
            },
          ],
          "prompt": "A person isn't vicious unless they are beautiful.",
        },
        {
          "answer": "",
          "correctId": [
            0,
          ],
          "id": "gen.A.19.9",
          "options": [
            {
              "id": 0,
              "label": "all L is S",
            },
            {
              "hint": "Why did you switch the letters around?",
              "id": 1,
              "label": "S is L",
            },
            {
              "hint": "Logicians take ‘As are Bs’ to mean ‘all A is B.’",
              "id": 2,
              "label": "L is S",
            },
            {
              "hint": "Logicians take ‘As are Bs’ to mean ‘all A is B.’",
              "id": 3,
              "label": "some L is S",
            },
          ],
          "prompt": "Each librarian is slow.",
        },
      ],
      "shuffleOptions": true,
      "slugs": [
        "syllogistic",
        "translations",
        "hard",
      ],
      "title": "Syllogistic Translations: Hard",
    },
  ],
  "title": "Syllogistic Translations: Easy",
}
`;
