// Vitest Snapshot v1, https://vitest.dev/guide/snapshot.html

exports[`setC generator — top-level > matches snapshot for seed 42 1`] = `
{
  "header": "Translates into logic as:",
  "id": 6,
  "logicType": "Propositional Translations",
  "name": "Set C",
  "slugs": [
    "propositional",
    "translations",
  ],
  "subSets": [
    {
      "header": "Translates into logic as:",
      "id": 6,
      "logicType": "Propositional Translations",
      "name": "Set C",
      "questions": [
        {
          "answer": "",
          "correctId": [
            0,
          ],
          "id": "gen.C.20.0",
          "options": [
            {
              "id": 0,
              "label": "$ ((T \\supset  F) \\vee  W) $",
            },
            {
              "hint": "The comma indicates that the parts on either side glob together as units.",
              "id": 1,
              "label": "$ T \\supset  F \\vee  W $",
            },
            {
              "hint": "The comma indicates that the parts on either side glob together as units.",
              "id": 2,
              "label": "$ (T \\supset  (F \\vee  W)) $",
            },
            {
              "hint": "The comma indicates that the parts on either side glob together as units.",
              "id": 3,
              "label": "$ (T \\supset  F) \\vee  W $",
            },
          ],
          "prompt": "If you're talented then you're famous, or you're wild.",
        },
        {
          "answer": "",
          "correctId": [
            0,
          ],
          "id": "gen.C.15.1",
          "options": [
            {
              "id": 0,
              "label": "$ (T \\cdot  (W \\vee  P)) $",
            },
            {
              "hint": "The comma indicates that the parts on either side glob together as units.",
              "id": 1,
              "label": "$ T \\cdot  W \\vee  P $",
            },
            {
              "hint": "The comma indicates that the parts on either side glob together as units.",
              "id": 2,
              "label": "$ (T \\cdot  W) \\vee  P $",
            },
            {
              "hint": "The comma indicates that the parts on either side glob together as units.",
              "id": 3,
              "label": "$ ((T \\cdot  W) \\vee  P) $",
            },
          ],
          "prompt": "You're tall, and wild or poetic.",
        },
        {
          "answer": "",
          "correctId": [
            0,
          ],
          "id": "gen.C.5.2",
          "options": [
            {
              "id": 0,
              "label": "$ \\sim (L \\supset  R) $",
            },
            {
              "hint": "‘If’ translates into ‘(’; so ‘not if’ translates into ‘∼(’.",
              "id": 1,
              "label": "$ (\\sim L \\supset  \\sim R) $",
            },
            {
              "hint": "‘If’ translates into ‘(’; so ‘not if’ translates into ‘∼(’.
Why did you put in an extra ‘∼’?",
              "id": 2,
              "label": "$ (\\sim L \\supset  R) $",
            },
            {
              "hint": "‘If’ translates into ‘(’; so ‘not if’ translates into ‘∼(’.",
              "id": 3,
              "label": "$ \\sim L \\supset  R $",
            },
          ],
          "prompt": "It's false that if you're logical then you're romantic.",
        },
        {
          "answer": "",
          "correctId": [
            0,
          ],
          "id": "gen.C.9.3",
          "options": [
            {
              "id": 0,
              "label": "$ (\\sim S \\vee  \\sim F) $",
            },
            {
              "hint": "‘Either’ translates into ‘(’; so ‘either not’ translates into ‘(∼’.
You forgot the second ‘∼’!",
              "id": 1,
              "label": "$ (\\sim S \\vee  F) $",
            },
            {
              "hint": "‘Either’ translates into ‘(’; so ‘either not’ translates into ‘(∼’.
Why did you put in an extra ‘∼’?",
              "id": 2,
              "label": "$ \\sim (S \\vee  \\sim F) $",
            },
            {
              "hint": "‘Either’ translates into ‘(’; so ‘either not’ translates into ‘(∼’.",
              "id": 3,
              "label": "$ \\sim S \\vee  \\sim F $",
            },
          ],
          "prompt": "Either not S or not F.",
        },
        {
          "answer": "",
          "correctId": [
            0,
          ],
          "id": "gen.C.14.4",
          "options": [
            {
              "id": 0,
              "label": "$ ((R \\cdot  T) \\vee  W) $",
            },
            {
              "hint": "The comma indicates that the parts on either side glob together as units.",
              "id": 1,
              "label": "$ R \\cdot  T \\vee  W $",
            },
            {
              "hint": "The comma indicates that the parts on either side glob together as units.",
              "id": 2,
              "label": "$ (R \\cdot  (T \\vee  W)) $",
            },
            {
              "hint": "The comma indicates that the parts on either side glob together as units.",
              "id": 3,
              "label": "$ (R \\cdot  T) \\vee  W $",
            },
          ],
          "prompt": "R and T, or W.",
        },
        {
          "answer": "",
          "correctId": [
            0,
          ],
          "id": "gen.C.8.5",
          "options": [
            {
              "id": 0,
              "label": "$ \\sim (\\sim H \\vee  B) $",
            },
            {
              "hint": "‘Either’ translates into ‘(’; so ‘not either not’ translates into ‘∼(∼’.
The ‘(’ keeps the negations from canceling out.",
              "id": 1,
              "label": "$ H \\vee  B $",
            },
            {
              "hint": "‘Either’ translates into ‘(’; so ‘not either not’ translates into ‘∼(∼’.
The ‘(’ keeps the negations from canceling out.",
              "id": 2,
              "label": "$ (H \\vee  B) $",
            },
            {
              "hint": "‘Either’ translates into ‘(’; so ‘not either not’ translates into ‘∼(∼’.
The ‘(’ keeps the negations from canceling out.",
              "id": 3,
              "label": "$ \\sim \\sim H \\vee  B $",
            },
          ],
          "prompt": "Not either not H or B.",
        },
        {
          "answer": "",
          "correctId": [
            0,
          ],
          "id": "gen.C.14.6",
          "options": [
            {
              "id": 0,
              "label": "$ ((H \\cdot  V) \\vee  B) $",
            },
            {
              "hint": "The comma indicates that the parts on either side glob together as units.",
              "id": 1,
              "label": "$ H \\cdot  V \\vee  B $",
            },
            {
              "hint": "The comma indicates that the parts on either side glob together as units.",
              "id": 2,
              "label": "$ (H \\cdot  (V \\vee  B)) $",
            },
            {
              "hint": "The comma indicates that the parts on either side glob together as units.",
              "id": 3,
              "label": "$ (H \\cdot  V) \\vee  B $",
            },
          ],
          "prompt": "H and V, or B.",
        },
        {
          "answer": "",
          "correctId": [
            0,
          ],
          "id": "gen.C.4.7",
          "options": [
            {
              "id": 0,
              "label": "$ (\\sim C \\supset  H) $",
            },
            {
              "hint": "‘If’ translates into ‘(’; so ‘if not’ translates into ‘(∼’.
You forgot the second ‘∼’!",
              "id": 1,
              "label": "$ (\\sim C \\supset  \\sim H) $",
            },
            {
              "hint": "‘If’ translates into ‘(’; so ‘if not’ translates into ‘(∼’.
Why did you put in an extra ‘∼’?",
              "id": 2,
              "label": "$ \\sim (C \\supset  H) $",
            },
            {
              "hint": "‘If’ translates into ‘(’; so ‘if not’ translates into ‘(∼’.",
              "id": 3,
              "label": "$ \\sim C \\supset  H $",
            },
          ],
          "prompt": "If not C then H.",
        },
        {
          "answer": "",
          "correctId": [
            0,
          ],
          "id": "gen.C.10.8",
          "options": [
            {
              "id": 0,
              "label": "$ (\\sim P \\supset  \\sim G) $",
            },
            {
              "hint": "‘If’ translates into ‘(’; so ‘if not’ translates into ‘(∼’.
You forgot the second ‘∼’!",
              "id": 1,
              "label": "$ (\\sim P \\supset  G) $",
            },
            {
              "hint": "‘If’ translates into ‘(’; so ‘if not’ translates into ‘(∼’.
Why did you put in an extra ‘∼’?",
              "id": 2,
              "label": "$ \\sim (P \\supset  \\sim G) $",
            },
            {
              "hint": "‘If’ translates into ‘(’; so ‘if not’ translates into ‘(∼’.",
              "id": 3,
              "label": "$ \\sim P \\supset  \\sim G $",
            },
          ],
          "prompt": "If not P then not G.",
        },
        {
          "answer": "",
          "correctId": [
            0,
          ],
          "id": "gen.C.20.9",
          "options": [
            {
              "id": 0,
              "label": "$ ((C \\supset  F) \\vee  V) $",
            },
            {
              "hint": "The comma indicates that the parts on either side glob together as units.",
              "id": 1,
              "label": "$ C \\supset  F \\vee  V $",
            },
            {
              "hint": "The comma indicates that the parts on either side glob together as units.",
              "id": 2,
              "label": "$ (C \\supset  (F \\vee  V)) $",
            },
            {
              "hint": "The comma indicates that the parts on either side glob together as units.",
              "id": 3,
              "label": "$ (C \\supset  F) \\vee  V $",
            },
          ],
          "prompt": "If you're childish then you're frantic, or you're vicious.",
        },
      ],
      "shuffleOptions": true,
      "slugs": [
        "propositional",
        "translations",
      ],
      "title": "Propositional Translations: Easy",
    },
    {
      "header": "Translates into logic as:",
      "id": 6,
      "isNew": true,
      "logicType": "Propositional Translations",
      "name": "Set C",
      "questions": [
        {
          "answer": "",
          "correctId": [
            0,
          ],
          "id": "gen.C.31.0",
          "options": [
            {
              "id": 0,
              "label": "$ (D \\equiv  R) $",
            },
            {
              "hint": "‘Necessary and sufficient’ means ‘if and only if.’",
              "id": 1,
              "label": "$ (D \\supset  R) $",
            },
            {
              "hint": "‘Necessary and sufficient’ means ‘if and only if.’",
              "id": 2,
              "label": "$ (R \\supset  D) $",
            },
            {
              "hint": "‘Necessary and sufficient’ means ‘if and only if.’",
              "id": 3,
              "label": "$ D \\equiv  R $",
            },
          ],
          "prompt": "D is necessary and sufficient for R.",
        },
        {
          "answer": "",
          "correctId": [
            0,
          ],
          "id": "gen.C.29.1",
          "options": [
            {
              "id": 0,
              "label": "$ (D \\supset  N) $",
            },
            {
              "hint": "The part after ‘provided that’ is the antecedent (the if-part, the part before the horseshoe).",
              "id": 1,
              "label": "$ (N \\supset  D) $",
            },
            {
              "hint": "The part after ‘provided that’ is the antecedent (the if-part, the part before the horseshoe).
‘Provided that’ is NOT an ‘if and only if.’",
              "id": 2,
              "label": "$ (N \\equiv  D) $",
            },
            {
              "hint": "The part after ‘provided that’ is the antecedent (the if-part, the part before the horseshoe).",
              "id": 3,
              "label": "$ D \\supset  N $",
            },
          ],
          "prompt": "You're notorious provided that you're dishonest.",
        },
        {
          "answer": "",
          "correctId": [
            0,
          ],
          "id": "gen.C.28.2",
          "options": [
            {
              "id": 0,
              "label": "$ (T \\equiv  G) $",
            },
            {
              "hint": "‘Iff’ means ‘if and only if.’",
              "id": 1,
              "label": "$ (T \\supset  G) $",
            },
            {
              "hint": "‘Iff’ means ‘if and only if.’",
              "id": 2,
              "label": "$ (G \\supset  T) $",
            },
            {
              "hint": "‘Iff’ means ‘if and only if.’",
              "id": 3,
              "label": "$ T \\equiv  G $",
            },
          ],
          "prompt": "You're talented iff you're gloomy.",
        },
        {
          "answer": "",
          "correctId": [
            0,
          ],
          "id": "gen.C.33.3",
          "options": [
            {
              "id": 0,
              "label": "$ (L \\supset  S) $",
            },
            {
              "hint": "‘Sufficient for’ is just an ‘if-then.’
‘Sufficient for’ is NOT an ‘if and only if.’",
              "id": 1,
              "label": "$ (L \\equiv  S) $",
            },
            {
              "hint": "‘Sufficient for’ is just an ‘if-then.’",
              "id": 2,
              "label": "$ (\\sim L \\supset  \\sim S) $",
            },
            {
              "hint": "‘Sufficient for’ is just an ‘if-then.’",
              "id": 3,
              "label": "$ L \\supset  S $",
            },
          ],
          "prompt": "Being likeable is sufficient for you to be slow.",
        },
        {
          "answer": "",
          "correctId": [
            0,
          ],
          "id": "gen.C.29.4",
          "options": [
            {
              "id": 0,
              "label": "$ (F \\supset  D) $",
            },
            {
              "hint": "The part after ‘provided that’ is the antecedent (the if-part, the part before the horseshoe).",
              "id": 1,
              "label": "$ (D \\supset  F) $",
            },
            {
              "hint": "The part after ‘provided that’ is the antecedent (the if-part, the part before the horseshoe).
‘Provided that’ is NOT an ‘if and only if.’",
              "id": 2,
              "label": "$ (D \\equiv  F) $",
            },
            {
              "hint": "The part after ‘provided that’ is the antecedent (the if-part, the part before the horseshoe).",
              "id": 3,
              "label": "$ F \\supset  D $",
            },
          ],
          "prompt": "You're dishonest provided that you're faithful.",
        },
        {
          "answer": "",
          "correctId": [
            0,
          ],
          "id": "gen.C.33.5",
          "options": [
            {
              "id": 0,
              "label": "$ (D \\supset  C) $",
            },
            {
              "hint": "‘Sufficient for’ is just an ‘if-then.’
‘Sufficient for’ is NOT an ‘if and only if.’",
              "id": 1,
              "label": "$ (D \\equiv  C) $",
            },
            {
              "hint": "‘Sufficient for’ is just an ‘if-then.’",
              "id": 2,
              "label": "$ (\\sim D \\supset  \\sim C) $",
            },
            {
              "hint": "‘Sufficient for’ is just an ‘if-then.’",
              "id": 3,
              "label": "$ D \\supset  C $",
            },
          ],
          "prompt": "D is sufficient for C.",
        },
        {
          "answer": "",
          "correctId": [
            0,
          ],
          "id": "gen.C.26.6",
          "options": [
            {
              "id": 0,
              "label": "$ (V \\cdot  C) $",
            },
            {
              "hint": "‘But’ means ‘and.’
Get rid of the ‘∼’!",
              "id": 1,
              "label": "$ (V \\cdot  \\sim C) $",
            },
            {
              "hint": "‘But’ means ‘and.’",
              "id": 2,
              "label": "$ V \\cdot  C $",
            },
            {
              "hint": "‘But’ means ‘and.’
Get rid of the ‘∼’!",
              "id": 3,
              "label": "$ V \\cdot  \\sim C $",
            },
          ],
          "prompt": "V but C.",
        },
        {
          "answer": "",
          "correctId": [
            0,
          ],
          "id": "gen.C.24.7",
          "options": [
            {
              "id": 0,
              "label": "$ (P \\vee  T) $",
            },
            {
              "hint": "‘Unless’ means ‘or.’",
              "id": 1,
              "label": "$ (P \\equiv  T) $",
            },
            {
              "hint": "‘Unless’ means ‘or.’",
              "id": 2,
              "label": "$ (P \\supset  \\sim T) $",
            },
            {
              "hint": "‘Unless’ means ‘or.’",
              "id": 3,
              "label": "$ P \\equiv  T $",
            },
          ],
          "prompt": "Unless you're powerful, you're tough.",
        },
        {
          "answer": "",
          "correctId": [
            0,
          ],
          "id": "gen.C.25.8",
          "options": [
            {
              "id": 0,
              "label": "$ (L \\supset  S) $",
            },
            {
              "hint": "The part after ‘if’ is the antecedent (the if-part, the part before the horseshoe).",
              "id": 1,
              "label": "$ (S \\supset  L) $",
            },
            {
              "hint": "The part after ‘if’ is the antecedent (the if-part, the part before the horseshoe).
‘If’ is NOT an ‘if and only if.’",
              "id": 2,
              "label": "$ (S \\equiv  L) $",
            },
            {
              "hint": "The part after ‘if’ is the antecedent (the if-part, the part before the horseshoe).",
              "id": 3,
              "label": "$ S \\supset  L $",
            },
          ],
          "prompt": "You're slow if you're likeable.",
        },
        {
          "answer": "",
          "correctId": [
            0,
          ],
          "id": "gen.C.28.9",
          "options": [
            {
              "id": 0,
              "label": "$ (T \\equiv  G) $",
            },
            {
              "hint": "‘Iff’ means ‘if and only if.’",
              "id": 1,
              "label": "$ (T \\supset  G) $",
            },
            {
              "hint": "‘Iff’ means ‘if and only if.’",
              "id": 2,
              "label": "$ (G \\supset  T) $",
            },
            {
              "hint": "‘Iff’ means ‘if and only if.’",
              "id": 3,
              "label": "$ T \\equiv  G $",
            },
          ],
          "prompt": "T iff G.",
        },
      ],
      "shuffleOptions": true,
      "slugs": [
        "propositional",
        "translations",
        "hard",
      ],
      "title": "Propositional Translations: Hard",
    },
  ],
  "title": "Propositional Translations: Easy",
}
`;
