// Vitest Snapshot v1, https://vitest.dev/guide/snapshot.html

exports[`setC generator — top-level > matches snapshot for seed 42 1`] = `
{
  "header": "Translates into logic as:",
  "id": 6,
  "logicType": "Propositional Translations",
  "name": "Set C",
  "slugs": [
    "propositional",
    "translations",
  ],
  "subSets": [
    {
      "description": "Translate ordinary language into symbols — and, or, if-then — without losing the structure of the argument.",
      "header": "Translates into logic as:",
      "id": 6,
      "logicType": "Propositional Translations",
      "name": "Set C",
      "questions": [
        {
          "answer": "",
          "correctId": [
            0,
          ],
          "id": "gen.C.20.0",
          "options": [
            {
              "id": 0,
              "label": "$ ((R \\supset  L) \\vee  D) $",
            },
            {
              "hint": "The comma indicates that the parts on either side glob together as units.",
              "id": 1,
              "label": "$ R \\supset  L \\vee  D $",
            },
            {
              "hint": "The comma indicates that the parts on either side glob together as units.",
              "id": 2,
              "label": "$ (R \\supset  (L \\vee  D)) $",
            },
            {
              "hint": "The comma indicates that the parts on either side glob together as units.",
              "id": 3,
              "label": "$ (R \\supset  L) \\vee  D $",
            },
          ],
          "prompt": "If you're remarkable then you're logical, or you're dull.",
        },
        {
          "answer": "",
          "correctId": [
            0,
          ],
          "id": "gen.C.15.1",
          "options": [
            {
              "id": 0,
              "label": "$ (W \\cdot  (J \\vee  V)) $",
            },
            {
              "hint": "The comma indicates that the parts on either side glob together as units.",
              "id": 1,
              "label": "$ W \\cdot  J \\vee  V $",
            },
            {
              "hint": "The comma indicates that the parts on either side glob together as units.",
              "id": 2,
              "label": "$ (W \\cdot  J) \\vee  V $",
            },
            {
              "hint": "The comma indicates that the parts on either side glob together as units.",
              "id": 3,
              "label": "$ ((W \\cdot  J) \\vee  V) $",
            },
          ],
          "prompt": "You're wild, and jealous or vicious.",
        },
        {
          "answer": "",
          "correctId": [
            0,
          ],
          "id": "gen.C.17.2",
          "options": [
            {
              "id": 0,
              "label": "$ (R \\supset  (C \\cdot  F)) $",
            },
            {
              "hint": "The comma indicates that the parts on either side glob together as units.",
              "id": 1,
              "label": "$ R \\supset  C \\cdot  F $",
            },
            {
              "hint": "The comma indicates that the parts on either side glob together as units.",
              "id": 2,
              "label": "$ (R \\supset  C) \\cdot  F $",
            },
            {
              "hint": "The comma indicates that the parts on either side glob together as units.",
              "id": 3,
              "label": "$ ((R \\supset  C) \\cdot  F) $",
            },
          ],
          "prompt": "If you're reliable, then you're cruel and friendly.",
        },
        {
          "answer": "",
          "correctId": [
            0,
          ],
          "id": "gen.C.7.3",
          "options": [
            {
              "id": 0,
              "label": "$ (\\sim C \\cdot  \\sim L) $",
            },
            {
              "hint": "‘Both’ translates into ‘(’; so ‘both not’ translates into ‘(∼’.",
              "id": 1,
              "label": "$ \\sim (C \\cdot  \\sim L) $",
            },
            {
              "hint": "‘Both’ translates into ‘(’; so ‘both not’ translates into ‘(∼’.
You forgot the second ‘∼’!",
              "id": 2,
              "label": "$ (\\sim C \\cdot  L) $",
            },
            {
              "hint": "‘Both’ translates into ‘(’; so ‘both not’ translates into ‘(∼’.",
              "id": 3,
              "label": "$ \\sim C \\cdot  \\sim L $",
            },
          ],
          "prompt": "Both not C and not L.",
        },
        {
          "answer": "",
          "correctId": [
            0,
          ],
          "id": "gen.C.5.4",
          "options": [
            {
              "id": 0,
              "label": "$ \\sim (Q \\supset  H) $",
            },
            {
              "hint": "‘If’ translates into ‘(’; so ‘not if’ translates into ‘∼(’.",
              "id": 1,
              "label": "$ (\\sim Q \\supset  \\sim H) $",
            },
            {
              "hint": "‘If’ translates into ‘(’; so ‘not if’ translates into ‘∼(’.",
              "id": 2,
              "label": "$ (\\sim Q \\supset  H) $",
            },
            {
              "hint": "‘If’ translates into ‘(’; so ‘not if’ translates into ‘∼(’.",
              "id": 3,
              "label": "$ \\sim Q \\supset  H $",
            },
          ],
          "prompt": "Not if Q then H.",
        },
        {
          "answer": "",
          "correctId": [
            0,
          ],
          "id": "gen.C.8.5",
          "options": [
            {
              "id": 0,
              "label": "$ \\sim (\\sim A \\vee  V) $",
            },
            {
              "hint": "‘Either’ translates into ‘(’; so ‘not either not’ translates into ‘∼(∼’.
The ‘(’ keeps the negations from canceling out.",
              "id": 1,
              "label": "$ A \\vee  V $",
            },
            {
              "hint": "‘Either’ translates into ‘(’; so ‘not either not’ translates into ‘∼(∼’.
The ‘(’ keeps the negations from canceling out.",
              "id": 2,
              "label": "$ (A \\vee  V) $",
            },
            {
              "hint": "‘Either’ translates into ‘(’; so ‘not either not’ translates into ‘∼(∼’.
The ‘(’ keeps the negations from canceling out.",
              "id": 3,
              "label": "$ \\sim \\sim A \\vee  V $",
            },
          ],
          "prompt": "Not either not A or V.",
        },
        {
          "answer": "",
          "correctId": [
            0,
          ],
          "id": "gen.C.12.6",
          "options": [
            {
              "id": 0,
              "label": "$ ((G \\cdot  C) \\vee  A) $",
            },
            {
              "hint": "‘Either’ and ‘both’ translate into ‘(’; so ‘either both’ translates into ‘((’.",
              "id": 1,
              "label": "$ G \\cdot  C \\vee  A $",
            },
            {
              "hint": "‘Either’ and ‘both’ translate into ‘(’; so ‘either both’ translates into ‘((’.",
              "id": 2,
              "label": "$ (G \\cdot  (C \\vee  A)) $",
            },
            {
              "hint": "‘Either’ and ‘both’ translate into ‘(’; so ‘either both’ translates into ‘((’.",
              "id": 3,
              "label": "$ (G \\cdot  C) \\vee  A $",
            },
          ],
          "prompt": "Either both G and C or A.",
        },
        {
          "answer": "",
          "correctId": [
            0,
          ],
          "id": "gen.C.10.7",
          "options": [
            {
              "id": 0,
              "label": "$ (\\sim O \\supset  \\sim S) $",
            },
            {
              "hint": "‘If’ translates into ‘(’; so ‘if not’ translates into ‘(∼’.
You forgot the second ‘∼’!",
              "id": 1,
              "label": "$ (\\sim O \\supset  S) $",
            },
            {
              "hint": "‘If’ translates into ‘(’; so ‘if not’ translates into ‘(∼’.",
              "id": 2,
              "label": "$ \\sim (O \\supset  \\sim S) $",
            },
            {
              "hint": "‘If’ translates into ‘(’; so ‘if not’ translates into ‘(∼’.",
              "id": 3,
              "label": "$ \\sim O \\supset  \\sim S $",
            },
          ],
          "prompt": "If not O then not S.",
        },
        {
          "answer": "",
          "correctId": [
            0,
          ],
          "id": "gen.C.11.8",
          "options": [
            {
              "id": 0,
              "label": "$ \\sim (\\sim O \\supset  C) $",
            },
            {
              "hint": "‘If’ translates into ‘(’; so ‘not if not’ translates into ‘∼(∼’.
The ‘(’ keeps the negations from canceling out.",
              "id": 1,
              "label": "$ O \\supset  C $",
            },
            {
              "hint": "‘If’ translates into ‘(’; so ‘not if not’ translates into ‘∼(∼’.
The ‘(’ keeps the negations from canceling out.",
              "id": 2,
              "label": "$ (O \\supset  C) $",
            },
            {
              "hint": "‘If’ translates into ‘(’; so ‘not if not’ translates into ‘∼(∼’.
The ‘(’ keeps the negations from canceling out.",
              "id": 3,
              "label": "$ \\sim \\sim O \\supset  C $",
            },
          ],
          "prompt": "It is false that if you aren't obsessive then you're creative.",
        },
        {
          "answer": "",
          "correctId": [
            0,
          ],
          "id": "gen.C.16.9",
          "options": [
            {
              "id": 0,
              "label": "$ ((C \\cdot  N) \\supset  L) $",
            },
            {
              "hint": "The comma indicates that the parts on either side glob together as units.",
              "id": 1,
              "label": "$ C \\cdot  N \\supset  L $",
            },
            {
              "hint": "The comma indicates that the parts on either side glob together as units.",
              "id": 2,
              "label": "$ (C \\cdot  (N \\supset  L)) $",
            },
            {
              "hint": "The comma indicates that the parts on either side glob together as units.",
              "id": 3,
              "label": "$ (C \\cdot  N) \\supset  L $",
            },
          ],
          "prompt": "If C and N, then L.",
        },
      ],
      "shuffleOptions": true,
      "slugs": [
        "propositional",
        "translations",
      ],
      "title": "Propositional Translations: Easy",
    },
    {
      "description": "Handle the connectives that trip people up — unless, only if, and necessary versus sufficient conditions.",
      "header": "Translates into logic as:",
      "id": 6,
      "isNew": true,
      "logicType": "Propositional Translations",
      "name": "Set C",
      "questions": [
        {
          "answer": "",
          "correctId": [
            0,
          ],
          "id": "gen.C.31.0",
          "options": [
            {
              "id": 0,
              "label": "$ (P \\equiv  C) $",
            },
            {
              "hint": "‘Necessary and sufficient’ means ‘if and only if.’",
              "id": 1,
              "label": "$ (P \\supset  C) $",
            },
            {
              "hint": "‘Necessary and sufficient’ means ‘if and only if.’",
              "id": 2,
              "label": "$ (C \\supset  P) $",
            },
            {
              "hint": "‘Necessary and sufficient’ means ‘if and only if.’",
              "id": 3,
              "label": "$ P \\equiv  C $",
            },
          ],
          "prompt": "P is necessary and sufficient for C.",
        },
        {
          "answer": "",
          "correctId": [
            0,
          ],
          "id": "gen.C.29.1",
          "options": [
            {
              "id": 0,
              "label": "$ (M \\supset  D) $",
            },
            {
              "hint": "The part after ‘provided that’ is the antecedent (the if-part, the part before the horseshoe).",
              "id": 1,
              "label": "$ (D \\supset  M) $",
            },
            {
              "hint": "The part after ‘provided that’ is the antecedent (the if-part, the part before the horseshoe).
‘Provided that’ is NOT an ‘if and only if.’",
              "id": 2,
              "label": "$ (D \\equiv  M) $",
            },
            {
              "hint": "The part after ‘provided that’ is the antecedent (the if-part, the part before the horseshoe).",
              "id": 3,
              "label": "$ D \\supset  M $",
            },
          ],
          "prompt": "You're disgusting provided that you're miserable.",
        },
        {
          "answer": "",
          "correctId": [
            0,
          ],
          "id": "gen.C.28.2",
          "options": [
            {
              "id": 0,
              "label": "$ (R \\equiv  S) $",
            },
            {
              "hint": "‘Iff’ means ‘if and only if.’",
              "id": 1,
              "label": "$ (R \\supset  S) $",
            },
            {
              "hint": "‘Iff’ means ‘if and only if.’",
              "id": 2,
              "label": "$ (S \\supset  R) $",
            },
            {
              "hint": "‘Iff’ means ‘if and only if.’",
              "id": 3,
              "label": "$ R \\equiv  S $",
            },
          ],
          "prompt": "You're remarkable iff you're stressed.",
        },
        {
          "answer": "",
          "correctId": [
            0,
          ],
          "id": "gen.C.33.3",
          "options": [
            {
              "id": 0,
              "label": "$ (E \\supset  C) $",
            },
            {
              "hint": "‘Sufficient for’ is just an ‘if-then.’
‘Sufficient for’ is NOT an ‘if and only if.’",
              "id": 1,
              "label": "$ (E \\equiv  C) $",
            },
            {
              "hint": "‘Sufficient for’ is just an ‘if-then.’",
              "id": 2,
              "label": "$ (\\sim E \\supset  \\sim C) $",
            },
            {
              "hint": "‘Sufficient for’ is just an ‘if-then.’",
              "id": 3,
              "label": "$ E \\supset  C $",
            },
          ],
          "prompt": "Being easygoing is sufficient for you to be cheap.",
        },
        {
          "answer": "",
          "correctId": [
            0,
          ],
          "id": "gen.C.27.4",
          "options": [
            {
              "id": 0,
              "label": "$ (L \\equiv  C) $",
            },
            {
              "hint": "‘Just if’ means ‘if and only if.’",
              "id": 1,
              "label": "$ (L \\supset  C) $",
            },
            {
              "hint": "‘Just if’ means ‘if and only if.’",
              "id": 2,
              "label": "$ (C \\supset  L) $",
            },
            {
              "hint": "‘Just if’ means ‘if and only if.’",
              "id": 3,
              "label": "$ L \\equiv  C $",
            },
          ],
          "prompt": "You're likeable just if you're comical.",
        },
        {
          "answer": "",
          "correctId": [
            0,
          ],
          "id": "gen.C.22.5",
          "options": [
            {
              "id": 0,
              "label": "$ (B \\supset  W) $",
            },
            {
              "hint": "The part after ‘only if’ is the consequent (the then-part, the part after the horseshoe).
‘Only if’ is NOT an ‘if and only if.’",
              "id": 1,
              "label": "$ (B \\equiv  W) $",
            },
            {
              "hint": "The part after ‘only if’ is the consequent (the then-part, the part after the horseshoe).",
              "id": 2,
              "label": "$ (W \\supset  B) $",
            },
            {
              "hint": "The part after ‘only if’ is the consequent (the then-part, the part after the horseshoe).
‘Only if’ is NOT an ‘if and only if.’",
              "id": 3,
              "label": "$ B \\supset  W $",
            },
          ],
          "prompt": "You're bitter only if you're witty.",
        },
        {
          "answer": "",
          "correctId": [
            0,
          ],
          "id": "gen.C.26.6",
          "options": [
            {
              "id": 0,
              "label": "$ (C \\cdot  V) $",
            },
            {
              "hint": "‘But’ means ‘and.’
Get rid of the ‘∼’!",
              "id": 1,
              "label": "$ (C \\cdot  \\sim V) $",
            },
            {
              "hint": "‘But’ means ‘and.’",
              "id": 2,
              "label": "$ C \\cdot  V $",
            },
            {
              "hint": "‘But’ means ‘and.’
Get rid of the ‘∼’!",
              "id": 3,
              "label": "$ C \\cdot  \\sim V $",
            },
          ],
          "prompt": "You're curious but you're also vicious.",
        },
        {
          "answer": "",
          "correctId": [
            0,
          ],
          "id": "gen.C.25.7",
          "options": [
            {
              "id": 0,
              "label": "$ (A \\supset  S) $",
            },
            {
              "hint": "The part after ‘if’ is the antecedent (the if-part, the part before the horseshoe).",
              "id": 1,
              "label": "$ (S \\supset  A) $",
            },
            {
              "hint": "The part after ‘if’ is the antecedent (the if-part, the part before the horseshoe).
‘If’ is NOT an ‘if and only if.’",
              "id": 2,
              "label": "$ (S \\equiv  A) $",
            },
            {
              "hint": "The part after ‘if’ is the antecedent (the if-part, the part before the horseshoe).",
              "id": 3,
              "label": "$ S \\supset  A $",
            },
          ],
          "prompt": "You're slow if you're awkward.",
        },
        {
          "answer": "",
          "correctId": [
            0,
          ],
          "id": "gen.C.21.8",
          "options": [
            {
              "id": 0,
              "label": "$ (L \\supset  V) $",
            },
            {
              "hint": "‘Only if’ is NOT an ‘if and only if.’",
              "id": 1,
              "label": "$ (V \\equiv  L) $",
            },
            {
              "hint": "‘Only if’ is NOT an ‘if and only if.’",
              "id": 2,
              "label": "$ V \\supset  L $",
            },
            {
              "hint": "‘Only if’ is NOT an ‘if and only if.’
The part after ‘only if’ is the consequent (the then-part, the part after the horseshoe).",
              "id": 3,
              "label": "$ (V \\supset  L) $",
            },
          ],
          "prompt": "Only if V, L.",
        },
        {
          "answer": "",
          "correctId": [
            0,
          ],
          "id": "gen.C.32.9",
          "options": [
            {
              "id": 0,
              "label": "$ (\\sim R \\supset  \\sim M) $",
            },
            {
              "hint": "‘Necessary for’ is NOT an ‘if and only if.’
People often get this one wrong.",
              "id": 1,
              "label": "$ (R \\supset  M) $",
            },
            {
              "hint": "‘Necessary for’ is NOT an ‘if and only if.’",
              "id": 2,
              "label": "$ (R \\equiv  M) $",
            },
            {
              "hint": "‘Necessary for’ is NOT an ‘if and only if.’
People often get this one wrong.",
              "id": 3,
              "label": "$ R \\supset  M $",
            },
          ],
          "prompt": "Being reliable is necessary for you to be miserable.",
        },
      ],
      "shuffleOptions": true,
      "slugs": [
        "propositional",
        "translations",
        "hard",
      ],
      "title": "Propositional Translations: Hard",
    },
  ],
  "title": "Propositional Translations: Easy",
}
`;
