// Vitest Snapshot v1, https://vitest.dev/guide/snapshot.html

exports[`setC generator — top-level > matches snapshot for seed 42 1`] = `
{
  "header": "Translates into logic as:",
  "id": 6,
  "logicType": "Propositional Translations",
  "name": "Set C",
  "slugs": [
    "propositional",
    "translations",
  ],
  "subSets": [
    {
      "description": "Translate ordinary language into symbols — and, or, if-then — without losing the structure of the argument.",
      "header": "Translates into logic as:",
      "id": 6,
      "logicType": "Propositional Translations",
      "name": "Set C",
      "questions": [
        {
          "answer": "",
          "correctId": [
            0,
          ],
          "id": "gen.C.20.0",
          "options": [
            {
              "id": 0,
              "label": "$ ((G \\supset  C) \\vee  D) $",
            },
            {
              "hint": "The comma indicates that the parts on either side glob together as units.",
              "id": 1,
              "label": "$ G \\supset  C \\vee  D $",
            },
            {
              "hint": "The comma indicates that the parts on either side glob together as units.",
              "id": 2,
              "label": "$ (G \\supset  (C \\vee  D)) $",
            },
            {
              "hint": "The comma indicates that the parts on either side glob together as units.",
              "id": 3,
              "label": "$ (G \\supset  C) \\vee  D $",
            },
          ],
          "prompt": "If you're generous then you're confident, or you're dangerous.",
        },
        {
          "answer": "",
          "correctId": [
            0,
          ],
          "id": "gen.C.1.1",
          "options": [
            {
              "id": 0,
              "label": "$ (\\sim I \\cdot  T) $",
            },
            {
              "hint": "‘Both’ translates into ‘(’; so ‘both not’ translates into ‘(∼’.",
              "id": 1,
              "label": "$ \\sim (I \\cdot  T) $",
            },
            {
              "hint": "‘Both’ translates into ‘(’; so ‘both not’ translates into ‘(∼’.
Why did you put in an extra ‘∼’?",
              "id": 2,
              "label": "$ (\\sim I \\cdot  \\sim T) $",
            },
            {
              "hint": "‘Both’ translates into ‘(’; so ‘both not’ translates into ‘(∼’.",
              "id": 3,
              "label": "$ \\sim I \\cdot  T $",
            },
          ],
          "prompt": "You're both not impulsive and tactful.",
        },
        {
          "answer": "",
          "correctId": [
            0,
          ],
          "id": "gen.C.17.2",
          "options": [
            {
              "id": 0,
              "label": "$ (P \\supset  (C \\cdot  F)) $",
            },
            {
              "hint": "The comma indicates that the parts on either side glob together as units.",
              "id": 1,
              "label": "$ P \\supset  C \\cdot  F $",
            },
            {
              "hint": "The comma indicates that the parts on either side glob together as units.",
              "id": 2,
              "label": "$ (P \\supset  C) \\cdot  F $",
            },
            {
              "hint": "The comma indicates that the parts on either side glob together as units.",
              "id": 3,
              "label": "$ ((P \\supset  C) \\cdot  F) $",
            },
          ],
          "prompt": "If you're practical, then you're cruel and fanatical.",
        },
        {
          "answer": "",
          "correctId": [
            0,
          ],
          "id": "gen.C.7.3",
          "options": [
            {
              "id": 0,
              "label": "$ (\\sim L \\cdot  \\sim P) $",
            },
            {
              "hint": "‘Both’ translates into ‘(’; so ‘both not’ translates into ‘(∼’.",
              "id": 1,
              "label": "$ \\sim (L \\cdot  \\sim P) $",
            },
            {
              "hint": "‘Both’ translates into ‘(’; so ‘both not’ translates into ‘(∼’.
You forgot the second ‘∼’!",
              "id": 2,
              "label": "$ (\\sim L \\cdot  P) $",
            },
            {
              "hint": "‘Both’ translates into ‘(’; so ‘both not’ translates into ‘(∼’.",
              "id": 3,
              "label": "$ \\sim L \\cdot  \\sim P $",
            },
          ],
          "prompt": "You're both not logical and not practical.",
        },
        {
          "answer": "",
          "correctId": [
            0,
          ],
          "id": "gen.C.1.4",
          "options": [
            {
              "id": 0,
              "label": "$ (\\sim P \\cdot  L) $",
            },
            {
              "hint": "‘Both’ translates into ‘(’; so ‘both not’ translates into ‘(∼’.",
              "id": 1,
              "label": "$ \\sim (P \\cdot  L) $",
            },
            {
              "hint": "‘Both’ translates into ‘(’; so ‘both not’ translates into ‘(∼’.
Why did you put in an extra ‘∼’?",
              "id": 2,
              "label": "$ (\\sim P \\cdot  \\sim L) $",
            },
            {
              "hint": "‘Both’ translates into ‘(’; so ‘both not’ translates into ‘(∼’.",
              "id": 3,
              "label": "$ \\sim P \\cdot  L $",
            },
          ],
          "prompt": "Both not P and L.",
        },
        {
          "answer": "",
          "correctId": [
            0,
          ],
          "id": "gen.C.8.5",
          "options": [
            {
              "id": 0,
              "label": "$ \\sim (\\sim A \\vee  L) $",
            },
            {
              "hint": "‘Either’ translates into ‘(’; so ‘not either not’ translates into ‘∼(∼’.
The ‘(’ keeps the negations from canceling out.",
              "id": 1,
              "label": "$ A \\vee  L $",
            },
            {
              "hint": "‘Either’ translates into ‘(’; so ‘not either not’ translates into ‘∼(∼’.
The ‘(’ keeps the negations from canceling out.",
              "id": 2,
              "label": "$ (A \\vee  L) $",
            },
            {
              "hint": "‘Either’ translates into ‘(’; so ‘not either not’ translates into ‘∼(∼’.
The ‘(’ keeps the negations from canceling out.",
              "id": 3,
              "label": "$ \\sim \\sim A \\vee  L $",
            },
          ],
          "prompt": "Not either not A or L.",
        },
        {
          "answer": "",
          "correctId": [
            0,
          ],
          "id": "gen.C.20.6",
          "options": [
            {
              "id": 0,
              "label": "$ ((V \\supset  F) \\vee  T) $",
            },
            {
              "hint": "The comma indicates that the parts on either side glob together as units.",
              "id": 1,
              "label": "$ V \\supset  F \\vee  T $",
            },
            {
              "hint": "The comma indicates that the parts on either side glob together as units.",
              "id": 2,
              "label": "$ (V \\supset  (F \\vee  T)) $",
            },
            {
              "hint": "The comma indicates that the parts on either side glob together as units.",
              "id": 3,
              "label": "$ (V \\supset  F) \\vee  T $",
            },
          ],
          "prompt": "If you're vicious then you're frantic, or you're talented.",
        },
        {
          "answer": "",
          "correctId": [
            0,
          ],
          "id": "gen.C.17.7",
          "options": [
            {
              "id": 0,
              "label": "$ (E \\supset  (H \\cdot  O)) $",
            },
            {
              "hint": "The comma indicates that the parts on either side glob together as units.",
              "id": 1,
              "label": "$ E \\supset  H \\cdot  O $",
            },
            {
              "hint": "The comma indicates that the parts on either side glob together as units.",
              "id": 2,
              "label": "$ (E \\supset  H) \\cdot  O $",
            },
            {
              "hint": "The comma indicates that the parts on either side glob together as units.",
              "id": 3,
              "label": "$ ((E \\supset  H) \\cdot  O) $",
            },
          ],
          "prompt": "If E, then H and O.",
        },
        {
          "answer": "",
          "correctId": [
            0,
          ],
          "id": "gen.C.16.8",
          "options": [
            {
              "id": 0,
              "label": "$ ((U \\cdot  C) \\supset  P) $",
            },
            {
              "hint": "The comma indicates that the parts on either side glob together as units.",
              "id": 1,
              "label": "$ U \\cdot  C \\supset  P $",
            },
            {
              "hint": "The comma indicates that the parts on either side glob together as units.",
              "id": 2,
              "label": "$ (U \\cdot  (C \\supset  P)) $",
            },
            {
              "hint": "The comma indicates that the parts on either side glob together as units.",
              "id": 3,
              "label": "$ (U \\cdot  C) \\supset  P $",
            },
          ],
          "prompt": "If you're unpredictable and candid, then you're poetic.",
        },
        {
          "answer": "",
          "correctId": [
            0,
          ],
          "id": "gen.C.5.9",
          "options": [
            {
              "id": 0,
              "label": "$ \\sim (V \\supset  C) $",
            },
            {
              "hint": "‘If’ translates into ‘(’; so ‘not if’ translates into ‘∼(’.",
              "id": 1,
              "label": "$ (\\sim V \\supset  \\sim C) $",
            },
            {
              "hint": "‘If’ translates into ‘(’; so ‘not if’ translates into ‘∼(’.",
              "id": 2,
              "label": "$ (\\sim V \\supset  C) $",
            },
            {
              "hint": "‘If’ translates into ‘(’; so ‘not if’ translates into ‘∼(’.",
              "id": 3,
              "label": "$ \\sim V \\supset  C $",
            },
          ],
          "prompt": "It's false that if you're virtuous then you're cruel.",
        },
      ],
      "shuffleOptions": true,
      "slugs": [
        "propositional",
        "translations",
      ],
      "title": "Propositional Translations: Easy",
    },
    {
      "description": "Handle the connectives that trip people up — unless, only if, and necessary versus sufficient conditions.",
      "header": "Translates into logic as:",
      "id": 6,
      "isNew": true,
      "logicType": "Propositional Translations",
      "name": "Set C",
      "questions": [
        {
          "answer": "",
          "correctId": [
            0,
          ],
          "id": "gen.C.31.0",
          "options": [
            {
              "id": 0,
              "label": "$ (S \\equiv  W) $",
            },
            {
              "hint": "‘Necessary and sufficient’ means ‘if and only if.’",
              "id": 1,
              "label": "$ (S \\supset  W) $",
            },
            {
              "hint": "‘Necessary and sufficient’ means ‘if and only if.’",
              "id": 2,
              "label": "$ (W \\supset  S) $",
            },
            {
              "hint": "‘Necessary and sufficient’ means ‘if and only if.’",
              "id": 3,
              "label": "$ S \\equiv  W $",
            },
          ],
          "prompt": "S is necessary and sufficient for W.",
        },
        {
          "answer": "",
          "correctId": [
            0,
          ],
          "id": "gen.C.29.1",
          "options": [
            {
              "id": 0,
              "label": "$ (G \\supset  C) $",
            },
            {
              "hint": "The part after ‘provided that’ is the antecedent (the if-part, the part before the horseshoe).",
              "id": 1,
              "label": "$ (C \\supset  G) $",
            },
            {
              "hint": "The part after ‘provided that’ is the antecedent (the if-part, the part before the horseshoe).
‘Provided that’ is NOT an ‘if and only if.’",
              "id": 2,
              "label": "$ (C \\equiv  G) $",
            },
            {
              "hint": "The part after ‘provided that’ is the antecedent (the if-part, the part before the horseshoe).",
              "id": 3,
              "label": "$ C \\supset  G $",
            },
          ],
          "prompt": "You're confident provided that you're greedy.",
        },
        {
          "answer": "",
          "correctId": [
            0,
          ],
          "id": "gen.C.28.2",
          "options": [
            {
              "id": 0,
              "label": "$ (G \\equiv  R) $",
            },
            {
              "hint": "‘Iff’ means ‘if and only if.’",
              "id": 1,
              "label": "$ (G \\supset  R) $",
            },
            {
              "hint": "‘Iff’ means ‘if and only if.’",
              "id": 2,
              "label": "$ (R \\supset  G) $",
            },
            {
              "hint": "‘Iff’ means ‘if and only if.’",
              "id": 3,
              "label": "$ G \\equiv  R $",
            },
          ],
          "prompt": "You're generous iff you're romantic.",
        },
        {
          "answer": "",
          "correctId": [
            0,
          ],
          "id": "gen.C.33.3",
          "options": [
            {
              "id": 0,
              "label": "$ (E \\supset  S) $",
            },
            {
              "hint": "‘Sufficient for’ is just an ‘if-then.’
‘Sufficient for’ is NOT an ‘if and only if.’",
              "id": 1,
              "label": "$ (E \\equiv  S) $",
            },
            {
              "hint": "‘Sufficient for’ is just an ‘if-then.’",
              "id": 2,
              "label": "$ (\\sim E \\supset  \\sim S) $",
            },
            {
              "hint": "‘Sufficient for’ is just an ‘if-then.’",
              "id": 3,
              "label": "$ E \\supset  S $",
            },
          ],
          "prompt": "Being easygoing is sufficient for you to be slow.",
        },
        {
          "answer": "",
          "correctId": [
            0,
          ],
          "id": "gen.C.29.4",
          "options": [
            {
              "id": 0,
              "label": "$ (F \\supset  G) $",
            },
            {
              "hint": "The part after ‘provided that’ is the antecedent (the if-part, the part before the horseshoe).",
              "id": 1,
              "label": "$ (G \\supset  F) $",
            },
            {
              "hint": "The part after ‘provided that’ is the antecedent (the if-part, the part before the horseshoe).
‘Provided that’ is NOT an ‘if and only if.’",
              "id": 2,
              "label": "$ (G \\equiv  F) $",
            },
            {
              "hint": "The part after ‘provided that’ is the antecedent (the if-part, the part before the horseshoe).",
              "id": 3,
              "label": "$ G \\supset  F $",
            },
          ],
          "prompt": "You're greedy provided that you're forgetful.",
        },
        {
          "answer": "",
          "correctId": [
            0,
          ],
          "id": "gen.C.33.5",
          "options": [
            {
              "id": 0,
              "label": "$ (M \\supset  C) $",
            },
            {
              "hint": "‘Sufficient for’ is just an ‘if-then.’
‘Sufficient for’ is NOT an ‘if and only if.’",
              "id": 1,
              "label": "$ (M \\equiv  C) $",
            },
            {
              "hint": "‘Sufficient for’ is just an ‘if-then.’",
              "id": 2,
              "label": "$ (\\sim M \\supset  \\sim C) $",
            },
            {
              "hint": "‘Sufficient for’ is just an ‘if-then.’",
              "id": 3,
              "label": "$ M \\supset  C $",
            },
          ],
          "prompt": "M is sufficient for C.",
        },
        {
          "answer": "",
          "correctId": [
            0,
          ],
          "id": "gen.C.26.6",
          "options": [
            {
              "id": 0,
              "label": "$ (U \\cdot  F) $",
            },
            {
              "hint": "‘But’ means ‘and.’
Get rid of the ‘∼’!",
              "id": 1,
              "label": "$ (U \\cdot  \\sim F) $",
            },
            {
              "hint": "‘But’ means ‘and.’",
              "id": 2,
              "label": "$ U \\cdot  F $",
            },
            {
              "hint": "‘But’ means ‘and.’
Get rid of the ‘∼’!",
              "id": 3,
              "label": "$ U \\cdot  \\sim F $",
            },
          ],
          "prompt": "U but F.",
        },
        {
          "answer": "",
          "correctId": [
            0,
          ],
          "id": "gen.C.24.7",
          "options": [
            {
              "id": 0,
              "label": "$ (F \\vee  T) $",
            },
            {
              "hint": "‘Unless’ means ‘or.’",
              "id": 1,
              "label": "$ (F \\equiv  T) $",
            },
            {
              "hint": "‘Unless’ means ‘or.’",
              "id": 2,
              "label": "$ (F \\supset  \\sim T) $",
            },
            {
              "hint": "‘Unless’ means ‘or.’",
              "id": 3,
              "label": "$ F \\equiv  T $",
            },
          ],
          "prompt": "Unless you're famous, you're tactful.",
        },
        {
          "answer": "",
          "correctId": [
            0,
          ],
          "id": "gen.C.25.8",
          "options": [
            {
              "id": 0,
              "label": "$ (A \\supset  S) $",
            },
            {
              "hint": "The part after ‘if’ is the antecedent (the if-part, the part before the horseshoe).",
              "id": 1,
              "label": "$ (S \\supset  A) $",
            },
            {
              "hint": "The part after ‘if’ is the antecedent (the if-part, the part before the horseshoe).
‘If’ is NOT an ‘if and only if.’",
              "id": 2,
              "label": "$ (S \\equiv  A) $",
            },
            {
              "hint": "The part after ‘if’ is the antecedent (the if-part, the part before the horseshoe).",
              "id": 3,
              "label": "$ S \\supset  A $",
            },
          ],
          "prompt": "You're slow if you're awkward.",
        },
        {
          "answer": "",
          "correctId": [
            0,
          ],
          "id": "gen.C.28.9",
          "options": [
            {
              "id": 0,
              "label": "$ (G \\equiv  C) $",
            },
            {
              "hint": "‘Iff’ means ‘if and only if.’",
              "id": 1,
              "label": "$ (G \\supset  C) $",
            },
            {
              "hint": "‘Iff’ means ‘if and only if.’",
              "id": 2,
              "label": "$ (C \\supset  G) $",
            },
            {
              "hint": "‘Iff’ means ‘if and only if.’",
              "id": 3,
              "label": "$ G \\equiv  C $",
            },
          ],
          "prompt": "You're gloomy iff you're cowardly.",
        },
      ],
      "shuffleOptions": true,
      "slugs": [
        "propositional",
        "translations",
        "hard",
      ],
      "title": "Propositional Translations: Hard",
    },
  ],
  "title": "Propositional Translations: Easy",
}
`;
