// Vitest Snapshot v1, https://vitest.dev/guide/snapshot.html

exports[`setJ generator — top-level > matches snapshot for seed 42 1`] = `
{
  "header": "Translates into logic as:",
  "id": 4,
  "logicType": "Modal",
  "name": "Set J",
  "slugs": [
    "modal",
    "translations",
    "basic",
  ],
  "subSets": [
    {
      "description": "Translate claims about what is necessary, possible, and contingent into the box and diamond of modal logic.",
      "header": "Translates into logic as:",
      "id": 4,
      "isNew": true,
      "logicType": "Modal",
      "name": "Set J",
      "questions": [
        {
          "answer": "",
          "correctId": [
            0,
          ],
          "id": "gen.J.21.0",
          "options": [
            {
              "id": 0,
              "label": "$ \\lozenge \\square G $",
            },
            {
              "hint": "Iterated modals: ‘It’s possible that A is necessary’ uses ‘◇’ outside ‘☐’ — \`◇☐A\`.
You swapped the modals — ‘possible that necessary’ has ◇ outside.",
              "id": 1,
              "label": "$ \\square \\lozenge G $",
            },
            {
              "hint": "Iterated modals: ‘It’s possible that A is necessary’ uses ‘◇’ outside ‘☐’ — \`◇☐A\`.
You need another modal operator.",
              "id": 2,
              "label": "$ \\square G $",
            },
            {
              "hint": "Iterated modals: ‘It’s possible that A is necessary’ uses ‘◇’ outside ‘☐’ — \`◇☐A\`.
You need another modal operator.",
              "id": 3,
              "label": "$ \\lozenge G $",
            },
          ],
          "prompt": "It’s possible that G is necessary.",
        },
        {
          "answer": "",
          "correctId": [
            0,
          ],
          "id": "gen.J.11.1",
          "options": [
            {
              "id": 0,
              "label": "$ \\sim \\square (B \\supset  C) $",
            },
            {
              "hint": "‘… doesn’t entail …’ means ‘It isn’t necessary that if … then ….’
You forgot the ‘∼’.",
              "id": 1,
              "label": "$ \\square (B \\supset  C) $",
            },
            {
              "hint": "‘… doesn’t entail …’ means ‘It isn’t necessary that if … then ….’
That means ‘entails not-C’ — different claim.",
              "id": 2,
              "label": "$ \\square (B \\supset  \\sim C) $",
            },
            {
              "hint": "‘… doesn’t entail …’ means ‘It isn’t necessary that if … then ….’
You need another modal operator.",
              "id": 3,
              "label": "$ (B \\supset  \\sim C) $",
            },
          ],
          "prompt": "B doesn’t entail C.",
        },
        {
          "answer": "",
          "correctId": [
            0,
          ],
          "id": "gen.J.16.2",
          "options": [
            {
              "id": 0,
              "label": "$ (\\lozenge A \\cdot  \\lozenge \\sim A) $",
            },
            {
              "hint": "A contingent statement is one that could have been true AND could have been false — \`(◇A · ◇∼A)\`.
You translated ‘contingent truth’ instead of ‘contingent statement’ (or vice versa). A statement could be either true or false; a truth IS true.",
              "id": 1,
              "label": "$ (A \\cdot  \\lozenge \\sim A) $",
            },
            {
              "hint": "A contingent statement is one that could have been true AND could have been false — \`(◇A · ◇∼A)\`.
‘Contingent’ means more than ‘possible.’ (Necessary statements are also possible.)",
              "id": 2,
              "label": "$ \\lozenge A $",
            },
            {
              "hint": "A contingent statement is one that could have been true AND could have been false — \`(◇A · ◇∼A)\`.
That’s contradictory — both necessary and impossible. A contingent statement is POSSIBLE both ways.",
              "id": 3,
              "label": "$ (\\square A \\cdot  \\square \\sim A) $",
            },
          ],
          "prompt": "A is a contingent statement.",
        },
        {
          "answer": "",
          "correctId": [
            0,
          ],
          "id": "gen.J.1.3",
          "options": [
            {
              "id": 0,
              "label": "$ \\lozenge D $",
            },
            {
              "hint": "‘It’s possible that …’ translates as ‘◇’.
You need another modal operator.",
              "id": 1,
              "label": "$ \\square D $",
            },
            {
              "hint": "‘It’s possible that …’ translates as ‘◇’.
Your answer isn’t a wff — modal operators don’t take parentheses around their argument: write ‘☐A’, not ‘☐(A)’ or ‘(☐A)’.",
              "id": 2,
              "label": "$ \\lozenge (D) $",
            },
            {
              "hint": "‘It’s possible that …’ translates as ‘◇’.
You forgot the ‘∼’.",
              "id": 3,
              "label": "$ \\sim \\lozenge D $",
            },
          ],
          "prompt": "It’s possible that D.",
        },
        {
          "answer": "",
          "correctId": [
            0,
          ],
          "id": "gen.J.5.4",
          "options": [
            {
              "id": 0,
              "label": "$ \\square (V \\supset  \\sim W) $",
            },
            {
              "hint": "‘… entails not-…’ means ‘Necessarily if … then not-….’
You forgot the ‘∼’.",
              "id": 1,
              "label": "$ \\square (V \\supset  W) $",
            },
            {
              "hint": "‘… entails not-…’ means ‘Necessarily if … then not-….’
That’s the box-inside form — ‘entails’ disambiguates to box-outside.",
              "id": 2,
              "label": "$ (V \\supset  \\square \\sim W) $",
            },
            {
              "hint": "‘… entails not-…’ means ‘Necessarily if … then not-….’
That means ‘doesn’t entail W’, not ‘entails not-W’.",
              "id": 3,
              "label": "$ \\sim \\square (V \\supset  W) $",
            },
          ],
          "prompt": "V entails that W is false.",
        },
        {
          "answer": "",
          "correctId": [
            0,
          ],
          "id": "gen.J.10.5",
          "options": [
            {
              "id": 0,
              "label": "$ \\square \\sim B $",
            },
            {
              "hint": "Translate ‘must’ / ‘necessary’ as ‘☐’ — the modal applies to the negation of the proposition.
Wrong scope — that means ‘not [necessary]’, not ‘[necessary] not’.",
              "id": 1,
              "label": "$ \\sim \\square B $",
            },
            {
              "hint": "Translate ‘must’ / ‘necessary’ as ‘☐’ — the modal applies to the negation of the proposition.
Wrong modal — ‘must / necessary’ maps to ‘☐’.",
              "id": 2,
              "label": "$ \\lozenge \\sim B $",
            },
            {
              "hint": "Translate ‘must’ / ‘necessary’ as ‘☐’ — the modal applies to the negation of the proposition.
Your answer isn’t a wff — modal operators don’t take parentheses around their argument: write ‘☐A’, not ‘☐(A)’ or ‘(☐A)’.",
              "id": 3,
              "label": "$ \\square \\sim (B) $",
            },
          ],
          "prompt": "It must be that you aren’t bitter.",
        },
        {
          "answer": "",
          "correctId": [
            0,
          ],
          "id": "gen.J.15.6",
          "options": [
            {
              "id": 0,
              "label": "$ \\lozenge (Q \\cdot  W) $",
            },
            {
              "hint": "‘It’s possible that both A and B’ means ‘◇(’: one diamond outside, both conjuncts inside.
Use ONE diamond outside the conjunction, not one per conjunct.",
              "id": 1,
              "label": "$ (\\lozenge Q \\cdot  \\lozenge W) $",
            },
            {
              "hint": "‘It’s possible that both A and B’ means ‘◇(’: one diamond outside, both conjuncts inside.
The diamond should scope over the whole conjunction.",
              "id": 2,
              "label": "$ (\\lozenge Q \\cdot  W) $",
            },
            {
              "hint": "‘It’s possible that both A and B’ means ‘◇(’: one diamond outside, both conjuncts inside.
Your answer isn’t a wff — modal operators don’t take parentheses around their argument: write ‘☐A’, not ‘☐(A)’ or ‘(☐A)’.",
              "id": 3,
              "label": "$ \\lozenge Q \\cdot  \\lozenge W $",
            },
          ],
          "prompt": "It’s possible that both Q and W.",
        },
        {
          "answer": "",
          "correctId": [
            0,
          ],
          "id": "gen.J.5.7",
          "options": [
            {
              "id": 0,
              "label": "$ \\square (B \\supset  \\sim W) $",
            },
            {
              "hint": "‘… entails not-…’ means ‘Necessarily if … then not-….’
You forgot the ‘∼’.",
              "id": 1,
              "label": "$ \\square (B \\supset  W) $",
            },
            {
              "hint": "‘… entails not-…’ means ‘Necessarily if … then not-….’
That’s the box-inside form — ‘entails’ disambiguates to box-outside.",
              "id": 2,
              "label": "$ (B \\supset  \\square \\sim W) $",
            },
            {
              "hint": "‘… entails not-…’ means ‘Necessarily if … then not-….’
That means ‘doesn’t entail W’, not ‘entails not-W’.",
              "id": 3,
              "label": "$ \\sim \\square (B \\supset  W) $",
            },
          ],
          "prompt": "Necessarily, if B then not-W.",
        },
        {
          "answer": "",
          "correctId": [
            0,
          ],
          "id": "gen.J.13.8",
          "options": [
            {
              "id": 0,
              "label": "$ (\\lozenge T \\supset  \\lozenge K) $",
            },
            {
              "hint": "Translate ‘if A is necessary’ as ‘(☐A’. Use a separate ‘☐’ for each English ‘necessary’.
Use a separate ‘◇’ for each English ‘possible’.",
              "id": 1,
              "label": "$ \\lozenge (T \\supset  K) $",
            },
            {
              "hint": "Translate ‘if A is necessary’ as ‘(☐A’. Use a separate ‘☐’ for each English ‘necessary’.
You switched the antecedent and consequent.",
              "id": 2,
              "label": "$ (\\lozenge K \\supset  \\lozenge T) $",
            },
            {
              "hint": "Translate ‘if A is necessary’ as ‘(☐A’. Use a separate ‘☐’ for each English ‘necessary’.
Your answer isn’t a wff — modal operators don’t take parentheses around their argument: write ‘☐A’, not ‘☐(A)’ or ‘(☐A)’.",
              "id": 3,
              "label": "$ \\lozenge (T) \\supset  \\lozenge (K) $",
            },
          ],
          "prompt": "If T is possible then K is possible.",
        },
        {
          "answer": "",
          "correctId": [
            0,
          ],
          "id": "gen.J.13.9",
          "options": [
            {
              "id": 0,
              "label": "$ (\\lozenge F \\supset  \\lozenge Z) $",
            },
            {
              "hint": "Translate ‘if A is necessary’ as ‘(☐A’. Use a separate ‘☐’ for each English ‘necessary’.
Use a separate ‘◇’ for each English ‘possible’.",
              "id": 1,
              "label": "$ \\lozenge (F \\supset  Z) $",
            },
            {
              "hint": "Translate ‘if A is necessary’ as ‘(☐A’. Use a separate ‘☐’ for each English ‘necessary’.
You switched the antecedent and consequent.",
              "id": 2,
              "label": "$ (\\lozenge Z \\supset  \\lozenge F) $",
            },
            {
              "hint": "Translate ‘if A is necessary’ as ‘(☐A’. Use a separate ‘☐’ for each English ‘necessary’.
Your answer isn’t a wff — modal operators don’t take parentheses around their argument: write ‘☐A’, not ‘☐(A)’ or ‘(☐A)’.",
              "id": 3,
              "label": "$ \\lozenge (F) \\supset  \\lozenge (Z) $",
            },
          ],
          "prompt": "If F is possible then Z is possible.",
        },
      ],
      "shuffleOptions": true,
      "slugs": [
        "modal",
        "translations",
        "basic",
      ],
      "title": "Modal Translations: Basic",
    },
    {
      "description": "Mix modality with quantifiers, where the order of box, diamond, and “all” changes what a claim says.",
      "header": "Translates into logic as:",
      "id": 4,
      "isNew": true,
      "logicType": "Modal",
      "name": "Set J",
      "questions": [
        {
          "answer": "",
          "correctId": [
            0,
          ],
          "id": "gen.J.29.0",
          "options": [
            {
              "id": 0,
              "label": "$ \\square (x)(Fx \\supset  Mx) $",
            },
            {
              "hint": "‘It’s necessary that all A’s are B’s’ uses the conditional (box-outside) form — \`☐(x)(Ax ⊃ Bx)\`. Not ambiguous: ‘necessary that …’ disambiguates.
That’s the de re (box-inside) reading. ‘Necessary that …’ disambiguates to box-outside.",
              "id": 1,
              "label": "$ (x)(Fx \\supset  \\square Mx) $",
            },
            {
              "hint": "‘It’s necessary that all A’s are B’s’ uses the conditional (box-outside) form — \`☐(x)(Ax ⊃ Bx)\`. Not ambiguous: ‘necessary that …’ disambiguates.
The sentence isn’t ambiguous. ‘It’s necessary that …’ disambiguates.",
              "id": 2,
              "label": "Ambiguous between (x)(Fx ⊃ ☐Mx) and ☐(x)(Fx ⊃ Mx)",
            },
            {
              "hint": "‘It’s necessary that all A’s are B’s’ uses the conditional (box-outside) form — \`☐(x)(Ax ⊃ Bx)\`. Not ambiguous: ‘necessary that …’ disambiguates.
Your answer has too many boxes.",
              "id": 3,
              "label": "$ \\square (x)(Fx \\supset  \\square Mx) $",
            },
          ],
          "prompt": "It’s necessary that all foreigners are mean.",
        },
        {
          "answer": "",
          "correctId": [
            0,
          ],
          "id": "gen.J.29.1",
          "options": [
            {
              "id": 0,
              "label": "$ \\square (x)(Bx \\supset  Cx) $",
            },
            {
              "hint": "‘It’s necessary that all A’s are B’s’ uses the conditional (box-outside) form — \`☐(x)(Ax ⊃ Bx)\`. Not ambiguous: ‘necessary that …’ disambiguates.
That’s the de re (box-inside) reading. ‘Necessary that …’ disambiguates to box-outside.",
              "id": 1,
              "label": "$ (x)(Bx \\supset  \\square Cx) $",
            },
            {
              "hint": "‘It’s necessary that all A’s are B’s’ uses the conditional (box-outside) form — \`☐(x)(Ax ⊃ Bx)\`. Not ambiguous: ‘necessary that …’ disambiguates.
The sentence isn’t ambiguous. ‘It’s necessary that …’ disambiguates.",
              "id": 2,
              "label": "Ambiguous between (x)(Bx ⊃ ☐Cx) and ☐(x)(Bx ⊃ Cx)",
            },
            {
              "hint": "‘It’s necessary that all A’s are B’s’ uses the conditional (box-outside) form — \`☐(x)(Ax ⊃ Bx)\`. Not ambiguous: ‘necessary that …’ disambiguates.
Your answer has too many boxes.",
              "id": 3,
              "label": "$ \\square (x)(Bx \\supset  \\square Cx) $",
            },
          ],
          "prompt": "It’s necessary that all bankers are colorful.",
        },
        {
          "answer": "",
          "correctId": [
            0,
          ],
          "id": "gen.J.26.2",
          "options": [
            {
              "id": 0,
              "label": "$ (Fr \\cdot  \\lozenge \\sim Fr) $",
            },
            {
              "hint": "‘F is a contingent property of x’ means ‘x is F but could have lacked F’ — \`(Fx · ◇∼Fx)\`.
A contingent property of Ravi means Ravi actually has it — first conjunct should be ‘Fr’, not ‘◇Fr’.",
              "id": 1,
              "label": "$ (\\lozenge Fr \\cdot  \\lozenge \\sim Fr) $",
            },
            {
              "hint": "‘F is a contingent property of x’ means ‘x is F but could have lacked F’ — \`(Fx · ◇∼Fx)\`.
That’s the necessary-property form. Contingent means it actually has it but COULD have lacked it.",
              "id": 2,
              "label": "$ \\square Fr $",
            },
            {
              "hint": "‘F is a contingent property of x’ means ‘x is F but could have lacked F’ — \`(Fx · ◇∼Fx)\`.
Self-contradiction. The second conjunct should say ‘could have lacked it’ — \`◇∼Fr\`.",
              "id": 3,
              "label": "$ (Fr \\cdot  \\sim Fr) $",
            },
          ],
          "prompt": "Being filthy is an accidental property of Ravi.",
        },
        {
          "answer": "",
          "correctId": [
            0,
          ],
          "id": "gen.J.24.3",
          "options": [
            {
              "id": 0,
              "label": "$ (x)\\lozenge Cx $",
            },
            {
              "hint": "‘Anyone could be …’ uses ‘(x)◇’ — read ‘for any x, x could be …’. Different from ‘Everyone could be …’ which is ‘◇(x)’.
‘Anyone could be’ ≠ ‘Everyone could be’. Anyone → (x)◇; everyone-could-be → ◇(x).",
              "id": 1,
              "label": "$ \\lozenge (x)Cx $",
            },
            {
              "hint": "‘Anyone could be …’ uses ‘(x)◇’ — read ‘for any x, x could be …’. Different from ‘Everyone could be …’ which is ‘◇(x)’.
‘Anyone’ takes a universal ‘(x)’, not an existential.",
              "id": 2,
              "label": "$ (\\exists x)\\lozenge Cx $",
            },
            {
              "hint": "‘Anyone could be …’ uses ‘(x)◇’ — read ‘for any x, x could be …’. Different from ‘Everyone could be …’ which is ‘◇(x)’.
You need another modal operator.",
              "id": 3,
              "label": "$ (x)Cx $",
            },
          ],
          "prompt": "It’s possible for anyone to be cheap.",
        },
        {
          "answer": "",
          "correctId": [
            0,
          ],
          "id": "gen.J.30.4",
          "options": [
            {
              "id": 0,
              "label": "$ (x)(Ix \\supset  \\square Ex) $",
            },
            {
              "hint": "‘All A’s have the property of being necessarily B’ uses the simple (box-inside) form — \`(x)(Ax ⊃ ☐Bx)\`. Not ambiguous: ‘property of being necessarily …’ disambiguates.
That’s the de dicto (box-outside) reading. ‘Property of being necessarily …’ disambiguates to box-inside.",
              "id": 1,
              "label": "$ \\square (x)(Ix \\supset  Ex) $",
            },
            {
              "hint": "‘All A’s have the property of being necessarily B’ uses the simple (box-inside) form — \`(x)(Ax ⊃ ☐Bx)\`. Not ambiguous: ‘property of being necessarily …’ disambiguates.
The sentence isn’t ambiguous. ‘Property of being necessarily …’ disambiguates.",
              "id": 2,
              "label": "Ambiguous between (x)(Ix ⊃ ☐Ex) and ☐(x)(Ix ⊃ Ex)",
            },
            {
              "hint": "‘All A’s have the property of being necessarily B’ uses the simple (box-inside) form — \`(x)(Ax ⊃ ☐Bx)\`. Not ambiguous: ‘property of being necessarily …’ disambiguates.
Your answer has too many boxes.",
              "id": 3,
              "label": "$ \\square (x)(Ix \\supset  \\square Ex) $",
            },
          ],
          "prompt": "All interns have the property of being necessarily efficient.",
        },
        {
          "answer": "",
          "correctId": [
            0,
          ],
          "id": "gen.J.25.5",
          "options": [
            {
              "id": 0,
              "label": "$ (x)\\square Sx $",
            },
            {
              "hint": "‘F is a necessary property of x’ means ‘in all possible worlds, x would be F’ — \`☐Fx\`.
That’s the de dicto reading; ‘has the property of being necessarily sarcastic’ disambiguates to de re.",
              "id": 1,
              "label": "$ \\square (x)Sx $",
            },
            {
              "hint": "‘F is a necessary property of x’ means ‘in all possible worlds, x would be F’ — \`☐Fx\`.
You need another modal operator.",
              "id": 2,
              "label": "$ (x)Sx $",
            },
            {
              "hint": "‘F is a necessary property of x’ means ‘in all possible worlds, x would be F’ — \`☐Fx\`.
Wrong quantifier — should be universal.",
              "id": 3,
              "label": "$ (\\exists x)\\square Sx $",
            },
          ],
          "prompt": "Everyone has the property of being necessarily sarcastic.",
        },
        {
          "answer": "",
          "correctId": [
            0,
          ],
          "id": "gen.J.26.6",
          "options": [
            {
              "id": 0,
              "label": "$ (Cn \\cdot  \\lozenge \\sim Cn) $",
            },
            {
              "hint": "‘F is a contingent property of x’ means ‘x is F but could have lacked F’ — \`(Fx · ◇∼Fx)\`.
A contingent property of Nia means Nia actually has it — first conjunct should be ‘Cn’, not ‘◇Cn’.",
              "id": 1,
              "label": "$ (\\lozenge Cn \\cdot  \\lozenge \\sim Cn) $",
            },
            {
              "hint": "‘F is a contingent property of x’ means ‘x is F but could have lacked F’ — \`(Fx · ◇∼Fx)\`.
That’s the necessary-property form. Contingent means it actually has it but COULD have lacked it.",
              "id": 2,
              "label": "$ \\square Cn $",
            },
            {
              "hint": "‘F is a contingent property of x’ means ‘x is F but could have lacked F’ — \`(Fx · ◇∼Fx)\`.
Self-contradiction. The second conjunct should say ‘could have lacked it’ — \`◇∼Cn\`.",
              "id": 3,
              "label": "$ (Cn \\cdot  \\sim Cn) $",
            },
          ],
          "prompt": "Being comical is a contingent property of Nia.",
        },
        {
          "answer": "",
          "correctId": [
            0,
          ],
          "id": "gen.J.30.7",
          "options": [
            {
              "id": 0,
              "label": "$ (x)(Lx \\supset  \\square Cx) $",
            },
            {
              "hint": "‘All A’s have the property of being necessarily B’ uses the simple (box-inside) form — \`(x)(Ax ⊃ ☐Bx)\`. Not ambiguous: ‘property of being necessarily …’ disambiguates.
That’s the de dicto (box-outside) reading. ‘Property of being necessarily …’ disambiguates to box-inside.",
              "id": 1,
              "label": "$ \\square (x)(Lx \\supset  Cx) $",
            },
            {
              "hint": "‘All A’s have the property of being necessarily B’ uses the simple (box-inside) form — \`(x)(Ax ⊃ ☐Bx)\`. Not ambiguous: ‘property of being necessarily …’ disambiguates.
The sentence isn’t ambiguous. ‘Property of being necessarily …’ disambiguates.",
              "id": 2,
              "label": "Ambiguous between (x)(Lx ⊃ ☐Cx) and ☐(x)(Lx ⊃ Cx)",
            },
            {
              "hint": "‘All A’s have the property of being necessarily B’ uses the simple (box-inside) form — \`(x)(Ax ⊃ ☐Bx)\`. Not ambiguous: ‘property of being necessarily …’ disambiguates.
Your answer has too many boxes.",
              "id": 3,
              "label": "$ \\square (x)(Lx \\supset  \\square Cx) $",
            },
          ],
          "prompt": "Every lifeguard has the property of being necessarily childish.",
        },
        {
          "answer": "",
          "correctId": [
            0,
          ],
          "id": "gen.J.25.8",
          "options": [
            {
              "id": 0,
              "label": "$ (x)\\square Wx $",
            },
            {
              "hint": "‘F is a necessary property of x’ means ‘in all possible worlds, x would be F’ — \`☐Fx\`.
That’s the de dicto reading; ‘has the property of being necessarily witty’ disambiguates to de re.",
              "id": 1,
              "label": "$ \\square (x)Wx $",
            },
            {
              "hint": "‘F is a necessary property of x’ means ‘in all possible worlds, x would be F’ — \`☐Fx\`.
You need another modal operator.",
              "id": 2,
              "label": "$ (x)Wx $",
            },
            {
              "hint": "‘F is a necessary property of x’ means ‘in all possible worlds, x would be F’ — \`☐Fx\`.
Wrong quantifier — should be universal.",
              "id": 3,
              "label": "$ (\\exists x)\\square Wx $",
            },
          ],
          "prompt": "Everyone has the property of being necessarily witty.",
        },
        {
          "answer": "",
          "correctId": [
            0,
          ],
          "id": "gen.J.25.9",
          "options": [
            {
              "id": 0,
              "label": "$ (x)\\square Px $",
            },
            {
              "hint": "‘F is a necessary property of x’ means ‘in all possible worlds, x would be F’ — \`☐Fx\`.
That’s the de dicto reading; ‘has the property of being necessarily polite’ disambiguates to de re.",
              "id": 1,
              "label": "$ \\square (x)Px $",
            },
            {
              "hint": "‘F is a necessary property of x’ means ‘in all possible worlds, x would be F’ — \`☐Fx\`.
You need another modal operator.",
              "id": 2,
              "label": "$ (x)Px $",
            },
            {
              "hint": "‘F is a necessary property of x’ means ‘in all possible worlds, x would be F’ — \`☐Fx\`.
Wrong quantifier — should be universal.",
              "id": 3,
              "label": "$ (\\exists x)\\square Px $",
            },
          ],
          "prompt": "Everyone has the property of being necessarily polite.",
        },
      ],
      "shuffleOptions": true,
      "slugs": [
        "modal",
        "translations",
        "quantified",
      ],
      "title": "Modal Translations: Quantified",
    },
  ],
  "title": "Modal Translations: Basic",
}
`;
