// Vitest Snapshot v1, https://vitest.dev/guide/snapshot.html

exports[`setL generator — top-level > matches snapshot for seed 42 1`] = `
{
  "header": "Translates into logic as:",
  "id": 12,
  "logicType": "Deontic",
  "name": "Set L",
  "slugs": [
    "Deontic",
    "translations",
  ],
  "subSets": [
    {
      "description": "Translate commands and requests into imperative logic, underlining what is to be done.",
      "header": "Translates into logic as:",
      "id": 12,
      "isNew": true,
      "logicType": "Basic Translations",
      "name": "Set L",
      "questions": [
        {
          "answer": "",
          "correctId": [
            0,
          ],
          "id": "gen.L.9.0",
          "options": [
            {
              "id": 0,
              "label": "$ (Inu \\supset  I\\underline{u}n) $",
            },
            {
              "hint": "Cross-person imperative: in \`(Hmu ⊃ H{u}m)\` the \`m\` is Madonna and the \`u\` is you. The consequent \`H{u}m\` is the imperative ‘help Madonna’.
Argument order — Noah is the agent in the antecedent, so Inu (= ‘Noah insults you’).",
              "id": 1,
              "label": "$ (Iun \\supset  I\\underline{u}n) $",
            },
            {
              "hint": "Cross-person imperative: in \`(Hmu ⊃ H{u}m)\` the \`m\` is Madonna and the \`u\` is you. The consequent \`H{u}m\` is the imperative ‘help Madonna’.
You forgot to underline the imperative agent letter — descriptive \`Au\` and imperative \`A{u}\` are different wffs. (The consequent is imperative — underline the u.)",
              "id": 2,
              "label": "$ (Inu \\supset  Iun) $",
            },
            {
              "hint": "Cross-person imperative: in \`(Hmu ⊃ H{u}m)\` the \`m\` is Madonna and the \`u\` is you. The consequent \`H{u}m\` is the imperative ‘help Madonna’.
The antecedent is descriptive — don’t underline u in Inu.",
              "id": 3,
              "label": "$ (In\\underline{u} \\supset  I\\underline{u}n) $",
            },
          ],
          "prompt": "If Noah is insulting you, then insult Noah.",
        },
        {
          "answer": "",
          "correctId": [
            0,
          ],
          "id": "gen.L.0.1",
          "options": [
            {
              "id": 0,
              "label": "$ \\sim D\\underline{u}h $",
            },
            {
              "hint": "Imperatives: underline the agent letter — ‘sing!’ is \`S{u}\`, not \`Su\`. The underlined \`u\` marks the imperative addressed to ‘you’.
You forgot the ‘∼’ — the prompt says DON’T disturb.",
              "id": 1,
              "label": "$ D\\underline{u}h $",
            },
            {
              "hint": "Imperatives: underline the agent letter — ‘sing!’ is \`S{u}\`, not \`Su\`. The underlined \`u\` marks the imperative addressed to ‘you’.
You forgot to underline the imperative agent letter — descriptive \`Au\` and imperative \`A{u}\` are different wffs.",
              "id": 2,
              "label": "$ \\sim Duh $",
            },
            {
              "hint": "Imperatives: underline the agent letter — ‘sing!’ is \`S{u}\`, not \`Su\`. The underlined \`u\` marks the imperative addressed to ‘you’.
Argument order matters — D{u}h means ‘you, disturb Harry’.",
              "id": 3,
              "label": "$ \\sim D\\underline{n}u $",
            },
          ],
          "prompt": "Don’t disturb Harry.",
        },
        {
          "answer": "",
          "correctId": [
            0,
          ],
          "id": "gen.L.9.2",
          "options": [
            {
              "id": 0,
              "label": "$ (Bbu \\supset  B\\underline{u}b) $",
            },
            {
              "hint": "Cross-person imperative: in \`(Hmu ⊃ H{u}m)\` the \`m\` is Madonna and the \`u\` is you. The consequent \`H{u}m\` is the imperative ‘help Madonna’.
Argument order — Ben is the agent in the antecedent, so Bbu (= ‘Ben bothers you’).",
              "id": 1,
              "label": "$ (Bub \\supset  B\\underline{u}b) $",
            },
            {
              "hint": "Cross-person imperative: in \`(Hmu ⊃ H{u}m)\` the \`m\` is Madonna and the \`u\` is you. The consequent \`H{u}m\` is the imperative ‘help Madonna’.
You forgot to underline the imperative agent letter — descriptive \`Au\` and imperative \`A{u}\` are different wffs. (The consequent is imperative — underline the u.)",
              "id": 2,
              "label": "$ (Bbu \\supset  Bub) $",
            },
            {
              "hint": "Cross-person imperative: in \`(Hmu ⊃ H{u}m)\` the \`m\` is Madonna and the \`u\` is you. The consequent \`H{u}m\` is the imperative ‘help Madonna’.
The antecedent is descriptive — don’t underline u in Bbu.",
              "id": 3,
              "label": "$ (Bb\\underline{u} \\supset  B\\underline{u}b) $",
            },
          ],
          "prompt": "Bother Ben if Ben is bothering you.",
        },
        {
          "answer": "",
          "correctId": [
            0,
          ],
          "id": "gen.L.9.3",
          "options": [
            {
              "id": 0,
              "label": "$ (Dmu \\supset  D\\underline{u}m) $",
            },
            {
              "hint": "Cross-person imperative: in \`(Hmu ⊃ H{u}m)\` the \`m\` is Madonna and the \`u\` is you. The consequent \`H{u}m\` is the imperative ‘help Madonna’.
Argument order — Mei is the agent in the antecedent, so Dmu (= ‘Mei disturbs you’).",
              "id": 1,
              "label": "$ (Dum \\supset  D\\underline{u}m) $",
            },
            {
              "hint": "Cross-person imperative: in \`(Hmu ⊃ H{u}m)\` the \`m\` is Madonna and the \`u\` is you. The consequent \`H{u}m\` is the imperative ‘help Madonna’.
You forgot to underline the imperative agent letter — descriptive \`Au\` and imperative \`A{u}\` are different wffs. (The consequent is imperative — underline the u.)",
              "id": 2,
              "label": "$ (Dmu \\supset  Dum) $",
            },
            {
              "hint": "Cross-person imperative: in \`(Hmu ⊃ H{u}m)\` the \`m\` is Madonna and the \`u\` is you. The consequent \`H{u}m\` is the imperative ‘help Madonna’.
The antecedent is descriptive — don’t underline u in Dmu.",
              "id": 3,
              "label": "$ (Dm\\underline{u} \\supset  D\\underline{u}m) $",
            },
          ],
          "prompt": "If Mei is disturbing you, then disturb Mei.",
        },
        {
          "answer": "",
          "correctId": [
            0,
          ],
          "id": "gen.L.1.4",
          "options": [
            {
              "id": 0,
              "label": "$ (Tu \\supset  S\\underline{u}) $",
            },
            {
              "hint": "Conditional with imperative consequent: only the consequent letter is underlined — \`(Su ⊃ L{u})\` reads ‘if you’re sleeping, then leave’.
The antecedent is descriptive (‘you’re talking’), not imperative — don’t underline the u in Tu.",
              "id": 1,
              "label": "$ (T\\underline{u} \\supset  S\\underline{u}) $",
            },
            {
              "hint": "Conditional with imperative consequent: only the consequent letter is underlined — \`(Su ⊃ L{u})\` reads ‘if you’re sleeping, then leave’.
You forgot to underline the imperative agent letter — descriptive \`Au\` and imperative \`A{u}\` are different wffs. (The consequent is the imperative.)",
              "id": 2,
              "label": "$ (Tu \\supset  Su) $",
            },
            {
              "hint": "Conditional with imperative consequent: only the consequent letter is underlined — \`(Su ⊃ L{u})\` reads ‘if you’re sleeping, then leave’.
‘If A then B’ is \`(A ⊃ B)\`, not \`(A · B)\`.",
              "id": 3,
              "label": "$ (Tu \\cdot  S\\underline{u}) $",
            },
          ],
          "prompt": "If you’re talking, then stay.",
        },
        {
          "answer": "",
          "correctId": [
            0,
          ],
          "id": "gen.L.0.5",
          "options": [
            {
              "id": 0,
              "label": "$ P\\underline{u} $",
            },
            {
              "hint": "Imperatives: underline the agent letter — ‘sing!’ is \`S{u}\`, not \`Su\`. The underlined \`u\` marks the imperative addressed to ‘you’.
You forgot to underline the imperative agent letter — descriptive \`Au\` and imperative \`A{u}\` are different wffs.",
              "id": 1,
              "label": "$ Pu $",
            },
            {
              "hint": "Imperatives: underline the agent letter — ‘sing!’ is \`S{u}\`, not \`Su\`. The underlined \`u\` marks the imperative addressed to ‘you’.
You dropped the agent — bare imperative addressed to you needs the underlined u.",
              "id": 2,
              "label": "$ P $",
            },
            {
              "hint": "Imperatives: underline the agent letter — ‘sing!’ is \`S{u}\`, not \`Su\`. The underlined \`u\` marks the imperative addressed to ‘you’.
There’s no ‘ought’ in the prompt — drop the \`O\`.",
              "id": 3,
              "label": "$ OP\\underline{u} $",
            },
          ],
          "prompt": "Park.",
        },
        {
          "answer": "",
          "correctId": [
            0,
          ],
          "id": "gen.L.6.6",
          "options": [
            {
              "id": 0,
              "label": "$ (x)(Hx \\supset  C\\underline{x}) $",
            },
            {
              "hint": "‘Let everyone do A’ uses an imperative inside the quantifier — \`(x)A{x}\`. The underlined x marks the predicate as imperative.
The antecedent ‘who is hesitateing’ is descriptive — don’t underline H.",
              "id": 1,
              "label": "$ (x)(H\\underline{x} \\supset  C\\underline{x}) $",
            },
            {
              "hint": "‘Let everyone do A’ uses an imperative inside the quantifier — \`(x)A{x}\`. The underlined x marks the predicate as imperative.
You forgot to underline the imperative agent letter — descriptive \`Au\` and imperative \`A{u}\` are different wffs. (The consequent is imperative.)",
              "id": 2,
              "label": "$ (x)(Hx \\supset  Cx) $",
            },
            {
              "hint": "‘Let everyone do A’ uses an imperative inside the quantifier — \`(x)A{x}\`. The underlined x marks the predicate as imperative.
‘Let everyone who…’ is universal-conditional \`(x)(… ⊃ …)\`, not existential-conjunction.",
              "id": 3,
              "label": "$ (\\exists x)(Hx \\cdot  C\\underline{x}) $",
            },
          ],
          "prompt": "Would that everyone who is hesitateing cheat.",
        },
        {
          "answer": "",
          "correctId": [
            0,
          ],
          "id": "gen.L.9.7",
          "options": [
            {
              "id": 0,
              "label": "$ (Hpu \\supset  H\\underline{u}p) $",
            },
            {
              "hint": "Cross-person imperative: in \`(Hmu ⊃ H{u}m)\` the \`m\` is Madonna and the \`u\` is you. The consequent \`H{u}m\` is the imperative ‘help Madonna’.
Argument order — Priya is the agent in the antecedent, so Hpu (= ‘Priya hurts you’).",
              "id": 1,
              "label": "$ (Hup \\supset  H\\underline{u}p) $",
            },
            {
              "hint": "Cross-person imperative: in \`(Hmu ⊃ H{u}m)\` the \`m\` is Madonna and the \`u\` is you. The consequent \`H{u}m\` is the imperative ‘help Madonna’.
You forgot to underline the imperative agent letter — descriptive \`Au\` and imperative \`A{u}\` are different wffs. (The consequent is imperative — underline the u.)",
              "id": 2,
              "label": "$ (Hpu \\supset  Hup) $",
            },
            {
              "hint": "Cross-person imperative: in \`(Hmu ⊃ H{u}m)\` the \`m\` is Madonna and the \`u\` is you. The consequent \`H{u}m\` is the imperative ‘help Madonna’.
The antecedent is descriptive — don’t underline u in Hpu.",
              "id": 3,
              "label": "$ (Hp\\underline{u} \\supset  H\\underline{u}p) $",
            },
          ],
          "prompt": "If Priya is hurting you, then hurt Priya.",
        },
        {
          "answer": "",
          "correctId": [
            0,
          ],
          "id": "gen.L.0.8",
          "options": [
            {
              "id": 0,
              "label": "$ I\\underline{u} $",
            },
            {
              "hint": "Imperatives: underline the agent letter — ‘sing!’ is \`S{u}\`, not \`Su\`. The underlined \`u\` marks the imperative addressed to ‘you’.
You forgot to underline the imperative agent letter — descriptive \`Au\` and imperative \`A{u}\` are different wffs.",
              "id": 1,
              "label": "$ Iu $",
            },
            {
              "hint": "Imperatives: underline the agent letter — ‘sing!’ is \`S{u}\`, not \`Su\`. The underlined \`u\` marks the imperative addressed to ‘you’.
You dropped the agent — bare imperative addressed to you needs the underlined u.",
              "id": 2,
              "label": "$ I $",
            },
            {
              "hint": "Imperatives: underline the agent letter — ‘sing!’ is \`S{u}\`, not \`Su\`. The underlined \`u\` marks the imperative addressed to ‘you’.
There’s no ‘ought’ in the prompt — drop the \`O\`.",
              "id": 3,
              "label": "$ OI\\underline{u} $",
            },
          ],
          "prompt": "Improvise.",
        },
        {
          "answer": "",
          "correctId": [
            0,
          ],
          "id": "gen.L.3.9",
          "options": [
            {
              "id": 0,
              "label": "$ (\\sim A\\underline{u} \\vee  \\sim H\\underline{u}) $",
            },
            {
              "hint": "‘Don’t combine doing A with doing B’ → \`∼(A{u} · B{u})\` — both action letters are imperative (underlined).
You forgot to underline the imperative agent letter — descriptive \`Au\` and imperative \`A{u}\` are different wffs. Both parts are imperatives here — underline both u’s.",
              "id": 1,
              "label": "$ (\\sim Au \\vee  \\sim H\\underline{u}) $",
            },
            {
              "hint": "‘Don’t combine doing A with doing B’ → \`∼(A{u} · B{u})\` — both action letters are imperative (underlined).
‘Or’ is ‘∨’, not ‘·’.",
              "id": 2,
              "label": "$ (\\sim A\\underline{u} \\cdot  \\sim H\\underline{u}) $",
            },
            {
              "hint": "‘Don’t combine doing A with doing B’ → \`∼(A{u} · B{u})\` — both action letters are imperative (underlined).
Wrong scope — that says ‘not (E or F)’, i.e., neither. The original says ‘either not-E or not-F’.",
              "id": 3,
              "label": "$ \\sim (A\\underline{u} \\vee  H\\underline{u}) $",
            },
          ],
          "prompt": "Either don’t argue or don’t hesitate.",
        },
      ],
      "shuffleOptions": true,
      "slugs": [
        "Deontic",
        "translations",
        "Imperative",
      ],
      "title": "Deontic Translations: Imperative",
    },
    {
      "description": "Translate ought, permissible, and forbidden into deontic logic.",
      "header": "Translates into logic as:",
      "id": 12,
      "isNew": true,
      "logicType": "Deontic",
      "name": "Set L",
      "questions": [
        {
          "answer": "",
          "correctId": [
            0,
          ],
          "id": "gen.L.14.0",
          "options": [
            {
              "id": 0,
              "label": "$ (OD\\underline{u} \\supset  \\lozenge Du) $",
            },
            {
              "hint": "‘If you ought to do A, then A is possible’ — bridges deontic and modal: \`(OA{u} ⊃ ◇Au)\`. Often shortened as ‘ought implies can’.
‘Your despairing is possible’ is descriptive (the act IS possible) — don’t underline u in Du.",
              "id": 1,
              "label": "$ (OD\\underline{u} \\supset  \\lozenge D\\underline{u}) $",
            },
            {
              "hint": "‘If you ought to do A, then A is possible’ — bridges deontic and modal: \`(OA{u} ⊃ ◇Au)\`. Often shortened as ‘ought implies can’.
The prompt is plain if-then, not entailment — drop the outer ‘☐’.",
              "id": 2,
              "label": "$ \\square (OD\\underline{u} \\supset  \\lozenge Du) $",
            },
            {
              "hint": "‘If you ought to do A, then A is possible’ — bridges deontic and modal: \`(OA{u} ⊃ ◇Au)\`. Often shortened as ‘ought implies can’.
‘O’ must attach to an imperative wff — write \`OA{u}\`, not \`OAu\`.",
              "id": 3,
              "label": "$ (ODu \\supset  \\lozenge Du) $",
            },
          ],
          "prompt": "If you ought to despair, then it’s possible for you to despair.",
        },
        {
          "answer": "",
          "correctId": [
            0,
          ],
          "id": "gen.L.12.1",
          "options": [
            {
              "id": 0,
              "label": "$ (\\exists x)OS\\underline{x} $",
            },
            {
              "hint": "‘It’s obligatory that someone do A’ is \`O(∃x)Ax\` (group obligation); ‘there’s someone who has the obligation to do A’ is \`(∃x)OAx\` (specific person’s obligation). Different claims!
Group obligation \`O(∃x)Ax\` ≠ individual obligation \`(∃x)OAx\`. Quantifier scope matters here. This prompt asserts a SPECIFIC person’s obligation.",
              "id": 1,
              "label": "$ O(\\exists x)S\\underline{x} $",
            },
            {
              "hint": "‘It’s obligatory that someone do A’ is \`O(∃x)Ax\` (group obligation); ‘there’s someone who has the obligation to do A’ is \`(∃x)OAx\` (specific person’s obligation). Different claims!
‘O’ must attach to an imperative wff — write \`OA{u}\`, not \`OAu\`.",
              "id": 2,
              "label": "$ (\\exists x)OSx $",
            },
            {
              "hint": "‘It’s obligatory that someone do A’ is \`O(∃x)Ax\` (group obligation); ‘there’s someone who has the obligation to do A’ is \`(∃x)OAx\` (specific person’s obligation). Different claims!
‘Someone’ is existential \`(∃x)\`, not universal \`(x)\`.",
              "id": 3,
              "label": "$ (x)OS\\underline{x} $",
            },
          ],
          "prompt": "Someone has the obligation to sell.",
        },
        {
          "answer": "",
          "correctId": [
            0,
          ],
          "id": "gen.L.12.2",
          "options": [
            {
              "id": 0,
              "label": "$ O(\\exists x)A\\underline{x} $",
            },
            {
              "hint": "‘It’s obligatory that someone do A’ is \`O(∃x)Ax\` (group obligation); ‘there’s someone who has the obligation to do A’ is \`(∃x)OAx\` (specific person’s obligation). Different claims!
Group obligation \`O(∃x)Ax\` ≠ individual obligation \`(∃x)OAx\`. Quantifier scope matters here. This prompt asserts the GROUP’s obligation.",
              "id": 1,
              "label": "$ (\\exists x)OA\\underline{x} $",
            },
            {
              "hint": "‘It’s obligatory that someone do A’ is \`O(∃x)Ax\` (group obligation); ‘there’s someone who has the obligation to do A’ is \`(∃x)OAx\` (specific person’s obligation). Different claims!
‘O’ must attach to an imperative wff — write \`OA{u}\`, not \`OAu\`.",
              "id": 2,
              "label": "$ O(\\exists x)Ax $",
            },
            {
              "hint": "‘It’s obligatory that someone do A’ is \`O(∃x)Ax\` (group obligation); ‘there’s someone who has the obligation to do A’ is \`(∃x)OAx\` (specific person’s obligation). Different claims!
‘Someone’ is existential \`(∃x)\`, not universal \`(x)\`.",
              "id": 3,
              "label": "$ O(x)A\\underline{x} $",
            },
          ],
          "prompt": "It’s obligatory that someone argue.",
        },
        {
          "answer": "",
          "correctId": [
            0,
          ],
          "id": "gen.L.14.3",
          "options": [
            {
              "id": 0,
              "label": "$ (OI\\underline{u} \\supset  \\lozenge Iu) $",
            },
            {
              "hint": "‘If you ought to do A, then A is possible’ — bridges deontic and modal: \`(OA{u} ⊃ ◇Au)\`. Often shortened as ‘ought implies can’.
You swapped antecedent and consequent — ‘A only if B’ is \`(A ⊃ B)\`.",
              "id": 1,
              "label": "$ (\\lozenge Iu \\supset  OI\\underline{u}) $",
            },
            {
              "hint": "‘If you ought to do A, then A is possible’ — bridges deontic and modal: \`(OA{u} ⊃ ◇Au)\`. Often shortened as ‘ought implies can’.
‘Only if’ is plain if-then, not entailment — drop the outer ‘☐’.",
              "id": 2,
              "label": "$ \\square (OI\\underline{u} \\supset  \\lozenge Iu) $",
            },
            {
              "hint": "‘If you ought to do A, then A is possible’ — bridges deontic and modal: \`(OA{u} ⊃ ◇Au)\`. Often shortened as ‘ought implies can’.
‘O’ must attach to an imperative wff — write \`OA{u}\`, not \`OAu\`.",
              "id": 3,
              "label": "$ (OIu \\supset  \\lozenge Iu) $",
            },
          ],
          "prompt": "It’s your duty to improvise, only if it’s possible for you to improvise.",
        },
        {
          "answer": "",
          "correctId": [
            0,
          ],
          "id": "gen.L.7.4",
          "options": [
            {
              "id": 0,
              "label": "$ O\\sim B\\underline{u} $",
            },
            {
              "hint": "‘O’ attaches to an imperative wff: \`OS{u}\` = ‘you ought to sing’. \`O\` followed by an underlined letter, not by a plain capital.
You dropped the ‘∼’.",
              "id": 1,
              "label": "$ OB\\underline{u} $",
            },
            {
              "hint": "‘O’ attaches to an imperative wff: \`OS{u}\` = ‘you ought to sing’. \`O\` followed by an underlined letter, not by a plain capital.
‘O’ must attach to an imperative wff — write \`OA{u}\`, not \`OAu\`.",
              "id": 2,
              "label": "$ O\\sim Bu $",
            },
            {
              "hint": "‘O’ attaches to an imperative wff: \`OS{u}\` = ‘you ought to sing’. \`O\` followed by an underlined letter, not by a plain capital.
Wrong scope — ‘ought not’ is \`O∼\`, not \`∼O\`.",
              "id": 3,
              "label": "$ \\sim OB\\underline{u} $",
            },
          ],
          "prompt": "It’s your duty not to boast.",
        },
        {
          "answer": "",
          "correctId": [
            0,
          ],
          "id": "gen.L.12.5",
          "options": [
            {
              "id": 0,
              "label": "$ O(\\exists x)S\\underline{x} $",
            },
            {
              "hint": "‘It’s obligatory that someone do A’ is \`O(∃x)Ax\` (group obligation); ‘there’s someone who has the obligation to do A’ is \`(∃x)OAx\` (specific person’s obligation). Different claims!
Group obligation \`O(∃x)Ax\` ≠ individual obligation \`(∃x)OAx\`. Quantifier scope matters here. This prompt asserts the GROUP’s obligation.",
              "id": 1,
              "label": "$ (\\exists x)OS\\underline{x} $",
            },
            {
              "hint": "‘It’s obligatory that someone do A’ is \`O(∃x)Ax\` (group obligation); ‘there’s someone who has the obligation to do A’ is \`(∃x)OAx\` (specific person’s obligation). Different claims!
‘O’ must attach to an imperative wff — write \`OA{u}\`, not \`OAu\`.",
              "id": 2,
              "label": "$ O(\\exists x)Sx $",
            },
            {
              "hint": "‘It’s obligatory that someone do A’ is \`O(∃x)Ax\` (group obligation); ‘there’s someone who has the obligation to do A’ is \`(∃x)OAx\` (specific person’s obligation). Different claims!
‘Someone’ is existential \`(∃x)\`, not universal \`(x)\`.",
              "id": 3,
              "label": "$ O(x)S\\underline{x} $",
            },
          ],
          "prompt": "It ought to be that someone sell.",
        },
        {
          "answer": "",
          "correctId": [
            0,
          ],
          "id": "gen.L.7.6",
          "options": [
            {
              "id": 0,
              "label": "$ O\\sim W\\underline{u} $",
            },
            {
              "hint": "‘O’ attaches to an imperative wff: \`OS{u}\` = ‘you ought to sing’. \`O\` followed by an underlined letter, not by a plain capital.
You dropped the ‘∼’.",
              "id": 1,
              "label": "$ OW\\underline{u} $",
            },
            {
              "hint": "‘O’ attaches to an imperative wff: \`OS{u}\` = ‘you ought to sing’. \`O\` followed by an underlined letter, not by a plain capital.
‘O’ must attach to an imperative wff — write \`OA{u}\`, not \`OAu\`.",
              "id": 2,
              "label": "$ O\\sim Wu $",
            },
            {
              "hint": "‘O’ attaches to an imperative wff: \`OS{u}\` = ‘you ought to sing’. \`O\` followed by an underlined letter, not by a plain capital.
Wrong scope — ‘ought not’ is \`O∼\`, not \`∼O\`.",
              "id": 3,
              "label": "$ \\sim OW\\underline{u} $",
            },
          ],
          "prompt": "It’s your duty not to wander.",
        },
        {
          "answer": "",
          "correctId": [
            0,
          ],
          "id": "gen.L.14.7",
          "options": [
            {
              "id": 0,
              "label": "$ \\square (OP\\underline{u} \\supset  RP\\underline{u}) $",
            },
            {
              "hint": "‘If you ought to do A, then A is possible’ — bridges deontic and modal: \`(OA{u} ⊃ ◇Au)\`. Often shortened as ‘ought implies can’.
‘Entails’ wraps the conditional in \`☐\` — see Gensler §10.1.",
              "id": 1,
              "label": "$ (OP\\underline{u} \\supset  RP\\underline{u}) $",
            },
            {
              "hint": "‘If you ought to do A, then A is possible’ — bridges deontic and modal: \`(OA{u} ⊃ ◇Au)\`. Often shortened as ‘ought implies can’.
The consequent is ‘permissible’, not the bare action — use \`R\` not raw P{u}.",
              "id": 2,
              "label": "$ \\square (OP\\underline{u} \\supset  P\\underline{u}) $",
            },
            {
              "hint": "‘If you ought to do A, then A is possible’ — bridges deontic and modal: \`(OA{u} ⊃ ◇Au)\`. Often shortened as ‘ought implies can’.
‘O’ must attach to an imperative wff — write \`OA{u}\`, not \`OAu\`.",
              "id": 3,
              "label": "$ \\square (OPu \\supset  RPu) $",
            },
          ],
          "prompt": "“You ought to pray” entails “It’s permissible for you to pray.”",
        },
        {
          "answer": "",
          "correctId": [
            0,
          ],
          "id": "gen.L.8.8",
          "options": [
            {
              "id": 0,
              "label": "$ O\\sim (P\\underline{u} \\cdot  \\sim G\\underline{u}) $",
            },
            {
              "hint": "‘You ought not to combine A with B’ → \`O∼(A{u} · B{u})\` — the negation is INSIDE the \`O\` operator.
‘Ought not to combine’ is the don’t-combine form \`O∼(… · …)\`, not a conditional \`(… ⊃ O∼…)\`.",
              "id": 1,
              "label": "$ (P\\underline{u} \\supset  OG\\underline{u}) $",
            },
            {
              "hint": "‘You ought not to combine A with B’ → \`O∼(A{u} · B{u})\` — the negation is INSIDE the \`O\` operator.
You dropped the ‘O’ — this is an obligation claim, not just a prohibition.",
              "id": 2,
              "label": "$ \\sim (P\\underline{u} \\cdot  \\sim G\\underline{u}) $",
            },
            {
              "hint": "‘You ought not to combine A with B’ → \`O∼(A{u} · B{u})\` — the negation is INSIDE the \`O\` operator.
You forgot to underline the imperative agent letter — descriptive \`Au\` and imperative \`A{u}\` are different wffs. (Both action letters are imperative.)",
              "id": 3,
              "label": "$ O\\sim (Pu \\cdot  \\sim Gu) $",
            },
          ],
          "prompt": "It’s wrong to combine praying with not groaning.",
        },
        {
          "answer": "",
          "correctId": [
            0,
          ],
          "id": "gen.L.7.9",
          "options": [
            {
              "id": 0,
              "label": "$ O\\sim H\\underline{u}p $",
            },
            {
              "hint": "‘O’ attaches to an imperative wff: \`OS{u}\` = ‘you ought to sing’. \`O\` followed by an underlined letter, not by a plain capital.
You dropped the ‘∼’.",
              "id": 1,
              "label": "$ OH\\underline{u}p $",
            },
            {
              "hint": "‘O’ attaches to an imperative wff: \`OS{u}\` = ‘you ought to sing’. \`O\` followed by an underlined letter, not by a plain capital.
‘O’ must attach to an imperative wff — write \`OA{u}\`, not \`OAu\`.",
              "id": 2,
              "label": "$ O\\sim Hup $",
            },
            {
              "hint": "‘O’ attaches to an imperative wff: \`OS{u}\` = ‘you ought to sing’. \`O\` followed by an underlined letter, not by a plain capital.
Wrong scope — ‘ought not’ is \`O∼\`, not \`∼O\`.",
              "id": 3,
              "label": "$ \\sim OH\\underline{u}p $",
            },
          ],
          "prompt": "It’s your duty not to help Pedro.",
        },
      ],
      "shuffleOptions": true,
      "slugs": [
        "Deontic",
        "translations",
        "Deontic",
      ],
      "title": "Deontic Translations: Deontic",
    },
  ],
  "title": "Deontic Translations: Imperative",
}
`;
