// Vitest Snapshot v1, https://vitest.dev/guide/snapshot.html

exports[`setN generator — top-level > matches snapshot for seed 42 1`] = `
{
  "header": "Translates into logic as:",
  "id": 14,
  "logicType": "Belief",
  "name": "Set N",
  "slugs": [
    "belief",
    "translations",
  ],
  "subSets": [
    {
      "description": "Translate claims about believing, not believing, and withholding belief into belief logic.",
      "header": "Translates into logic as:",
      "id": 14,
      "isNew": true,
      "logicType": "Belief",
      "name": "Set N",
      "questions": [
        {
          "answer": "",
          "correctId": [
            0,
          ],
          "id": "gen.N.7.0",
          "options": [
            {
              "id": 0,
              "label": "$ (x)x:OL\\underline{x} $",
            },
            {
              "hint": "‘Everyone believes that they ought to do A’ → \`(x)x:OA{x}\`. The outer (x) binds the believer, and the inner OA{x} says ‘you ought to do A’ for each x.
The outer believer is descriptive (each person laughs), don’t underline the first x.",
              "id": 1,
              "label": "$ (x)\\underline{x}:OL\\underline{x} $",
            },
            {
              "hint": "‘Everyone believes that they ought to do A’ → \`(x)x:OA{x}\`. The outer (x) binds the believer, and the inner OA{x} says ‘you ought to do A’ for each x.
O scopes over a single imperative-believe wff, not the whole quantifier.",
              "id": 2,
              "label": "$ O(x)x:L\\underline{x} $",
            },
            {
              "hint": "‘Everyone believes that they ought to do A’ → \`(x)x:OA{x}\`. The outer (x) binds the believer, and the inner OA{x} says ‘you ought to do A’ for each x.
‘Ought’ uses \`O\`. Don’t drop it. The prompt says ‘ought to laugh’.",
              "id": 3,
              "label": "$ (x)x:L\\underline{x} $",
            },
          ],
          "prompt": "Each person believes that they ought to laugh.",
        },
        {
          "answer": "",
          "correctId": [
            0,
          ],
          "id": "gen.N.0.1",
          "options": [
            {
              "id": 0,
              "label": "$ u:B $",
            },
            {
              "hint": "Descriptive belief: ‘You believe that A’ → \`u:A\`. The lowercase u (NOT underlined) plus colon plus the wff.
Since the sentence DESCRIBES what you believe, the letter before ‘:’ should NOT be underlined.",
              "id": 1,
              "label": "$ \\underline{u}:B $",
            },
            {
              "hint": "Descriptive belief: ‘You believe that A’ → \`u:A\`. The lowercase u (NOT underlined) plus colon plus the wff.
That means ‘you believe B is FALSE’ — wrong polarity.",
              "id": 2,
              "label": "$ u:\\sim B $",
            },
            {
              "hint": "Descriptive belief: ‘You believe that A’ → \`u:A\`. The lowercase u (NOT underlined) plus colon plus the wff.
That means ‘you DON’T believe B’ — wrong polarity.",
              "id": 3,
              "label": "$ \\sim u:B $",
            },
          ],
          "prompt": "You take B to be true.",
        },
        {
          "answer": "",
          "correctId": [
            0,
          ],
          "id": "gen.N.1.2",
          "options": [
            {
              "id": 0,
              "label": "$ \\underline{u}:F $",
            },
            {
              "hint": "Imperative belief: ‘Believe A!’ → \`{u}:A\`. The u is UNDERLINED — the underline marks the imperative addressed to you.
Since the sentence TELLS what to believe, the letter before ‘:’ SHOULD be underlined.",
              "id": 1,
              "label": "$ u:F $",
            },
            {
              "hint": "Imperative belief: ‘Believe A!’ → \`{u}:A\`. The u is UNDERLINED — the underline marks the imperative addressed to you.
That commands believing F is FALSE — wrong polarity.",
              "id": 2,
              "label": "$ \\underline{u}:\\sim F $",
            },
            {
              "hint": "Imperative belief: ‘Believe A!’ → \`{u}:A\`. The u is UNDERLINED — the underline marks the imperative addressed to you.
The prompt doesn’t use ‘ought’ — drop the O. (Right now you’ve added an O to an imperative-believe wff.)",
              "id": 3,
              "label": "$ O\\underline{u}:F $",
            },
          ],
          "prompt": "Take F to be true.",
        },
        {
          "answer": "",
          "correctId": [
            0,
          ],
          "id": "gen.N.3.3",
          "options": [
            {
              "id": 0,
              "label": "$ \\underline{u}:\\sim F $",
            },
            {
              "hint": "‘Believe that A is false’ → \`{u}:∼A\`. Underlined u (imperative) plus colon plus negated wff.
Since the sentence TELLS what to believe, the letter before ‘:’ SHOULD be underlined.",
              "id": 1,
              "label": "$ u:\\sim F $",
            },
            {
              "hint": "‘Believe that A is false’ → \`{u}:∼A\`. Underlined u (imperative) plus colon plus negated wff.
Negation scope: \`∼u:A\` (you don’t believe A) ≠ \`u:∼A\` (you believe not-A). Different positions of ‘∼’ mean different things. This commands DON’T-believe rather than believe-not.",
              "id": 2,
              "label": "$ \\sim \\underline{u}:F $",
            },
            {
              "hint": "‘Believe that A is false’ → \`{u}:∼A\`. Underlined u (imperative) plus colon plus negated wff.
You forgot the negation.",
              "id": 3,
              "label": "$ \\underline{u}:F $",
            },
          ],
          "prompt": "Believe not-F.",
        },
        {
          "answer": "",
          "correctId": [
            0,
          ],
          "id": "gen.N.5.4",
          "options": [
            {
              "id": 0,
              "label": "$ (u:P \\supset  \\sim \\underline{u}:W) $",
            },
            {
              "hint": "‘If you believe A, then don’t believe B’ → \`(u:A ⊃ ∼{u}:B)\`. The antecedent is descriptive (you do believe), the consequent is imperative (don’t-believe-it!).
Since the sentence TELLS what to believe, the letter before ‘:’ SHOULD be underlined. (The consequent is imperative.)",
              "id": 1,
              "label": "$ (u:P \\supset  \\sim u:W) $",
            },
            {
              "hint": "‘If you believe A, then don’t believe B’ → \`(u:A ⊃ ∼{u}:B)\`. The antecedent is descriptive (you do believe), the consequent is imperative (don’t-believe-it!).
Since the sentence DESCRIBES what you believe, the letter before ‘:’ should NOT be underlined. (The antecedent ‘if you believe A’ describes — don’t underline.)",
              "id": 2,
              "label": "$ (\\underline{u}:P \\supset  \\sim \\underline{u}:W) $",
            },
            {
              "hint": "‘If you believe A, then don’t believe B’ → \`(u:A ⊃ ∼{u}:B)\`. The antecedent is descriptive (you do believe), the consequent is imperative (don’t-believe-it!).
‘If A then B’ is \`(A ⊃ B)\`, not \`∼(A · B)\`. The latter is the don’t-combine form.",
              "id": 3,
              "label": "$ \\sim (u:P \\cdot  \\underline{u}:W) $",
            },
          ],
          "prompt": "If you believe P, then don’t believe W.",
        },
        {
          "answer": "",
          "correctId": [
            0,
          ],
          "id": "gen.N.7.5",
          "options": [
            {
              "id": 0,
              "label": "$ (x)x:OR\\underline{x} $",
            },
            {
              "hint": "‘Everyone believes that they ought to do A’ → \`(x)x:OA{x}\`. The outer (x) binds the believer, and the inner OA{x} says ‘you ought to do A’ for each x.
The outer believer is descriptive (each person repents), don’t underline the first x.",
              "id": 1,
              "label": "$ (x)\\underline{x}:OR\\underline{x} $",
            },
            {
              "hint": "‘Everyone believes that they ought to do A’ → \`(x)x:OA{x}\`. The outer (x) binds the believer, and the inner OA{x} says ‘you ought to do A’ for each x.
O scopes over a single imperative-believe wff, not the whole quantifier.",
              "id": 2,
              "label": "$ O(x)x:R\\underline{x} $",
            },
            {
              "hint": "‘Everyone believes that they ought to do A’ → \`(x)x:OA{x}\`. The outer (x) binds the believer, and the inner OA{x} says ‘you ought to do A’ for each x.
‘Ought’ uses \`O\`. Don’t drop it. The prompt says ‘ought to repent’.",
              "id": 3,
              "label": "$ (x)x:R\\underline{x} $",
            },
          ],
          "prompt": "Each person believes that they ought to repent.",
        },
        {
          "answer": "",
          "correctId": [
            0,
          ],
          "id": "gen.N.6.6",
          "options": [
            {
              "id": 0,
              "label": "$ \\sim (\\underline{u}:P \\cdot  \\underline{u}:M) $",
            },
            {
              "hint": "‘Don’t combine believing A with believing B’ → \`∼({u}:A · {u}:B)\`. Forbids the conjunction; both inner u’s are imperative.
‘Don’t combine A with B’ ≠ ‘If A then ∼B’ — the don’t-combine form forbids the conjunction.",
              "id": 1,
              "label": "$ (\\underline{u}:P \\supset  \\sim \\underline{u}:M) $",
            },
            {
              "hint": "‘Don’t combine believing A with believing B’ → \`∼({u}:A · {u}:B)\`. Forbids the conjunction; both inner u’s are imperative.
Since the sentence TELLS what to believe, the letter before ‘:’ SHOULD be underlined. (Both inner u’s are imperative-believe.)",
              "id": 2,
              "label": "$ \\sim (u:P \\cdot  u:M) $",
            },
            {
              "hint": "‘Don’t combine believing A with believing B’ → \`∼({u}:A · {u}:B)\`. Forbids the conjunction; both inner u’s are imperative.
That says ‘don’t believe A AND don’t believe B’ separately — different from forbidding their combination.",
              "id": 3,
              "label": "$ (\\sim \\underline{u}:P \\cdot  \\sim \\underline{u}:M) $",
            },
          ],
          "prompt": "Don’t combine believing P with believing M.",
        },
        {
          "answer": "",
          "correctId": [
            0,
          ],
          "id": "gen.N.4.7",
          "options": [
            {
              "id": 0,
              "label": "$ (\\sim u:E \\cdot  \\sim u:\\sim E) $",
            },
            {
              "hint": "‘You take no position on A’ → \`(∼u:A · ∼u:∼A)\`: you don’t believe A AND you don’t believe not-A.
That says ‘you don’t believe a contradiction’ — different claim. The original says you don’t believe E AND don’t believe not-E, as separate beliefs.",
              "id": 1,
              "label": "$ \\sim u:(E \\cdot  \\sim E) $",
            },
            {
              "hint": "‘You take no position on A’ → \`(∼u:A · ∼u:∼A)\`: you don’t believe A AND you don’t believe not-A.
Since the sentence DESCRIBES what you believe, the letter before ‘:’ should NOT be underlined.",
              "id": 2,
              "label": "$ (\\sim \\underline{u}:E \\cdot  \\sim \\underline{u}:\\sim E) $",
            },
            {
              "hint": "‘You take no position on A’ → \`(∼u:A · ∼u:∼A)\`: you don’t believe A AND you don’t believe not-A.
You inverted the negations — the prompt says you DON’T believe both.",
              "id": 3,
              "label": "$ (u:E \\cdot  u:\\sim E) $",
            },
          ],
          "prompt": "You don’t believe E and you don’t believe not-E.",
        },
        {
          "answer": "",
          "correctId": [
            0,
          ],
          "id": "gen.N.2.8",
          "options": [
            {
              "id": 0,
              "label": "$ \\sim \\underline{u}:F $",
            },
            {
              "hint": "‘You don’t believe A’ → \`∼u:A\`. Negation outside the colon. Different from ‘You believe not-A’ → \`u:∼A\`.
Negation scope: \`∼u:A\` (you don’t believe A) ≠ \`u:∼A\` (you believe not-A). Different positions of ‘∼’ mean different things. Here it’s the IMPERATIVE form.",
              "id": 1,
              "label": "$ \\underline{u}:\\sim F $",
            },
            {
              "hint": "‘You don’t believe A’ → \`∼u:A\`. Negation outside the colon. Different from ‘You believe not-A’ → \`u:∼A\`.
Since the sentence TELLS what to believe, the letter before ‘:’ SHOULD be underlined.",
              "id": 2,
              "label": "$ \\sim u:F $",
            },
            {
              "hint": "‘You don’t believe A’ → \`∼u:A\`. Negation outside the colon. Different from ‘You believe not-A’ → \`u:∼A\`.
That describes (you believe not-A) instead of telling (don’t believe A).",
              "id": 3,
              "label": "$ u:\\sim F $",
            },
          ],
          "prompt": "Don’t believe that F is true.",
        },
        {
          "answer": "",
          "correctId": [
            0,
          ],
          "id": "gen.N.5.9",
          "options": [
            {
              "id": 0,
              "label": "$ (u:T \\supset  \\sim \\underline{u}:D) $",
            },
            {
              "hint": "‘If you believe A, then don’t believe B’ → \`(u:A ⊃ ∼{u}:B)\`. The antecedent is descriptive (you do believe), the consequent is imperative (don’t-believe-it!).
Since the sentence TELLS what to believe, the letter before ‘:’ SHOULD be underlined. (The consequent is imperative.)",
              "id": 1,
              "label": "$ (u:T \\supset  \\sim u:D) $",
            },
            {
              "hint": "‘If you believe A, then don’t believe B’ → \`(u:A ⊃ ∼{u}:B)\`. The antecedent is descriptive (you do believe), the consequent is imperative (don’t-believe-it!).
Since the sentence DESCRIBES what you believe, the letter before ‘:’ should NOT be underlined. (The antecedent ‘if you believe A’ describes — don’t underline.)",
              "id": 2,
              "label": "$ (\\underline{u}:T \\supset  \\sim \\underline{u}:D) $",
            },
            {
              "hint": "‘If you believe A, then don’t believe B’ → \`(u:A ⊃ ∼{u}:B)\`. The antecedent is descriptive (you do believe), the consequent is imperative (don’t-believe-it!).
‘If A then B’ is \`(A ⊃ B)\`, not \`∼(A · B)\`. The latter is the don’t-combine form.",
              "id": 3,
              "label": "$ \\sim (u:T \\cdot  \\underline{u}:D) $",
            },
          ],
          "prompt": "Refuse to believe D if you believe T.",
        },
      ],
      "shuffleOptions": true,
      "slugs": [
        "belief",
        "translations",
        "basic",
      ],
      "title": "Belief Translations: Believing",
    },
    {
      "description": "Translate wanting, resolving, and acting — the willing side of belief logic — into formulas.",
      "header": "Translates into logic as:",
      "id": 14,
      "isNew": true,
      "logicType": "Belief",
      "name": "Set N",
      "questions": [
        {
          "answer": "",
          "correctId": [
            0,
          ],
          "id": "gen.N.4.0",
          "options": [
            {
              "id": 0,
              "label": "$ \\sim (\\underline{u}:S\\underline{u} \\cdot  \\sim Su) $",
            },
            {
              "hint": "‘Don’t combine wanting yourself to do A with not doing A’ → \`∼({u}:A{u} · ∼Au)\`. The first conjunct is your accepting the imperative to act; the second is your not actually doing it.
‘Don’t combine A with B’ is the don’t-combine form \`∼(A · B)\`, not the if-then \`(A ⊃ ∼B)\`.",
              "id": 1,
              "label": "$ (\\underline{u}:S\\underline{u} \\supset  Su) $",
            },
            {
              "hint": "‘Don’t combine wanting yourself to do A with not doing A’ → \`∼({u}:A{u} · ∼Au)\`. The first conjunct is your accepting the imperative to act; the second is your not actually doing it.
The second conjunct is descriptive (you don’t actually sing) — don’t underline the u in Su.",
              "id": 2,
              "label": "$ \\sim (\\underline{u}:S\\underline{u} \\cdot  \\sim S\\underline{u}) $",
            },
            {
              "hint": "‘Don’t combine wanting yourself to do A with not doing A’ → \`∼({u}:A{u} · ∼Au)\`. The first conjunct is your accepting the imperative to act; the second is your not actually doing it.
You forgot to underline the u — descriptive \`u:A\` and imperative \`{u}:A\` are different wffs. (The inner S{u} is imperative — what you’re wanting yourself to do.)",
              "id": 3,
              "label": "$ \\sim (\\underline{u}:Su \\cdot  \\sim Su) $",
            },
          ],
          "prompt": "Don’t combine wanting yourself to sing with not singing.",
        },
        {
          "answer": "",
          "correctId": [
            0,
          ],
          "id": "gen.N.3.1",
          "options": [
            {
              "id": 0,
              "label": "$ (Lu \\supset  u:F\\underline{u}) $",
            },
            {
              "hint": "‘You resolve to do A’ = ‘You accept the imperative for you to do A’ → \`u:A{u}\`. The outer u: is your accepting the imperative; the inner A{u} is the imperative addressed to you.
You forgot to underline the u — descriptive \`u:A\` and imperative \`{u}:A\` are different wffs. (The inner Fu is the imperative ‘forfeit!’.)",
              "id": 1,
              "label": "$ (Lu \\supset  u:Fu) $",
            },
            {
              "hint": "‘You resolve to do A’ = ‘You accept the imperative for you to do A’ → \`u:A{u}\`. The outer u: is your accepting the imperative; the inner A{u} is the imperative addressed to you.
Since the sentence DESCRIBES what you believe, the letter before ‘:’ should NOT be underlined. (The antecedent ‘you ARE L’ describes — don’t underline.)",
              "id": 2,
              "label": "$ (L\\underline{u} \\supset  u:F\\underline{u}) $",
            },
            {
              "hint": "‘You resolve to do A’ = ‘You accept the imperative for you to do A’ → \`u:A{u}\`. The outer u: is your accepting the imperative; the inner A{u} is the imperative addressed to you.
Since the sentence DESCRIBES what you believe, the letter before ‘:’ should NOT be underlined. (Outer u: is descriptive — you DO resolve, you’re not commanded to.)",
              "id": 3,
              "label": "$ (Lu \\supset  \\underline{u}:F\\underline{u}) $",
            },
          ],
          "prompt": "You’re resolved that if you are L then you’ll forfeit.",
        },
        {
          "answer": "",
          "correctId": [
            0,
          ],
          "id": "gen.N.1.2",
          "options": [
            {
              "id": 0,
              "label": "$ u:(x)C\\underline{x} $",
            },
            {
              "hint": "‘You want everyone to do A’ → \`u:(x)A{x}\`. Outer u: is descriptive (you do want this); inner (x)A{x} is the universal imperative ‘let everyone do A’.
You forgot to underline the x — descriptive \`u:A\` and imperative \`{u}:A\` are different wffs. (The inner Cx is imperative.)",
              "id": 1,
              "label": "$ u:(x)Cx $",
            },
            {
              "hint": "‘You want everyone to do A’ → \`u:(x)A{x}\`. Outer u: is descriptive (you do want this); inner (x)A{x} is the universal imperative ‘let everyone do A’.
Since the sentence DESCRIBES what you believe, the letter before ‘:’ should NOT be underlined. (The outer u: describes you DOING the wanting.)",
              "id": 2,
              "label": "$ \\underline{u}:(x)C\\underline{x} $",
            },
            {
              "hint": "‘You want everyone to do A’ → \`u:(x)A{x}\`. Outer u: is descriptive (you do want this); inner (x)A{x} is the universal imperative ‘let everyone do A’.
‘Everyone’ is universal \`(x)\`, not existential \`(∃x)\`.",
              "id": 3,
              "label": "$ u:(\\exists x)C\\underline{x} $",
            },
          ],
          "prompt": "You’d like everyone to complain.",
        },
        {
          "answer": "",
          "correctId": [
            0,
          ],
          "id": "gen.N.4.3",
          "options": [
            {
              "id": 0,
              "label": "$ \\sim (\\underline{u}:W\\underline{u} \\cdot  \\sim Wu) $",
            },
            {
              "hint": "‘Don’t combine wanting yourself to do A with not doing A’ → \`∼({u}:A{u} · ∼Au)\`. The first conjunct is your accepting the imperative to act; the second is your not actually doing it.
‘Don’t combine A with B’ is the don’t-combine form \`∼(A · B)\`, not the if-then \`(A ⊃ ∼B)\`.",
              "id": 1,
              "label": "$ (\\underline{u}:W\\underline{u} \\supset  Wu) $",
            },
            {
              "hint": "‘Don’t combine wanting yourself to do A with not doing A’ → \`∼({u}:A{u} · ∼Au)\`. The first conjunct is your accepting the imperative to act; the second is your not actually doing it.
The second conjunct is descriptive (you don’t actually wander) — don’t underline the u in Wu.",
              "id": 2,
              "label": "$ \\sim (\\underline{u}:W\\underline{u} \\cdot  \\sim W\\underline{u}) $",
            },
            {
              "hint": "‘Don’t combine wanting yourself to do A with not doing A’ → \`∼({u}:A{u} · ∼Au)\`. The first conjunct is your accepting the imperative to act; the second is your not actually doing it.
You forgot to underline the u — descriptive \`u:A\` and imperative \`{u}:A\` are different wffs. (The inner W{u} is imperative — what you’re wanting yourself to do.)",
              "id": 3,
              "label": "$ \\sim (\\underline{u}:Wu \\cdot  \\sim Wu) $",
            },
          ],
          "prompt": "Don’t combine wanting yourself to wander with not wandering.",
        },
        {
          "answer": "",
          "correctId": [
            0,
          ],
          "id": "gen.N.2.4",
          "options": [
            {
              "id": 0,
              "label": "$ \\underline{u}:(x)A\\underline{x} $",
            },
            {
              "hint": "‘You want everyone to do A’ → \`u:(x)A{x}\`. Outer u: is descriptive (you do want this); inner (x)A{x} is the universal imperative ‘let everyone do A’.
Since the sentence TELLS what to believe, the letter before ‘:’ SHOULD be underlined. (Outer u: is imperative — the prompt is a command to want.)",
              "id": 1,
              "label": "$ u:(x)A\\underline{x} $",
            },
            {
              "hint": "‘You want everyone to do A’ → \`u:(x)A{x}\`. Outer u: is descriptive (you do want this); inner (x)A{x} is the universal imperative ‘let everyone do A’.
You forgot to underline the x — descriptive \`u:A\` and imperative \`{u}:A\` are different wffs. (The inner Ax is also imperative.)",
              "id": 2,
              "label": "$ \\underline{u}:(x)Ax $",
            },
            {
              "hint": "‘You want everyone to do A’ → \`u:(x)A{x}\`. Outer u: is descriptive (you do want this); inner (x)A{x} is the universal imperative ‘let everyone do A’.
‘Ought’ uses \`O\`. Don’t drop it. — wait, the prompt doesn’t say ‘ought’, just ‘want’. Drop the O.",
              "id": 3,
              "label": "$ O\\underline{u}:(x)A\\underline{x} $",
            },
          ],
          "prompt": "Would that everyone argue.",
        },
        {
          "answer": "",
          "correctId": [
            0,
          ],
          "id": "gen.N.1.5",
          "options": [
            {
              "id": 0,
              "label": "$ u:(x)M\\underline{x} $",
            },
            {
              "hint": "‘You want everyone to do A’ → \`u:(x)A{x}\`. Outer u: is descriptive (you do want this); inner (x)A{x} is the universal imperative ‘let everyone do A’.
You forgot to underline the x — descriptive \`u:A\` and imperative \`{u}:A\` are different wffs. (The inner Mx is imperative.)",
              "id": 1,
              "label": "$ u:(x)Mx $",
            },
            {
              "hint": "‘You want everyone to do A’ → \`u:(x)A{x}\`. Outer u: is descriptive (you do want this); inner (x)A{x} is the universal imperative ‘let everyone do A’.
Since the sentence DESCRIBES what you believe, the letter before ‘:’ should NOT be underlined. (The outer u: describes you DOING the wanting.)",
              "id": 2,
              "label": "$ \\underline{u}:(x)M\\underline{x} $",
            },
            {
              "hint": "‘You want everyone to do A’ → \`u:(x)A{x}\`. Outer u: is descriptive (you do want this); inner (x)A{x} is the universal imperative ‘let everyone do A’.
‘Everyone’ is universal \`(x)\`, not existential \`(∃x)\`.",
              "id": 3,
              "label": "$ u:(\\exists x)M\\underline{x} $",
            },
          ],
          "prompt": "You want everyone to meditate.",
        },
        {
          "answer": "",
          "correctId": [
            0,
          ],
          "id": "gen.N.4.6",
          "options": [
            {
              "id": 0,
              "label": "$ \\sim (\\underline{u}:S\\underline{u} \\cdot  \\sim Su) $",
            },
            {
              "hint": "‘Don’t combine wanting yourself to do A with not doing A’ → \`∼({u}:A{u} · ∼Au)\`. The first conjunct is your accepting the imperative to act; the second is your not actually doing it.
‘Don’t combine A with B’ is the don’t-combine form \`∼(A · B)\`, not the if-then \`(A ⊃ ∼B)\`.",
              "id": 1,
              "label": "$ (\\underline{u}:S\\underline{u} \\supset  Su) $",
            },
            {
              "hint": "‘Don’t combine wanting yourself to do A with not doing A’ → \`∼({u}:A{u} · ∼Au)\`. The first conjunct is your accepting the imperative to act; the second is your not actually doing it.
The second conjunct is descriptive (you don’t actually sell) — don’t underline the u in Su.",
              "id": 2,
              "label": "$ \\sim (\\underline{u}:S\\underline{u} \\cdot  \\sim S\\underline{u}) $",
            },
            {
              "hint": "‘Don’t combine wanting yourself to do A with not doing A’ → \`∼({u}:A{u} · ∼Au)\`. The first conjunct is your accepting the imperative to act; the second is your not actually doing it.
You forgot to underline the u — descriptive \`u:A\` and imperative \`{u}:A\` are different wffs. (The inner S{u} is imperative — what you’re wanting yourself to do.)",
              "id": 3,
              "label": "$ \\sim (\\underline{u}:Su \\cdot  \\sim Su) $",
            },
          ],
          "prompt": "Don’t both want yourself to sell and fail to sell.",
        },
        {
          "answer": "",
          "correctId": [
            0,
          ],
          "id": "gen.N.2.7",
          "options": [
            {
              "id": 0,
              "label": "$ \\underline{u}:(x)A\\underline{x} $",
            },
            {
              "hint": "‘You want everyone to do A’ → \`u:(x)A{x}\`. Outer u: is descriptive (you do want this); inner (x)A{x} is the universal imperative ‘let everyone do A’.
Since the sentence TELLS what to believe, the letter before ‘:’ SHOULD be underlined. (Outer u: is imperative — the prompt is a command to want.)",
              "id": 1,
              "label": "$ u:(x)A\\underline{x} $",
            },
            {
              "hint": "‘You want everyone to do A’ → \`u:(x)A{x}\`. Outer u: is descriptive (you do want this); inner (x)A{x} is the universal imperative ‘let everyone do A’.
You forgot to underline the x — descriptive \`u:A\` and imperative \`{u}:A\` are different wffs. (The inner Ax is also imperative.)",
              "id": 2,
              "label": "$ \\underline{u}:(x)Ax $",
            },
            {
              "hint": "‘You want everyone to do A’ → \`u:(x)A{x}\`. Outer u: is descriptive (you do want this); inner (x)A{x} is the universal imperative ‘let everyone do A’.
‘Ought’ uses \`O\`. Don’t drop it. — wait, the prompt doesn’t say ‘ought’, just ‘want’. Drop the O.",
              "id": 3,
              "label": "$ O\\underline{u}:(x)A\\underline{x} $",
            },
          ],
          "prompt": "Want everyone to apologize.",
        },
        {
          "answer": "",
          "correctId": [
            0,
          ],
          "id": "gen.N.0.8",
          "options": [
            {
              "id": 0,
              "label": "$ u:A\\underline{m}u $",
            },
            {
              "hint": "‘You want X to do A’ → \`u:A{X}\`. Outer u: is descriptive (you do want this); inner A{X} is the imperative ‘X, do A!’ (X is the agent told to do A — so X gets underlined).
You forgot to underline Maya’s letter m — descriptive \`u:A\` and imperative \`{u}:A\` are different wffs. (Maya is the imperative agent.)",
              "id": 1,
              "label": "$ u:Amu $",
            },
            {
              "hint": "‘You want X to do A’ → \`u:A{X}\`. Outer u: is descriptive (you do want this); inner A{X} is the imperative ‘X, do A!’ (X is the agent told to do A — so X gets underlined).
Since the sentence DESCRIBES what you believe, the letter before ‘:’ should NOT be underlined. (The outer u: describes you DOING the wanting.)",
              "id": 2,
              "label": "$ \\underline{u}:A\\underline{m}u $",
            },
            {
              "hint": "‘You want X to do A’ → \`u:A{X}\`. Outer u: is descriptive (you do want this); inner A{X} is the imperative ‘X, do A!’ (X is the agent told to do A — so X gets underlined).
You underlined u (yourself) instead of m (Maya). The agent told to attack is Maya, not you.",
              "id": 3,
              "label": "$ u:Am\\underline{u} $",
            },
          ],
          "prompt": "You wish Maya would attack you.",
        },
        {
          "answer": "",
          "correctId": [
            0,
          ],
          "id": "gen.N.4.9",
          "options": [
            {
              "id": 0,
              "label": "$ \\sim (\\underline{u}:R\\underline{u} \\cdot  \\sim Ru) $",
            },
            {
              "hint": "‘Don’t combine wanting yourself to do A with not doing A’ → \`∼({u}:A{u} · ∼Au)\`. The first conjunct is your accepting the imperative to act; the second is your not actually doing it.
‘Don’t combine A with B’ is the don’t-combine form \`∼(A · B)\`, not the if-then \`(A ⊃ ∼B)\`.",
              "id": 1,
              "label": "$ (\\underline{u}:R\\underline{u} \\supset  Ru) $",
            },
            {
              "hint": "‘Don’t combine wanting yourself to do A with not doing A’ → \`∼({u}:A{u} · ∼Au)\`. The first conjunct is your accepting the imperative to act; the second is your not actually doing it.
The second conjunct is descriptive (you don’t actually repent) — don’t underline the u in Ru.",
              "id": 2,
              "label": "$ \\sim (\\underline{u}:R\\underline{u} \\cdot  \\sim R\\underline{u}) $",
            },
            {
              "hint": "‘Don’t combine wanting yourself to do A with not doing A’ → \`∼({u}:A{u} · ∼Au)\`. The first conjunct is your accepting the imperative to act; the second is your not actually doing it.
You forgot to underline the u — descriptive \`u:A\` and imperative \`{u}:A\` are different wffs. (The inner R{u} is imperative — what you’re wanting yourself to do.)",
              "id": 3,
              "label": "$ \\sim (\\underline{u}:Ru \\cdot  \\sim Ru) $",
            },
          ],
          "prompt": "Don’t want to repent without actually repenting.",
        },
      ],
      "shuffleOptions": true,
      "slugs": [
        "belief",
        "translations",
        "willing",
      ],
      "title": "Belief Translations: Willing",
    },
    {
      "description": "Translate what is evident, reasonable, and rational to believe into belief-logic formulas.",
      "header": "Translates into logic as:",
      "id": 14,
      "isNew": true,
      "logicType": "Belief",
      "name": "Set N",
      "questions": [
        {
          "answer": "",
          "correctId": [
            0,
          ],
          "id": "gen.N.0.0",
          "options": [
            {
              "id": 0,
              "label": "$ O\\underline{u}:W $",
            },
            {
              "hint": "‘You ought to believe A’ / ‘A is evident to you’ → \`O{u}:A\`. The O attaches to the imperative-believe wff; cannot attach to descriptive \`u:A\`.
‘O’ must attach to an imperative wff — write \`O{u}:A\`, not \`Ou:A\`.",
              "id": 1,
              "label": "$ Ou:W $",
            },
            {
              "hint": "‘You ought to believe A’ / ‘A is evident to you’ → \`O{u}:A\`. The O attaches to the imperative-believe wff; cannot attach to descriptive \`u:A\`.
Wrong scope — O attaches to the BELIEF wff, not to the inner proposition.",
              "id": 2,
              "label": "$ \\underline{u}:OW $",
            },
            {
              "hint": "‘You ought to believe A’ / ‘A is evident to you’ → \`O{u}:A\`. The O attaches to the imperative-believe wff; cannot attach to descriptive \`u:A\`.
You dropped the believer — \`OW\` is ‘W is obligatory’, not ‘you ought to believe W’.",
              "id": 3,
              "label": "$ OW $",
            },
          ],
          "prompt": "W is evident to you.",
        },
        {
          "answer": "",
          "correctId": [
            0,
          ],
          "id": "gen.N.2.1",
          "options": [
            {
              "id": 0,
              "label": "$ \\sim R\\underline{u}:K $",
            },
            {
              "hint": "‘It would be unreasonable for you to believe A’ → \`∼R{u}:A\` (= \`O∼{u}:A\`). Saying it’s NOT permissible to believe.
Wrong scope — ‘unreasonable’ negates R (NOT permissible to believe), not the believing.",
              "id": 1,
              "label": "$ R\\sim \\underline{u}:K $",
            },
            {
              "hint": "‘It would be unreasonable for you to believe A’ → \`∼R{u}:A\` (= \`O∼{u}:A\`). Saying it’s NOT permissible to believe.
‘R’ must attach to an imperative wff — write \`R{u}:A\`, not \`Ru:A\`.",
              "id": 2,
              "label": "$ \\sim Ru:K $",
            },
            {
              "hint": "‘It would be unreasonable for you to believe A’ → \`∼R{u}:A\` (= \`O∼{u}:A\`). Saying it’s NOT permissible to believe.
That says ‘you ought to believe NOT-A’ — different claim. ‘Unreasonable to believe A’ doesn’t entail ‘ought to believe not-A’.",
              "id": 3,
              "label": "$ O\\underline{u}:\\sim K $",
            },
          ],
          "prompt": "It’s unreasonable for you to believe K.",
        },
        {
          "answer": "",
          "correctId": [
            0,
          ],
          "id": "gen.N.5.2",
          "options": [
            {
              "id": 0,
              "label": "$ O\\sim (\\underline{u}:M \\cdot  \\underline{u}:\\sim M) $",
            },
            {
              "hint": "‘You ought not to combine believing A with believing not-A’ → \`O∼({u}:A · {u}:∼A)\`. The O wraps the negation of the conjunction.
Use ONE O outside the negated conjunction; ‘ought not to (do both)’, not ‘ought not to do A AND ought not to do not-A’.",
              "id": 1,
              "label": "$ (O\\sim \\underline{u}:M \\cdot  O\\sim \\underline{u}:\\sim M) $",
            },
            {
              "hint": "‘You ought not to combine believing A with believing not-A’ → \`O∼({u}:A · {u}:∼A)\`. The O wraps the negation of the conjunction.
Wrong scope — \`∼O…\` says ‘not obligatory to combine’; the prompt says ‘ought not to combine’ which is \`O∼…\`.",
              "id": 2,
              "label": "$ \\sim O(\\underline{u}:M \\cdot  \\underline{u}:\\sim M) $",
            },
            {
              "hint": "‘You ought not to combine believing A with believing not-A’ → \`O∼({u}:A · {u}:∼A)\`. The O wraps the negation of the conjunction.
‘O’ must attach to an imperative wff — write \`O{u}:A\`, not \`Ou:A\`. (The inner believing here is what you’re obligated NOT to do — imperative.)",
              "id": 3,
              "label": "$ O\\sim (u:M \\cdot  u:\\sim M) $",
            },
          ],
          "prompt": "It’s wrong to combine believing M with believing not-M.",
        },
        {
          "answer": "",
          "correctId": [
            0,
          ],
          "id": "gen.N.4.3",
          "options": [
            {
              "id": 0,
              "label": "$ (O\\underline{u}:W \\supset  O\\underline{u}:G) $",
            },
            {
              "hint": "‘If it’s evident to you that A, then it’s evident to you that B’ → \`(O{u}:A ⊃ O{u}:B)\`. Each side has its own imperative-believe operator.
Wrong scope — that says ‘the conditional A⊃B is evident to you’, different from ‘if-A-evident then B-evident’.",
              "id": 1,
              "label": "$ O\\underline{u}:(W \\supset  G) $",
            },
            {
              "hint": "‘If it’s evident to you that A, then it’s evident to you that B’ → \`(O{u}:A ⊃ O{u}:B)\`. Each side has its own imperative-believe operator.
You dropped the second O — both sides are about evidence/ought-to-believe.",
              "id": 2,
              "label": "$ (O\\underline{u}:W \\supset  \\underline{u}:G) $",
            },
            {
              "hint": "‘If it’s evident to you that A, then it’s evident to you that B’ → \`(O{u}:A ⊃ O{u}:B)\`. Each side has its own imperative-believe operator.
‘O’ must attach to an imperative wff — write \`O{u}:A\`, not \`Ou:A\`.",
              "id": 3,
              "label": "$ (Ou:W \\supset  Ou:G) $",
            },
          ],
          "prompt": "If W is evident to you, then G is evident to you.",
        },
        {
          "answer": "",
          "correctId": [
            0,
          ],
          "id": "gen.N.3.4",
          "options": [
            {
              "id": 0,
              "label": "$ R(\\sim \\underline{u}:Z \\cdot  \\sim \\underline{u}:\\sim Z) $",
            },
            {
              "hint": "‘It would be reasonable for you to take no position on A’ → \`R(∼{u}:A · ∼{u}:∼A)\`. R wraps the don’t-believe-A AND don’t-believe-not-A imperative conjunction.
Use ONE R outside the conjunction; ‘reasonable to (X and Y)’, not ‘(reasonable X) and (reasonable Y)’.",
              "id": 1,
              "label": "$ (R\\sim \\underline{u}:Z \\cdot  R\\sim \\underline{u}:\\sim Z) $",
            },
            {
              "hint": "‘It would be reasonable for you to take no position on A’ → \`R(∼{u}:A · ∼{u}:∼A)\`. R wraps the don’t-believe-A AND don’t-believe-not-A imperative conjunction.
Since the sentence TELLS what to believe, the letter before ‘:’ SHOULD be underlined. (R applies to imperative believing, so both inner u’s are underlined.)",
              "id": 2,
              "label": "$ R(\\sim u:Z \\cdot  \\sim u:\\sim Z) $",
            },
            {
              "hint": "‘It would be reasonable for you to take no position on A’ → \`R(∼{u}:A · ∼{u}:∼A)\`. R wraps the don’t-believe-A AND don’t-believe-not-A imperative conjunction.
That says ‘not permissible to (believe A AND believe not-A)’ — about combining beliefs, not taking no position.",
              "id": 3,
              "label": "$ \\sim R(\\underline{u}:Z \\cdot  \\underline{u}:\\sim Z) $",
            },
          ],
          "prompt": "Agnosticism about Z is reasonable for you.",
        },
        {
          "answer": "",
          "correctId": [
            0,
          ],
          "id": "gen.N.1.5",
          "options": [
            {
              "id": 0,
              "label": "$ R\\underline{u}:W $",
            },
            {
              "hint": "‘A is reasonable for you to believe’ → \`R{u}:A\`. R is the deontic permission operator; like O, it attaches only to imperative wffs.
‘R’ must attach to an imperative wff — write \`R{u}:A\`, not \`Ru:A\`.",
              "id": 1,
              "label": "$ Ru:W $",
            },
            {
              "hint": "‘A is reasonable for you to believe’ → \`R{u}:A\`. R is the deontic permission operator; like O, it attaches only to imperative wffs.
Wrong operator — ‘reasonable’ is \`R\`, ‘ought’ is \`O\`. ‘Reasonable’ is weaker.",
              "id": 2,
              "label": "$ O\\underline{u}:W $",
            },
            {
              "hint": "‘A is reasonable for you to believe’ → \`R{u}:A\`. R is the deontic permission operator; like O, it attaches only to imperative wffs.
Wrong scope — R attaches to the BELIEF wff, not to the inner proposition.",
              "id": 3,
              "label": "$ \\underline{u}:RW $",
            },
          ],
          "prompt": "W is reasonable for you to believe.",
        },
        {
          "answer": "",
          "correctId": [
            0,
          ],
          "id": "gen.N.5.6",
          "options": [
            {
              "id": 0,
              "label": "$ O\\sim (\\underline{u}:T \\cdot  \\underline{u}:\\sim T) $",
            },
            {
              "hint": "‘You ought not to combine believing A with believing not-A’ → \`O∼({u}:A · {u}:∼A)\`. The O wraps the negation of the conjunction.
Use ONE O outside the negated conjunction; ‘ought not to (do both)’, not ‘ought not to do A AND ought not to do not-A’.",
              "id": 1,
              "label": "$ (O\\sim \\underline{u}:T \\cdot  O\\sim \\underline{u}:\\sim T) $",
            },
            {
              "hint": "‘You ought not to combine believing A with believing not-A’ → \`O∼({u}:A · {u}:∼A)\`. The O wraps the negation of the conjunction.
Wrong scope — \`∼O…\` says ‘not obligatory to combine’; the prompt says ‘ought not to combine’ which is \`O∼…\`.",
              "id": 2,
              "label": "$ \\sim O(\\underline{u}:T \\cdot  \\underline{u}:\\sim T) $",
            },
            {
              "hint": "‘You ought not to combine believing A with believing not-A’ → \`O∼({u}:A · {u}:∼A)\`. The O wraps the negation of the conjunction.
‘O’ must attach to an imperative wff — write \`O{u}:A\`, not \`Ou:A\`. (The inner believing here is what you’re obligated NOT to do — imperative.)",
              "id": 3,
              "label": "$ O\\sim (u:T \\cdot  u:\\sim T) $",
            },
          ],
          "prompt": "It’s wrong to combine believing T with believing not-T.",
        },
        {
          "answer": "",
          "correctId": [
            0,
          ],
          "id": "gen.N.2.7",
          "options": [
            {
              "id": 0,
              "label": "$ \\sim R\\underline{u}:F $",
            },
            {
              "hint": "‘It would be unreasonable for you to believe A’ → \`∼R{u}:A\` (= \`O∼{u}:A\`). Saying it’s NOT permissible to believe.
Wrong scope — ‘unreasonable’ negates R (NOT permissible to believe), not the believing.",
              "id": 1,
              "label": "$ R\\sim \\underline{u}:F $",
            },
            {
              "hint": "‘It would be unreasonable for you to believe A’ → \`∼R{u}:A\` (= \`O∼{u}:A\`). Saying it’s NOT permissible to believe.
‘R’ must attach to an imperative wff — write \`R{u}:A\`, not \`Ru:A\`.",
              "id": 2,
              "label": "$ \\sim Ru:F $",
            },
            {
              "hint": "‘It would be unreasonable for you to believe A’ → \`∼R{u}:A\` (= \`O∼{u}:A\`). Saying it’s NOT permissible to believe.
That says ‘you ought to believe NOT-A’ — different claim. ‘Unreasonable to believe A’ doesn’t entail ‘ought to believe not-A’.",
              "id": 3,
              "label": "$ O\\underline{u}:\\sim F $",
            },
          ],
          "prompt": "It’s rationally impermissible for you to believe F.",
        },
        {
          "answer": "",
          "correctId": [
            0,
          ],
          "id": "gen.N.0.8",
          "options": [
            {
              "id": 0,
              "label": "$ O\\underline{u}:K $",
            },
            {
              "hint": "‘You ought to believe A’ / ‘A is evident to you’ → \`O{u}:A\`. The O attaches to the imperative-believe wff; cannot attach to descriptive \`u:A\`.
‘O’ must attach to an imperative wff — write \`O{u}:A\`, not \`Ou:A\`.",
              "id": 1,
              "label": "$ Ou:K $",
            },
            {
              "hint": "‘You ought to believe A’ / ‘A is evident to you’ → \`O{u}:A\`. The O attaches to the imperative-believe wff; cannot attach to descriptive \`u:A\`.
Wrong scope — O attaches to the BELIEF wff, not to the inner proposition.",
              "id": 2,
              "label": "$ \\underline{u}:OK $",
            },
            {
              "hint": "‘You ought to believe A’ / ‘A is evident to you’ → \`O{u}:A\`. The O attaches to the imperative-believe wff; cannot attach to descriptive \`u:A\`.
You dropped the believer — \`OK\` is ‘K is obligatory’, not ‘you ought to believe K’.",
              "id": 3,
              "label": "$ OK $",
            },
          ],
          "prompt": "You ought to believe that K is true.",
        },
        {
          "answer": "",
          "correctId": [
            0,
          ],
          "id": "gen.N.6.9",
          "options": [
            {
              "id": 0,
              "label": "$ (O\\underline{u}:G \\cdot  G \\cdot  u:G) $",
            },
            {
              "hint": "Gensler’s knowledge-as-evident-true-belief: “you know A” ≈ \`(O{u}:A · A · u:A)\` — A is evident to you, A is true, AND you actually believe A.
You dropped the truth condition — knowledge requires that G actually be true.",
              "id": 1,
              "label": "$ (O\\underline{u}:G \\cdot  u:G) $",
            },
            {
              "hint": "Gensler’s knowledge-as-evident-true-belief: “you know A” ≈ \`(O{u}:A · A · u:A)\` — A is evident to you, A is true, AND you actually believe A.
You dropped the evidence condition — true belief alone isn’t knowledge per Gensler §13.5.",
              "id": 2,
              "label": "$ (G \\cdot  u:G) $",
            },
            {
              "hint": "Gensler’s knowledge-as-evident-true-belief: “you know A” ≈ \`(O{u}:A · A · u:A)\` — A is evident to you, A is true, AND you actually believe A.
Evidence alone isn’t knowledge — you also need G to be true and you to actually believe G.",
              "id": 3,
              "label": "$ O\\underline{u}:G $",
            },
          ],
          "prompt": "You know that G is true.",
        },
      ],
      "shuffleOptions": true,
      "slugs": [
        "belief",
        "translations",
        "rationality",
      ],
      "title": "Belief Translations: Rationality",
    },
  ],
  "title": "Belief",
}
`;
