// Vitest Snapshot v1, https://vitest.dev/guide/snapshot.html

exports[`setN generator — top-level > matches snapshot for seed 42 1`] = `
{
  "header": "Translates into logic as:",
  "id": 14,
  "logicType": "Belief",
  "name": "Set N",
  "slugs": [
    "belief",
    "translations",
  ],
  "subSets": [
    {
      "description": "Translate claims about believing, not believing, and withholding belief into belief logic.",
      "header": "Translates into logic as:",
      "id": 14,
      "isNew": true,
      "logicType": "Belief",
      "name": "Set N",
      "questions": [
        {
          "answer": "",
          "correctId": [
            0,
          ],
          "id": "gen.N.7.0",
          "options": [
            {
              "id": 0,
              "label": "$ (x)x:OS\\underline{x} $",
            },
            {
              "hint": "‘Everyone believes that they ought to do A’ → \`(x)x:OA{x}\`. The outer (x) binds the believer, and the inner OA{x} says ‘you ought to do A’ for each x.
The outer believer is descriptive (each person sings), don’t underline the first x.",
              "id": 1,
              "label": "$ (x)\\underline{x}:OS\\underline{x} $",
            },
            {
              "hint": "‘Everyone believes that they ought to do A’ → \`(x)x:OA{x}\`. The outer (x) binds the believer, and the inner OA{x} says ‘you ought to do A’ for each x.
O scopes over a single imperative-believe wff, not the whole quantifier.",
              "id": 2,
              "label": "$ O(x)x:S\\underline{x} $",
            },
            {
              "hint": "‘Everyone believes that they ought to do A’ → \`(x)x:OA{x}\`. The outer (x) binds the believer, and the inner OA{x} says ‘you ought to do A’ for each x.
‘Ought’ uses \`O\`. Don’t drop it. The prompt says ‘ought to sing’.",
              "id": 3,
              "label": "$ (x)x:S\\underline{x} $",
            },
          ],
          "prompt": "Each person believes that they ought to sing.",
        },
        {
          "answer": "",
          "correctId": [
            0,
          ],
          "id": "gen.N.0.1",
          "options": [
            {
              "id": 0,
              "label": "$ u:B $",
            },
            {
              "hint": "Descriptive belief: ‘You believe that A’ → \`u:A\`. The lowercase u (NOT underlined) plus colon plus the wff.
Since the sentence DESCRIBES what you believe, the letter before ‘:’ should NOT be underlined.",
              "id": 1,
              "label": "$ \\underline{u}:B $",
            },
            {
              "hint": "Descriptive belief: ‘You believe that A’ → \`u:A\`. The lowercase u (NOT underlined) plus colon plus the wff.
That means ‘you believe B is FALSE’ — wrong polarity.",
              "id": 2,
              "label": "$ u:\\sim B $",
            },
            {
              "hint": "Descriptive belief: ‘You believe that A’ → \`u:A\`. The lowercase u (NOT underlined) plus colon plus the wff.
That means ‘you DON’T believe B’ — wrong polarity.",
              "id": 3,
              "label": "$ \\sim u:B $",
            },
          ],
          "prompt": "You take B to be true.",
        },
        {
          "answer": "",
          "correctId": [
            0,
          ],
          "id": "gen.N.0.2",
          "options": [
            {
              "id": 0,
              "label": "$ u:B $",
            },
            {
              "hint": "Descriptive belief: ‘You believe that A’ → \`u:A\`. The lowercase u (NOT underlined) plus colon plus the wff.
Since the sentence DESCRIBES what you believe, the letter before ‘:’ should NOT be underlined.",
              "id": 1,
              "label": "$ \\underline{u}:B $",
            },
            {
              "hint": "Descriptive belief: ‘You believe that A’ → \`u:A\`. The lowercase u (NOT underlined) plus colon plus the wff.
That means ‘you believe B is FALSE’ — wrong polarity.",
              "id": 2,
              "label": "$ u:\\sim B $",
            },
            {
              "hint": "Descriptive belief: ‘You believe that A’ → \`u:A\`. The lowercase u (NOT underlined) plus colon plus the wff.
That means ‘you DON’T believe B’ — wrong polarity.",
              "id": 3,
              "label": "$ \\sim u:B $",
            },
          ],
          "prompt": "You hold that B is true.",
        },
        {
          "answer": "",
          "correctId": [
            0,
          ],
          "id": "gen.N.1.3",
          "options": [
            {
              "id": 0,
              "label": "$ \\underline{u}:F $",
            },
            {
              "hint": "Imperative belief: ‘Believe A!’ → \`{u}:A\`. The u is UNDERLINED — the underline marks the imperative addressed to you.
Since the sentence TELLS what to believe, the letter before ‘:’ SHOULD be underlined.",
              "id": 1,
              "label": "$ u:F $",
            },
            {
              "hint": "Imperative belief: ‘Believe A!’ → \`{u}:A\`. The u is UNDERLINED — the underline marks the imperative addressed to you.
That commands believing F is FALSE — wrong polarity.",
              "id": 2,
              "label": "$ \\underline{u}:\\sim F $",
            },
            {
              "hint": "Imperative belief: ‘Believe A!’ → \`{u}:A\`. The u is UNDERLINED — the underline marks the imperative addressed to you.
The prompt doesn’t use ‘ought’ — drop the O. (Right now you’ve added an O to an imperative-believe wff.)",
              "id": 3,
              "label": "$ O\\underline{u}:F $",
            },
          ],
          "prompt": "Take F to be true.",
        },
        {
          "answer": "",
          "correctId": [
            0,
          ],
          "id": "gen.N.7.4",
          "options": [
            {
              "id": 0,
              "label": "$ (x)x:OG\\underline{x} $",
            },
            {
              "hint": "‘Everyone believes that they ought to do A’ → \`(x)x:OA{x}\`. The outer (x) binds the believer, and the inner OA{x} says ‘you ought to do A’ for each x.
The outer believer is descriptive (each person guesss), don’t underline the first x.",
              "id": 1,
              "label": "$ (x)\\underline{x}:OG\\underline{x} $",
            },
            {
              "hint": "‘Everyone believes that they ought to do A’ → \`(x)x:OA{x}\`. The outer (x) binds the believer, and the inner OA{x} says ‘you ought to do A’ for each x.
O scopes over a single imperative-believe wff, not the whole quantifier.",
              "id": 2,
              "label": "$ O(x)x:G\\underline{x} $",
            },
            {
              "hint": "‘Everyone believes that they ought to do A’ → \`(x)x:OA{x}\`. The outer (x) binds the believer, and the inner OA{x} says ‘you ought to do A’ for each x.
‘Ought’ uses \`O\`. Don’t drop it. The prompt says ‘ought to guess’.",
              "id": 3,
              "label": "$ (x)x:G\\underline{x} $",
            },
          ],
          "prompt": "Each person believes that they ought to guess.",
        },
        {
          "answer": "",
          "correctId": [
            0,
          ],
          "id": "gen.N.2.5",
          "options": [
            {
              "id": 0,
              "label": "$ \\sim \\underline{u}:H $",
            },
            {
              "hint": "‘You don’t believe A’ → \`∼u:A\`. Negation outside the colon. Different from ‘You believe not-A’ → \`u:∼A\`.
Negation scope: \`∼u:A\` (you don’t believe A) ≠ \`u:∼A\` (you believe not-A). Different positions of ‘∼’ mean different things. Here it’s the IMPERATIVE form.",
              "id": 1,
              "label": "$ \\underline{u}:\\sim H $",
            },
            {
              "hint": "‘You don’t believe A’ → \`∼u:A\`. Negation outside the colon. Different from ‘You believe not-A’ → \`u:∼A\`.
Since the sentence TELLS what to believe, the letter before ‘:’ SHOULD be underlined.",
              "id": 2,
              "label": "$ \\sim u:H $",
            },
            {
              "hint": "‘You don’t believe A’ → \`∼u:A\`. Negation outside the colon. Different from ‘You believe not-A’ → \`u:∼A\`.
That describes (you believe not-A) instead of telling (don’t believe A).",
              "id": 3,
              "label": "$ u:\\sim H $",
            },
          ],
          "prompt": "Refuse to believe H.",
        },
        {
          "answer": "",
          "correctId": [
            0,
          ],
          "id": "gen.N.7.6",
          "options": [
            {
              "id": 0,
              "label": "$ (x)x:OD\\underline{x} $",
            },
            {
              "hint": "‘Everyone believes that they ought to do A’ → \`(x)x:OA{x}\`. The outer (x) binds the believer, and the inner OA{x} says ‘you ought to do A’ for each x.
The outer believer is descriptive (each person despairs), don’t underline the first x.",
              "id": 1,
              "label": "$ (x)\\underline{x}:OD\\underline{x} $",
            },
            {
              "hint": "‘Everyone believes that they ought to do A’ → \`(x)x:OA{x}\`. The outer (x) binds the believer, and the inner OA{x} says ‘you ought to do A’ for each x.
O scopes over a single imperative-believe wff, not the whole quantifier.",
              "id": 2,
              "label": "$ O(x)x:D\\underline{x} $",
            },
            {
              "hint": "‘Everyone believes that they ought to do A’ → \`(x)x:OA{x}\`. The outer (x) binds the believer, and the inner OA{x} says ‘you ought to do A’ for each x.
‘Ought’ uses \`O\`. Don’t drop it. The prompt says ‘ought to despair’.",
              "id": 3,
              "label": "$ (x)x:D\\underline{x} $",
            },
          ],
          "prompt": "Everyone believes that they ought to despair.",
        },
        {
          "answer": "",
          "correctId": [
            0,
          ],
          "id": "gen.N.7.7",
          "options": [
            {
              "id": 0,
              "label": "$ (x)x:OS\\underline{x} $",
            },
            {
              "hint": "‘Everyone believes that they ought to do A’ → \`(x)x:OA{x}\`. The outer (x) binds the believer, and the inner OA{x} says ‘you ought to do A’ for each x.
The outer believer is descriptive (each person sleeps), don’t underline the first x.",
              "id": 1,
              "label": "$ (x)\\underline{x}:OS\\underline{x} $",
            },
            {
              "hint": "‘Everyone believes that they ought to do A’ → \`(x)x:OA{x}\`. The outer (x) binds the believer, and the inner OA{x} says ‘you ought to do A’ for each x.
O scopes over a single imperative-believe wff, not the whole quantifier.",
              "id": 2,
              "label": "$ O(x)x:S\\underline{x} $",
            },
            {
              "hint": "‘Everyone believes that they ought to do A’ → \`(x)x:OA{x}\`. The outer (x) binds the believer, and the inner OA{x} says ‘you ought to do A’ for each x.
‘Ought’ uses \`O\`. Don’t drop it. The prompt says ‘ought to sleep’.",
              "id": 3,
              "label": "$ (x)x:S\\underline{x} $",
            },
          ],
          "prompt": "Each person believes that they ought to sleep.",
        },
        {
          "answer": "",
          "correctId": [
            0,
          ],
          "id": "gen.N.3.8",
          "options": [
            {
              "id": 0,
              "label": "$ \\underline{u}:\\sim T $",
            },
            {
              "hint": "‘Believe that A is false’ → \`{u}:∼A\`. Underlined u (imperative) plus colon plus negated wff.
Since the sentence TELLS what to believe, the letter before ‘:’ SHOULD be underlined.",
              "id": 1,
              "label": "$ u:\\sim T $",
            },
            {
              "hint": "‘Believe that A is false’ → \`{u}:∼A\`. Underlined u (imperative) plus colon plus negated wff.
Negation scope: \`∼u:A\` (you don’t believe A) ≠ \`u:∼A\` (you believe not-A). Different positions of ‘∼’ mean different things. This commands DON’T-believe rather than believe-not.",
              "id": 2,
              "label": "$ \\sim \\underline{u}:T $",
            },
            {
              "hint": "‘Believe that A is false’ → \`{u}:∼A\`. Underlined u (imperative) plus colon plus negated wff.
You forgot the negation.",
              "id": 3,
              "label": "$ \\underline{u}:T $",
            },
          ],
          "prompt": "Take T to be false.",
        },
        {
          "answer": "",
          "correctId": [
            0,
          ],
          "id": "gen.N.4.9",
          "options": [
            {
              "id": 0,
              "label": "$ (\\sim u:Z \\cdot  \\sim u:\\sim Z) $",
            },
            {
              "hint": "‘You take no position on A’ → \`(∼u:A · ∼u:∼A)\`: you don’t believe A AND you don’t believe not-A.
That says ‘you don’t believe a contradiction’ — different claim. The original says you don’t believe Z AND don’t believe not-Z, as separate beliefs.",
              "id": 1,
              "label": "$ \\sim u:(Z \\cdot  \\sim Z) $",
            },
            {
              "hint": "‘You take no position on A’ → \`(∼u:A · ∼u:∼A)\`: you don’t believe A AND you don’t believe not-A.
Since the sentence DESCRIBES what you believe, the letter before ‘:’ should NOT be underlined.",
              "id": 2,
              "label": "$ (\\sim \\underline{u}:Z \\cdot  \\sim \\underline{u}:\\sim Z) $",
            },
            {
              "hint": "‘You take no position on A’ → \`(∼u:A · ∼u:∼A)\`: you don’t believe A AND you don’t believe not-A.
You inverted the negations — the prompt says you DON’T believe both.",
              "id": 3,
              "label": "$ (u:Z \\cdot  u:\\sim Z) $",
            },
          ],
          "prompt": "You don’t believe Z and you don’t believe not-Z.",
        },
      ],
      "shuffleOptions": true,
      "slugs": [
        "belief",
        "translations",
        "basic",
      ],
      "title": "Belief Translations: Believing",
    },
    {
      "description": "Translate wanting, resolving, and acting — the willing side of belief logic — into formulas.",
      "header": "Translates into logic as:",
      "id": 14,
      "isNew": true,
      "logicType": "Belief",
      "name": "Set N",
      "questions": [
        {
          "answer": "",
          "correctId": [
            0,
          ],
          "id": "gen.N.4.0",
          "options": [
            {
              "id": 0,
              "label": "$ \\sim (\\underline{u}:C\\underline{u} \\cdot  \\sim Cu) $",
            },
            {
              "hint": "‘Don’t combine wanting yourself to do A with not doing A’ → \`∼({u}:A{u} · ∼Au)\`. The first conjunct is your accepting the imperative to act; the second is your not actually doing it.
‘Don’t combine A with B’ is the don’t-combine form \`∼(A · B)\`, not the if-then \`(A ⊃ ∼B)\`.",
              "id": 1,
              "label": "$ (\\underline{u}:C\\underline{u} \\supset  Cu) $",
            },
            {
              "hint": "‘Don’t combine wanting yourself to do A with not doing A’ → \`∼({u}:A{u} · ∼Au)\`. The first conjunct is your accepting the imperative to act; the second is your not actually doing it.
The second conjunct is descriptive (you don’t actually conform) — don’t underline the u in Cu.",
              "id": 2,
              "label": "$ \\sim (\\underline{u}:C\\underline{u} \\cdot  \\sim C\\underline{u}) $",
            },
            {
              "hint": "‘Don’t combine wanting yourself to do A with not doing A’ → \`∼({u}:A{u} · ∼Au)\`. The first conjunct is your accepting the imperative to act; the second is your not actually doing it.
You forgot to underline the u — descriptive \`u:A\` and imperative \`{u}:A\` are different wffs. (The inner C{u} is imperative — what you’re wanting yourself to do.)",
              "id": 3,
              "label": "$ \\sim (\\underline{u}:Cu \\cdot  \\sim Cu) $",
            },
          ],
          "prompt": "Don’t combine wanting yourself to conform with not conforming.",
        },
        {
          "answer": "",
          "correctId": [
            0,
          ],
          "id": "gen.N.4.1",
          "options": [
            {
              "id": 0,
              "label": "$ \\sim (\\underline{u}:P\\underline{u} \\cdot  \\sim Pu) $",
            },
            {
              "hint": "‘Don’t combine wanting yourself to do A with not doing A’ → \`∼({u}:A{u} · ∼Au)\`. The first conjunct is your accepting the imperative to act; the second is your not actually doing it.
‘Don’t combine A with B’ is the don’t-combine form \`∼(A · B)\`, not the if-then \`(A ⊃ ∼B)\`.",
              "id": 1,
              "label": "$ (\\underline{u}:P\\underline{u} \\supset  Pu) $",
            },
            {
              "hint": "‘Don’t combine wanting yourself to do A with not doing A’ → \`∼({u}:A{u} · ∼Au)\`. The first conjunct is your accepting the imperative to act; the second is your not actually doing it.
The second conjunct is descriptive (you don’t actually pray) — don’t underline the u in Pu.",
              "id": 2,
              "label": "$ \\sim (\\underline{u}:P\\underline{u} \\cdot  \\sim P\\underline{u}) $",
            },
            {
              "hint": "‘Don’t combine wanting yourself to do A with not doing A’ → \`∼({u}:A{u} · ∼Au)\`. The first conjunct is your accepting the imperative to act; the second is your not actually doing it.
You forgot to underline the u — descriptive \`u:A\` and imperative \`{u}:A\` are different wffs. (The inner P{u} is imperative — what you’re wanting yourself to do.)",
              "id": 3,
              "label": "$ \\sim (\\underline{u}:Pu \\cdot  \\sim Pu) $",
            },
          ],
          "prompt": "Don’t want to pray without actually praying.",
        },
        {
          "answer": "",
          "correctId": [
            0,
          ],
          "id": "gen.N.2.2",
          "options": [
            {
              "id": 0,
              "label": "$ \\underline{u}:(x)S\\underline{x} $",
            },
            {
              "hint": "‘You want everyone to do A’ → \`u:(x)A{x}\`. Outer u: is descriptive (you do want this); inner (x)A{x} is the universal imperative ‘let everyone do A’.
Since the sentence TELLS what to believe, the letter before ‘:’ SHOULD be underlined. (Outer u: is imperative — the prompt is a command to want.)",
              "id": 1,
              "label": "$ u:(x)S\\underline{x} $",
            },
            {
              "hint": "‘You want everyone to do A’ → \`u:(x)A{x}\`. Outer u: is descriptive (you do want this); inner (x)A{x} is the universal imperative ‘let everyone do A’.
You forgot to underline the x — descriptive \`u:A\` and imperative \`{u}:A\` are different wffs. (The inner Sx is also imperative.)",
              "id": 2,
              "label": "$ \\underline{u}:(x)Sx $",
            },
            {
              "hint": "‘You want everyone to do A’ → \`u:(x)A{x}\`. Outer u: is descriptive (you do want this); inner (x)A{x} is the universal imperative ‘let everyone do A’.
‘Ought’ uses \`O\`. Don’t drop it. — wait, the prompt doesn’t say ‘ought’, just ‘want’. Drop the O.",
              "id": 3,
              "label": "$ O\\underline{u}:(x)S\\underline{x} $",
            },
          ],
          "prompt": "Would that everyone sleep.",
        },
        {
          "answer": "",
          "correctId": [
            0,
          ],
          "id": "gen.N.3.3",
          "options": [
            {
              "id": 0,
              "label": "$ (Au \\supset  u:S\\underline{u}) $",
            },
            {
              "hint": "‘You resolve to do A’ = ‘You accept the imperative for you to do A’ → \`u:A{u}\`. The outer u: is your accepting the imperative; the inner A{u} is the imperative addressed to you.
You forgot to underline the u — descriptive \`u:A\` and imperative \`{u}:A\` are different wffs. (The inner Su is the imperative ‘sing!’.)",
              "id": 1,
              "label": "$ (Au \\supset  u:Su) $",
            },
            {
              "hint": "‘You resolve to do A’ = ‘You accept the imperative for you to do A’ → \`u:A{u}\`. The outer u: is your accepting the imperative; the inner A{u} is the imperative addressed to you.
Since the sentence DESCRIBES what you believe, the letter before ‘:’ should NOT be underlined. (The antecedent ‘you ARE A’ describes — don’t underline.)",
              "id": 2,
              "label": "$ (A\\underline{u} \\supset  u:S\\underline{u}) $",
            },
            {
              "hint": "‘You resolve to do A’ = ‘You accept the imperative for you to do A’ → \`u:A{u}\`. The outer u: is your accepting the imperative; the inner A{u} is the imperative addressed to you.
Since the sentence DESCRIBES what you believe, the letter before ‘:’ should NOT be underlined. (Outer u: is descriptive — you DO resolve, you’re not commanded to.)",
              "id": 3,
              "label": "$ (Au \\supset  \\underline{u}:S\\underline{u}) $",
            },
          ],
          "prompt": "If you are A, you commit yourself to sing.",
        },
        {
          "answer": "",
          "correctId": [
            0,
          ],
          "id": "gen.N.4.4",
          "options": [
            {
              "id": 0,
              "label": "$ \\sim (\\underline{u}:F\\underline{u} \\cdot  \\sim Fu) $",
            },
            {
              "hint": "‘Don’t combine wanting yourself to do A with not doing A’ → \`∼({u}:A{u} · ∼Au)\`. The first conjunct is your accepting the imperative to act; the second is your not actually doing it.
‘Don’t combine A with B’ is the don’t-combine form \`∼(A · B)\`, not the if-then \`(A ⊃ ∼B)\`.",
              "id": 1,
              "label": "$ (\\underline{u}:F\\underline{u} \\supset  Fu) $",
            },
            {
              "hint": "‘Don’t combine wanting yourself to do A with not doing A’ → \`∼({u}:A{u} · ∼Au)\`. The first conjunct is your accepting the imperative to act; the second is your not actually doing it.
The second conjunct is descriptive (you don’t actually forfeit) — don’t underline the u in Fu.",
              "id": 2,
              "label": "$ \\sim (\\underline{u}:F\\underline{u} \\cdot  \\sim F\\underline{u}) $",
            },
            {
              "hint": "‘Don’t combine wanting yourself to do A with not doing A’ → \`∼({u}:A{u} · ∼Au)\`. The first conjunct is your accepting the imperative to act; the second is your not actually doing it.
You forgot to underline the u — descriptive \`u:A\` and imperative \`{u}:A\` are different wffs. (The inner F{u} is imperative — what you’re wanting yourself to do.)",
              "id": 3,
              "label": "$ \\sim (\\underline{u}:Fu \\cdot  \\sim Fu) $",
            },
          ],
          "prompt": "Don’t combine wanting yourself to forfeit with not forfeiting.",
        },
        {
          "answer": "",
          "correctId": [
            0,
          ],
          "id": "gen.N.2.5",
          "options": [
            {
              "id": 0,
              "label": "$ \\underline{u}:(x)P\\underline{x} $",
            },
            {
              "hint": "‘You want everyone to do A’ → \`u:(x)A{x}\`. Outer u: is descriptive (you do want this); inner (x)A{x} is the universal imperative ‘let everyone do A’.
Since the sentence TELLS what to believe, the letter before ‘:’ SHOULD be underlined. (Outer u: is imperative — the prompt is a command to want.)",
              "id": 1,
              "label": "$ u:(x)P\\underline{x} $",
            },
            {
              "hint": "‘You want everyone to do A’ → \`u:(x)A{x}\`. Outer u: is descriptive (you do want this); inner (x)A{x} is the universal imperative ‘let everyone do A’.
You forgot to underline the x — descriptive \`u:A\` and imperative \`{u}:A\` are different wffs. (The inner Px is also imperative.)",
              "id": 2,
              "label": "$ \\underline{u}:(x)Px $",
            },
            {
              "hint": "‘You want everyone to do A’ → \`u:(x)A{x}\`. Outer u: is descriptive (you do want this); inner (x)A{x} is the universal imperative ‘let everyone do A’.
‘Ought’ uses \`O\`. Don’t drop it. — wait, the prompt doesn’t say ‘ought’, just ‘want’. Drop the O.",
              "id": 3,
              "label": "$ O\\underline{u}:(x)P\\underline{x} $",
            },
          ],
          "prompt": "Would that everyone pray.",
        },
        {
          "answer": "",
          "correctId": [
            0,
          ],
          "id": "gen.N.2.6",
          "options": [
            {
              "id": 0,
              "label": "$ \\underline{u}:(x)S\\underline{x} $",
            },
            {
              "hint": "‘You want everyone to do A’ → \`u:(x)A{x}\`. Outer u: is descriptive (you do want this); inner (x)A{x} is the universal imperative ‘let everyone do A’.
Since the sentence TELLS what to believe, the letter before ‘:’ SHOULD be underlined. (Outer u: is imperative — the prompt is a command to want.)",
              "id": 1,
              "label": "$ u:(x)S\\underline{x} $",
            },
            {
              "hint": "‘You want everyone to do A’ → \`u:(x)A{x}\`. Outer u: is descriptive (you do want this); inner (x)A{x} is the universal imperative ‘let everyone do A’.
You forgot to underline the x — descriptive \`u:A\` and imperative \`{u}:A\` are different wffs. (The inner Sx is also imperative.)",
              "id": 2,
              "label": "$ \\underline{u}:(x)Sx $",
            },
            {
              "hint": "‘You want everyone to do A’ → \`u:(x)A{x}\`. Outer u: is descriptive (you do want this); inner (x)A{x} is the universal imperative ‘let everyone do A’.
‘Ought’ uses \`O\`. Don’t drop it. — wait, the prompt doesn’t say ‘ought’, just ‘want’. Drop the O.",
              "id": 3,
              "label": "$ O\\underline{u}:(x)S\\underline{x} $",
            },
          ],
          "prompt": "Want everyone to steal.",
        },
        {
          "answer": "",
          "correctId": [
            0,
          ],
          "id": "gen.N.4.7",
          "options": [
            {
              "id": 0,
              "label": "$ \\sim (\\underline{u}:I\\underline{u} \\cdot  \\sim Iu) $",
            },
            {
              "hint": "‘Don’t combine wanting yourself to do A with not doing A’ → \`∼({u}:A{u} · ∼Au)\`. The first conjunct is your accepting the imperative to act; the second is your not actually doing it.
‘Don’t combine A with B’ is the don’t-combine form \`∼(A · B)\`, not the if-then \`(A ⊃ ∼B)\`.",
              "id": 1,
              "label": "$ (\\underline{u}:I\\underline{u} \\supset  Iu) $",
            },
            {
              "hint": "‘Don’t combine wanting yourself to do A with not doing A’ → \`∼({u}:A{u} · ∼Au)\`. The first conjunct is your accepting the imperative to act; the second is your not actually doing it.
The second conjunct is descriptive (you don’t actually invest) — don’t underline the u in Iu.",
              "id": 2,
              "label": "$ \\sim (\\underline{u}:I\\underline{u} \\cdot  \\sim I\\underline{u}) $",
            },
            {
              "hint": "‘Don’t combine wanting yourself to do A with not doing A’ → \`∼({u}:A{u} · ∼Au)\`. The first conjunct is your accepting the imperative to act; the second is your not actually doing it.
You forgot to underline the u — descriptive \`u:A\` and imperative \`{u}:A\` are different wffs. (The inner I{u} is imperative — what you’re wanting yourself to do.)",
              "id": 3,
              "label": "$ \\sim (\\underline{u}:Iu \\cdot  \\sim Iu) $",
            },
          ],
          "prompt": "Don’t want to invest without actually investing.",
        },
        {
          "answer": "",
          "correctId": [
            0,
          ],
          "id": "gen.N.4.8",
          "options": [
            {
              "id": 0,
              "label": "$ \\sim (\\underline{u}:G\\underline{u} \\cdot  \\sim Gu) $",
            },
            {
              "hint": "‘Don’t combine wanting yourself to do A with not doing A’ → \`∼({u}:A{u} · ∼Au)\`. The first conjunct is your accepting the imperative to act; the second is your not actually doing it.
‘Don’t combine A with B’ is the don’t-combine form \`∼(A · B)\`, not the if-then \`(A ⊃ ∼B)\`.",
              "id": 1,
              "label": "$ (\\underline{u}:G\\underline{u} \\supset  Gu) $",
            },
            {
              "hint": "‘Don’t combine wanting yourself to do A with not doing A’ → \`∼({u}:A{u} · ∼Au)\`. The first conjunct is your accepting the imperative to act; the second is your not actually doing it.
The second conjunct is descriptive (you don’t actually groan) — don’t underline the u in Gu.",
              "id": 2,
              "label": "$ \\sim (\\underline{u}:G\\underline{u} \\cdot  \\sim G\\underline{u}) $",
            },
            {
              "hint": "‘Don’t combine wanting yourself to do A with not doing A’ → \`∼({u}:A{u} · ∼Au)\`. The first conjunct is your accepting the imperative to act; the second is your not actually doing it.
You forgot to underline the u — descriptive \`u:A\` and imperative \`{u}:A\` are different wffs. (The inner G{u} is imperative — what you’re wanting yourself to do.)",
              "id": 3,
              "label": "$ \\sim (\\underline{u}:Gu \\cdot  \\sim Gu) $",
            },
          ],
          "prompt": "Don’t both want yourself to groan and fail to groan.",
        },
        {
          "answer": "",
          "correctId": [
            0,
          ],
          "id": "gen.N.2.9",
          "options": [
            {
              "id": 0,
              "label": "$ \\underline{u}:(x)P\\underline{x} $",
            },
            {
              "hint": "‘You want everyone to do A’ → \`u:(x)A{x}\`. Outer u: is descriptive (you do want this); inner (x)A{x} is the universal imperative ‘let everyone do A’.
Since the sentence TELLS what to believe, the letter before ‘:’ SHOULD be underlined. (Outer u: is imperative — the prompt is a command to want.)",
              "id": 1,
              "label": "$ u:(x)P\\underline{x} $",
            },
            {
              "hint": "‘You want everyone to do A’ → \`u:(x)A{x}\`. Outer u: is descriptive (you do want this); inner (x)A{x} is the universal imperative ‘let everyone do A’.
You forgot to underline the x — descriptive \`u:A\` and imperative \`{u}:A\` are different wffs. (The inner Px is also imperative.)",
              "id": 2,
              "label": "$ \\underline{u}:(x)Px $",
            },
            {
              "hint": "‘You want everyone to do A’ → \`u:(x)A{x}\`. Outer u: is descriptive (you do want this); inner (x)A{x} is the universal imperative ‘let everyone do A’.
‘Ought’ uses \`O\`. Don’t drop it. — wait, the prompt doesn’t say ‘ought’, just ‘want’. Drop the O.",
              "id": 3,
              "label": "$ O\\underline{u}:(x)P\\underline{x} $",
            },
          ],
          "prompt": "Want everyone to pray.",
        },
      ],
      "shuffleOptions": true,
      "slugs": [
        "belief",
        "translations",
        "willing",
      ],
      "title": "Belief Translations: Willing",
    },
    {
      "description": "Translate what is evident, reasonable, and rational to believe into belief-logic formulas.",
      "header": "Translates into logic as:",
      "id": 14,
      "isNew": true,
      "logicType": "Belief",
      "name": "Set N",
      "questions": [
        {
          "answer": "",
          "correctId": [
            0,
          ],
          "id": "gen.N.0.0",
          "options": [
            {
              "id": 0,
              "label": "$ O\\underline{u}:W $",
            },
            {
              "hint": "‘You ought to believe A’ / ‘A is evident to you’ → \`O{u}:A\`. The O attaches to the imperative-believe wff; cannot attach to descriptive \`u:A\`.
‘O’ must attach to an imperative wff — write \`O{u}:A\`, not \`Ou:A\`.",
              "id": 1,
              "label": "$ Ou:W $",
            },
            {
              "hint": "‘You ought to believe A’ / ‘A is evident to you’ → \`O{u}:A\`. The O attaches to the imperative-believe wff; cannot attach to descriptive \`u:A\`.
Wrong scope — O attaches to the BELIEF wff, not to the inner proposition.",
              "id": 2,
              "label": "$ \\underline{u}:OW $",
            },
            {
              "hint": "‘You ought to believe A’ / ‘A is evident to you’ → \`O{u}:A\`. The O attaches to the imperative-believe wff; cannot attach to descriptive \`u:A\`.
You dropped the believer — \`OW\` is ‘W is obligatory’, not ‘you ought to believe W’.",
              "id": 3,
              "label": "$ OW $",
            },
          ],
          "prompt": "W is evident to you.",
        },
        {
          "answer": "",
          "correctId": [
            0,
          ],
          "id": "gen.N.2.1",
          "options": [
            {
              "id": 0,
              "label": "$ \\sim R\\underline{u}:K $",
            },
            {
              "hint": "‘It would be unreasonable for you to believe A’ → \`∼R{u}:A\` (= \`O∼{u}:A\`). Saying it’s NOT permissible to believe.
Wrong scope — ‘unreasonable’ negates R (NOT permissible to believe), not the believing.",
              "id": 1,
              "label": "$ R\\sim \\underline{u}:K $",
            },
            {
              "hint": "‘It would be unreasonable for you to believe A’ → \`∼R{u}:A\` (= \`O∼{u}:A\`). Saying it’s NOT permissible to believe.
‘R’ must attach to an imperative wff — write \`R{u}:A\`, not \`Ru:A\`.",
              "id": 2,
              "label": "$ \\sim Ru:K $",
            },
            {
              "hint": "‘It would be unreasonable for you to believe A’ → \`∼R{u}:A\` (= \`O∼{u}:A\`). Saying it’s NOT permissible to believe.
That says ‘you ought to believe NOT-A’ — different claim. ‘Unreasonable to believe A’ doesn’t entail ‘ought to believe not-A’.",
              "id": 3,
              "label": "$ O\\underline{u}:\\sim K $",
            },
          ],
          "prompt": "It’s unreasonable for you to believe K.",
        },
        {
          "answer": "",
          "correctId": [
            0,
          ],
          "id": "gen.N.0.2",
          "options": [
            {
              "id": 0,
              "label": "$ O\\underline{u}:Q $",
            },
            {
              "hint": "‘You ought to believe A’ / ‘A is evident to you’ → \`O{u}:A\`. The O attaches to the imperative-believe wff; cannot attach to descriptive \`u:A\`.
‘O’ must attach to an imperative wff — write \`O{u}:A\`, not \`Ou:A\`.",
              "id": 1,
              "label": "$ Ou:Q $",
            },
            {
              "hint": "‘You ought to believe A’ / ‘A is evident to you’ → \`O{u}:A\`. The O attaches to the imperative-believe wff; cannot attach to descriptive \`u:A\`.
Wrong scope — O attaches to the BELIEF wff, not to the inner proposition.",
              "id": 2,
              "label": "$ \\underline{u}:OQ $",
            },
            {
              "hint": "‘You ought to believe A’ / ‘A is evident to you’ → \`O{u}:A\`. The O attaches to the imperative-believe wff; cannot attach to descriptive \`u:A\`.
You dropped the believer — \`OQ\` is ‘Q is obligatory’, not ‘you ought to believe Q’.",
              "id": 3,
              "label": "$ OQ $",
            },
          ],
          "prompt": "It’s evident to you that Q is true.",
        },
        {
          "answer": "",
          "correctId": [
            0,
          ],
          "id": "gen.N.5.3",
          "options": [
            {
              "id": 0,
              "label": "$ O\\sim (\\underline{u}:P \\cdot  \\underline{u}:\\sim P) $",
            },
            {
              "hint": "‘You ought not to combine believing A with believing not-A’ → \`O∼({u}:A · {u}:∼A)\`. The O wraps the negation of the conjunction.
Use ONE O outside the negated conjunction; ‘ought not to (do both)’, not ‘ought not to do A AND ought not to do not-A’.",
              "id": 1,
              "label": "$ (O\\sim \\underline{u}:P \\cdot  O\\sim \\underline{u}:\\sim P) $",
            },
            {
              "hint": "‘You ought not to combine believing A with believing not-A’ → \`O∼({u}:A · {u}:∼A)\`. The O wraps the negation of the conjunction.
Wrong scope — \`∼O…\` says ‘not obligatory to combine’; the prompt says ‘ought not to combine’ which is \`O∼…\`.",
              "id": 2,
              "label": "$ \\sim O(\\underline{u}:P \\cdot  \\underline{u}:\\sim P) $",
            },
            {
              "hint": "‘You ought not to combine believing A with believing not-A’ → \`O∼({u}:A · {u}:∼A)\`. The O wraps the negation of the conjunction.
‘O’ must attach to an imperative wff — write \`O{u}:A\`, not \`Ou:A\`. (The inner believing here is what you’re obligated NOT to do — imperative.)",
              "id": 3,
              "label": "$ O\\sim (u:P \\cdot  u:\\sim P) $",
            },
          ],
          "prompt": "It’s wrong to combine believing P with believing not-P.",
        },
        {
          "answer": "",
          "correctId": [
            0,
          ],
          "id": "gen.N.2.4",
          "options": [
            {
              "id": 0,
              "label": "$ \\sim R\\underline{u}:C $",
            },
            {
              "hint": "‘It would be unreasonable for you to believe A’ → \`∼R{u}:A\` (= \`O∼{u}:A\`). Saying it’s NOT permissible to believe.
Wrong scope — ‘unreasonable’ negates R (NOT permissible to believe), not the believing.",
              "id": 1,
              "label": "$ R\\sim \\underline{u}:C $",
            },
            {
              "hint": "‘It would be unreasonable for you to believe A’ → \`∼R{u}:A\` (= \`O∼{u}:A\`). Saying it’s NOT permissible to believe.
‘R’ must attach to an imperative wff — write \`R{u}:A\`, not \`Ru:A\`.",
              "id": 2,
              "label": "$ \\sim Ru:C $",
            },
            {
              "hint": "‘It would be unreasonable for you to believe A’ → \`∼R{u}:A\` (= \`O∼{u}:A\`). Saying it’s NOT permissible to believe.
That says ‘you ought to believe NOT-A’ — different claim. ‘Unreasonable to believe A’ doesn’t entail ‘ought to believe not-A’.",
              "id": 3,
              "label": "$ O\\underline{u}:\\sim C $",
            },
          ],
          "prompt": "Believing C is unreasonable for you.",
        },
        {
          "answer": "",
          "correctId": [
            0,
          ],
          "id": "gen.N.6.5",
          "options": [
            {
              "id": 0,
              "label": "$ (O\\underline{u}:N \\cdot  N \\cdot  u:N) $",
            },
            {
              "hint": "Gensler’s knowledge-as-evident-true-belief: “you know A” ≈ \`(O{u}:A · A · u:A)\` — A is evident to you, A is true, AND you actually believe A.
You dropped the truth condition — knowledge requires that N actually be true.",
              "id": 1,
              "label": "$ (O\\underline{u}:N \\cdot  u:N) $",
            },
            {
              "hint": "Gensler’s knowledge-as-evident-true-belief: “you know A” ≈ \`(O{u}:A · A · u:A)\` — A is evident to you, A is true, AND you actually believe A.
You dropped the evidence condition — true belief alone isn’t knowledge per Gensler §13.5.",
              "id": 2,
              "label": "$ (N \\cdot  u:N) $",
            },
            {
              "hint": "Gensler’s knowledge-as-evident-true-belief: “you know A” ≈ \`(O{u}:A · A · u:A)\` — A is evident to you, A is true, AND you actually believe A.
Evidence alone isn’t knowledge — you also need N to be true and you to actually believe N.",
              "id": 3,
              "label": "$ O\\underline{u}:N $",
            },
          ],
          "prompt": "You have knowledge that N is true.",
        },
        {
          "answer": "",
          "correctId": [
            0,
          ],
          "id": "gen.N.1.6",
          "options": [
            {
              "id": 0,
              "label": "$ R\\underline{u}:W $",
            },
            {
              "hint": "‘A is reasonable for you to believe’ → \`R{u}:A\`. R is the deontic permission operator; like O, it attaches only to imperative wffs.
‘R’ must attach to an imperative wff — write \`R{u}:A\`, not \`Ru:A\`.",
              "id": 1,
              "label": "$ Ru:W $",
            },
            {
              "hint": "‘A is reasonable for you to believe’ → \`R{u}:A\`. R is the deontic permission operator; like O, it attaches only to imperative wffs.
Wrong operator — ‘reasonable’ is \`R\`, ‘ought’ is \`O\`. ‘Reasonable’ is weaker.",
              "id": 2,
              "label": "$ O\\underline{u}:W $",
            },
            {
              "hint": "‘A is reasonable for you to believe’ → \`R{u}:A\`. R is the deontic permission operator; like O, it attaches only to imperative wffs.
Wrong scope — R attaches to the BELIEF wff, not to the inner proposition.",
              "id": 3,
              "label": "$ \\underline{u}:RW $",
            },
          ],
          "prompt": "W is reasonable for you to believe.",
        },
        {
          "answer": "",
          "correctId": [
            0,
          ],
          "id": "gen.N.5.7",
          "options": [
            {
              "id": 0,
              "label": "$ O\\sim (\\underline{u}:T \\cdot  \\underline{u}:\\sim T) $",
            },
            {
              "hint": "‘You ought not to combine believing A with believing not-A’ → \`O∼({u}:A · {u}:∼A)\`. The O wraps the negation of the conjunction.
Use ONE O outside the negated conjunction; ‘ought not to (do both)’, not ‘ought not to do A AND ought not to do not-A’.",
              "id": 1,
              "label": "$ (O\\sim \\underline{u}:T \\cdot  O\\sim \\underline{u}:\\sim T) $",
            },
            {
              "hint": "‘You ought not to combine believing A with believing not-A’ → \`O∼({u}:A · {u}:∼A)\`. The O wraps the negation of the conjunction.
Wrong scope — \`∼O…\` says ‘not obligatory to combine’; the prompt says ‘ought not to combine’ which is \`O∼…\`.",
              "id": 2,
              "label": "$ \\sim O(\\underline{u}:T \\cdot  \\underline{u}:\\sim T) $",
            },
            {
              "hint": "‘You ought not to combine believing A with believing not-A’ → \`O∼({u}:A · {u}:∼A)\`. The O wraps the negation of the conjunction.
‘O’ must attach to an imperative wff — write \`O{u}:A\`, not \`Ou:A\`. (The inner believing here is what you’re obligated NOT to do — imperative.)",
              "id": 3,
              "label": "$ O\\sim (u:T \\cdot  u:\\sim T) $",
            },
          ],
          "prompt": "It’s wrong to combine believing T with believing not-T.",
        },
        {
          "answer": "",
          "correctId": [
            0,
          ],
          "id": "gen.N.2.8",
          "options": [
            {
              "id": 0,
              "label": "$ \\sim R\\underline{u}:F $",
            },
            {
              "hint": "‘It would be unreasonable for you to believe A’ → \`∼R{u}:A\` (= \`O∼{u}:A\`). Saying it’s NOT permissible to believe.
Wrong scope — ‘unreasonable’ negates R (NOT permissible to believe), not the believing.",
              "id": 1,
              "label": "$ R\\sim \\underline{u}:F $",
            },
            {
              "hint": "‘It would be unreasonable for you to believe A’ → \`∼R{u}:A\` (= \`O∼{u}:A\`). Saying it’s NOT permissible to believe.
‘R’ must attach to an imperative wff — write \`R{u}:A\`, not \`Ru:A\`.",
              "id": 2,
              "label": "$ \\sim Ru:F $",
            },
            {
              "hint": "‘It would be unreasonable for you to believe A’ → \`∼R{u}:A\` (= \`O∼{u}:A\`). Saying it’s NOT permissible to believe.
That says ‘you ought to believe NOT-A’ — different claim. ‘Unreasonable to believe A’ doesn’t entail ‘ought to believe not-A’.",
              "id": 3,
              "label": "$ O\\underline{u}:\\sim F $",
            },
          ],
          "prompt": "It’s rationally impermissible for you to believe F.",
        },
        {
          "answer": "",
          "correctId": [
            0,
          ],
          "id": "gen.N.0.9",
          "options": [
            {
              "id": 0,
              "label": "$ O\\underline{u}:K $",
            },
            {
              "hint": "‘You ought to believe A’ / ‘A is evident to you’ → \`O{u}:A\`. The O attaches to the imperative-believe wff; cannot attach to descriptive \`u:A\`.
‘O’ must attach to an imperative wff — write \`O{u}:A\`, not \`Ou:A\`.",
              "id": 1,
              "label": "$ Ou:K $",
            },
            {
              "hint": "‘You ought to believe A’ / ‘A is evident to you’ → \`O{u}:A\`. The O attaches to the imperative-believe wff; cannot attach to descriptive \`u:A\`.
Wrong scope — O attaches to the BELIEF wff, not to the inner proposition.",
              "id": 2,
              "label": "$ \\underline{u}:OK $",
            },
            {
              "hint": "‘You ought to believe A’ / ‘A is evident to you’ → \`O{u}:A\`. The O attaches to the imperative-believe wff; cannot attach to descriptive \`u:A\`.
You dropped the believer — \`OK\` is ‘K is obligatory’, not ‘you ought to believe K’.",
              "id": 3,
              "label": "$ OK $",
            },
          ],
          "prompt": "You ought to believe that K is true.",
        },
      ],
      "shuffleOptions": true,
      "slugs": [
        "belief",
        "translations",
        "rationality",
      ],
      "title": "Belief Translations: Rationality",
    },
  ],
  "title": "Belief",
}
`;
